Archive member included because of file (symbol)

./../Platform/ServalPAL_WiFi/debug/libServalPalWifi_efm32_debug.a(PAL_ip_cc.o)
                              C:/XDK-Workbench/workspace/SendDataOverUdp/debug/objects/SendDataOverUdp.o (Ip_convertAddrToString)
./../Platform/ServalPAL_WiFi/debug/libServalPalWifi_efm32_debug.a(CyaSslAdapter.o)
                              ./../Platform/ServalPAL_WiFi/debug/libServalPalWifi_efm32_debug.a(PAL_ip_cc.o) (Tcp_SecureClient_initialize)
./../Platform/ServalPAL_WiFi/debug/libServalPalWifi_efm32_debug.a(CyaSslCredentials.o)
                              ./../Platform/ServalPAL_WiFi/debug/libServalPalWifi_efm32_debug.a(CyaSslAdapter.o) (Tcp_SecureClient_credentials)
./../Platform/ServalPAL_WiFi/debug/libServalPalWifi_efm32_debug.a(CyaSslPALAdapter.o)
                              ./../Platform/ServalPAL_WiFi/debug/libServalPalWifi_efm32_debug.a(CyaSslAdapter.o) (CyaSslPALAdapter_initialize)
./../Platform/ServalPAL_WiFi/debug/libServalPalWifi_efm32_debug.a(PAL_clockRTOS_cc.o)
                              ./../Platform/ServalPAL_WiFi/debug/libServalPalWifi_efm32_debug.a(CyaSslPALAdapter.o) (Clock_getTime)
./../Platform/ServalPAL_WiFi/debug/libServalPalWifi_efm32_debug.a(PAL_commBuffer_cc.o)
                              ./../Platform/ServalPAL_WiFi/debug/libServalPalWifi_efm32_debug.a(CyaSslAdapter.o) (CommBuff_getPayload)
./../Platform/ServalPAL_WiFi/debug/libServalPalWifi_efm32_debug.a(PAL_socketMonitor_cc.o)
                              ./../Platform/ServalPAL_WiFi/debug/libServalPalWifi_efm32_debug.a(CyaSslAdapter.o) (PAL_queueCallBackEnQueue)
./../Platform/ServalPAL_WiFi/debug/libServalPalWifi_efm32_debug.a(PAL_tcp_cc.o)
                              ./../Platform/ServalPAL_WiFi/debug/libServalPalWifi_efm32_debug.a(CyaSslAdapter.o) (Tcp_isValidSocket)
./../Platform/ServalPAL_WiFi/debug/libServalPalWifi_efm32_debug.a(PAL_timerRTOS_cc.o)
                              ./../Platform/ServalPAL_WiFi/debug/libServalPalWifi_efm32_debug.a(CyaSslAdapter.o) (Timer_init)
./../Platform/ServalPAL_WiFi/debug/libServalPalWifi_efm32_debug.a(PAL_udp_cc.o)
                              ./../Platform/ServalPAL_WiFi/debug/libServalPalWifi_efm32_debug.a(CyaSslAdapter.o) (Udp_isEqualSocket)
./../Libraries/WiFi/TI/../BCDS_Customization/debug/libWifiLib_efm32_debug.a(netapp.o)
                              ./../Platform/ServalPAL_WiFi/debug/libServalPalWifi_efm32_debug.a(PAL_ip_cc.o) (sl_NetAppDnsGetHostByName)
./../Libraries/WiFi/TI/../BCDS_Customization/debug/libWifiLib_efm32_debug.a(netcfg.o)
                              ./../Platform/ServalPAL_WiFi/debug/libServalPalWifi_efm32_debug.a(PAL_udp_cc.o) (sl_NetCfgSet)
./../Libraries/WiFi/TI/../BCDS_Customization/debug/libWifiLib_efm32_debug.a(socket.o)
                              C:/XDK-Workbench/workspace/SendDataOverUdp/debug/objects/SendDataOverUdp.o (sl_Socket)
./../Libraries/WiFi/TI/../BCDS_Customization/debug/libWifiLib_efm32_debug.a(driver.o)
                              ./../Libraries/WiFi/TI/../BCDS_Customization/debug/libWifiLib_efm32_debug.a(netapp.o) (_SlDrvProtectAsyncRespSetting)
./../Libraries/WiFi/TI/../BCDS_Customization/debug/libWifiLib_efm32_debug.a(device.o)
                              ./../Libraries/WiFi/TI/../BCDS_Customization/debug/libWifiLib_efm32_debug.a(driver.o) (_sl_HandleAsync_Stop)
./../Platform/Wlan/debug/libWlan_efm32_debug.a(NetworkConfig.o)
                              ./../Libraries/WiFi/TI/../BCDS_Customization/debug/libWifiLib_efm32_debug.a(driver.o) (NetworkConfig_SlNetAppEvtHdlr)
./../Platform/Wlan/debug/libWlan_efm32_debug.a(WlanConnect.o)
                              ./../Libraries/WiFi/TI/../BCDS_Customization/debug/libWifiLib_efm32_debug.a(driver.o) (WlanConnect_SlGeneralEventHdlr)
./../Platform/Wlan/debug/libWlan_efm32_debug.a(WlanDriver.o)
                              ./../Platform/Wlan/debug/libWlan_efm32_debug.a(WlanConnect.o) (WlanDriver_Init)
./../Platform/Sensors/debug/libSensors_efm32_debug.a(Environmental.o)
                              C:/XDK-Workbench/workspace/SendDataOverUdp/debug/objects/Sensors.o (Environmental_init)
./../Platform/Sensors/debug/libSensors_efm32_debug.a(Gyroscope.o)
                              C:/XDK-Workbench/workspace/SendDataOverUdp/debug/objects/Sensors.o (Gyroscope_init)
./../Platform/Sensors/debug/libSensors_efm32_debug.a(Accelerometer.o)
                              C:/XDK-Workbench/workspace/SendDataOverUdp/debug/objects/Sensors.o (Accelerometer_init)
./../Platform/Sensors/debug/libSensors_efm32_debug.a(LightSensor.o)
                              C:/XDK-Workbench/workspace/SendDataOverUdp/debug/objects/Sensors.o (LightSensor_init)
./../Platform/Sensors/debug/libSensors_efm32_debug.a(Magnetometer.o)
                              C:/XDK-Workbench/workspace/SendDataOverUdp/debug/objects/Sensors.o (Magnetometer_init)
./../Platform/Sensors/debug/libSensors_efm32_debug.a(SensorErrorType.o)
[...]
Memory Configuration

Name             Origin             Length             Attributes
FLASH            0x00010000         0x000f0000         xr
RAM              0x20000000         0x00020000         xrw
*default*        0x00000000         0xffffffff

Linker script and memory map

LOAD c:/xdk-workbench/armgcc/bin/../lib/gcc/arm-none-eabi/4.7.4/armv7-m/crti.o
LOAD c:/xdk-workbench/armgcc/bin/../lib/gcc/arm-none-eabi/4.7.4/armv7-m/crtbegin.o
LOAD c:/xdk-workbench/armgcc/bin/../lib/gcc/arm-none-eabi/4.7.4/../../../../arm-none-eabi/lib/armv7-m/crt0.o
LOAD C:/XDK-Workbench/workspace/SendDataOverUdp/debug/objects/./../Platform/Utils/source/RSM_retargetStdioMessage/retargetio.o
LOAD C:/XDK-Workbench/workspace/SendDataOverUdp/debug/objects/./../Libraries/EMlib/EMLib/usb/src/em_usbdint.o
LOAD C:/XDK-Workbench/workspace/SendDataOverUdp/debug/objects/main.o
LOAD C:/XDK-Workbench/workspace/SendDataOverUdp/debug/objects/SendDataOverUdp.o
LOAD C:/XDK-Workbench/workspace/SendDataOverUdp/debug/objects/Sensors.o
LOAD C:/XDK-Workbench/workspace/SendDataOverUdp/debug/objects/startup_efm32gg.o
START GROUP
LOAD ./../Platform/SensorToolbox/release/libSensorToolbox.a
LOAD ./../Libraries/ServalStack/BCDS_Customization/release/libServalStack_efm32.a
LOAD ./../Libraries/Cyassl/BCDS_Customization/release/libCyassl_efm32.a
LOAD ./../Platform/ServalPAL_WiFi/debug/libServalPalWifi_efm32_debug.a
LOAD ./../Libraries/WiFi/TI/../BCDS_Customization/debug/libWifiLib_efm32_debug.a
LOAD ./../Platform/Wlan/debug/libWlan_efm32_debug.a
LOAD ./../Platform/MiscDrivers/debug/libMiscDrivers_efm32_debug.a
LOAD ./../Platform/BLE/debug/libBLE_efm32_debug.a
LOAD ./../Platform/Sensors/debug/libSensors_efm32_debug.a
LOAD ./../Platform/SensorUtils/debug/libSensorUtils_efm32_debug.a
LOAD ./../Libraries/FreeRTOS/FreeRTOS/../BCDS_Customization/debug/libFreeRTOS_efm32_debug.a
LOAD ./../Platform/Peripherals/debug/libPeripherals_efm32_debug.a
LOAD ./../Libraries/EMlib/EMLib/../BCDS_Customization/debug/libEMLib_efm32_debug.a
LOAD ./../Libraries/BSTLib/BST_Github/../BCDS_Customization/debug/libBSTLib_efm32_debug.a
LOAD C:/XDK-Workbench/SDK/xdk110/Common/../Common/debug/XDKCommon_efm32_debug.a
LOAD ./../Platform/Utils/debug/libUtils_efm32_debug.a
LOAD ./../Platform/Basics/debug/libBasics_efm32_debug.a
LOAD ./../Platform/SensorDrivers/debug/libSensorDrivers_efm32_debug.a
LOAD ./../Platform/Power/debug/libPOWER_efm32_debug.a
LOAD ./../Platform/SensorDrivers/debug/libSensorDrivers_efm32_debug.a
LOAD ./../Libraries/FATfs/BCDS_Customization/debug/libFATfs_efm32_debug.a
LOAD ./../Libraries/BLEStack/Alpwise/Core_Stack/Libraries/BLESW_CoreStack_CM3.a
LOAD ./../Libraries/BLEStack/Alpwise/Service/Data_Exchange_Service/Libraries/BLESW_ALPWDEP_Server_CM3.a
LOAD ./../Libraries/BLEStack/Alpwise/Core_Stack/Libraries/BLESW_ALPWDES_CM3.a
LOAD ./../Libraries/BLEStack/Alpwise/Service/BLESW_AlertNotification/Libraries/BLESW_ANP_Server_CM3.a
LOAD ./../Libraries/BLEStack/Alpwise/Core_Stack/Libraries/BLESW_ANS_CM3.a
LOAD ./../Libraries/BLEStack/Alpwise/Service/BLESW_BloodPressure/Libraries/BLESW_BLP_Sensor_CM3.a
LOAD ./../Libraries/BLEStack/Alpwise/Core_Stack/Libraries/BLESW_BLS_CM3.a
LOAD ./../Libraries/BLEStack/Alpwise/Service/BLESW_CyclingPower/Libraries/BLESW_CPP_Sensor_CM3.a
LOAD ./../Libraries/BLEStack/Alpwise/Core_Stack/Libraries/BLESW_CPS_CM3.a
LOAD ./../Libraries/BLEStack/Alpwise/Service/BLESW_CyclingSpeedAndCadence/Libraries/BLESW_CSCP_Sensor_CM3.a
LOAD ./../Libraries/BLEStack/Alpwise/Core_Stack/Libraries/BLESW_CSCS_CM3.a
LOAD ./../Libraries/BLEStack/Alpwise/Service/BLESW_Glucose/Libraries/BLESW_GLP_Sensor_CM3.a
LOAD ./../Libraries/BLEStack/Alpwise/Core_Stack/Libraries/BLESW_GLS_CM3.a
LOAD ./../Libraries/BLEStack/Alpwise/Service/BLESW_HealthThermometer/Libraries/BLESW_HTP_Thermometer_CM3.a
LOAD ./../Libraries/BLEStack/Alpwise/Core_Stack/Libraries/BLESW_HTS_CM3.a
LOAD ./../Libraries/BLEStack/Alpwise/Service/BLESW_HeartRate/Libraries/BLESW_HRP_Sensor_CM3.a
LOAD ./../Libraries/BLEStack/Alpwise/Core_Stack/Libraries/BLESW_HRS_CM3.a
LOAD ./../Libraries/BLEStack/Alpwise/Service/BLESW_HumanInterfaceDevice/Libraries/BLESW_HID_Host_CM3.a
LOAD ./../Libraries/BLEStack/Alpwise/Core_Stack/Libraries/BLESW_HIDS_CM3.a
LOAD ./../Libraries/BLEStack/Alpwise/Service/BLESW_LocationAndNavigation/Libraries/BLESW_LNP_Sensor_CM3.a
LOAD ./../Libraries/BLEStack/Alpwise/Core_Stack/Libraries/BLESW_LNS_CM3.a
LOAD ./../Libraries/BLEStack/Alpwise/Service/BLESW_NetworkAvailability/Libraries/BLESW_NWAP_Reporter_CM3.a
LOAD ./../Libraries/BLEStack/Alpwise/Core_Stack/Libraries/BLESW_NWAS_CM3.a
LOAD ./../Libraries/BLEStack/Alpwise/Service/BLESW_PhoneAlertStatus/Libraries/BLESW_PASP_Server_CM3.a
LOAD ./../Libraries/BLEStack/Alpwise/Core_Stack/Libraries/BLESW_PASS_CM3.a
LOAD ./../Libraries/BLEStack/Alpwise/Service/BLESW_RunningSpeedAndCadence/Libraries/BLESW_RSCP_Sensor_CM3.a
LOAD ./../Libraries/BLEStack/Alpwise/Core_Stack/Libraries/BLESW_RSCS_CM3.a
END GROUP
START GROUP
LOAD c:/xdk-workbench/armgcc/bin/../lib/gcc/arm-none-eabi/4.7.4/armv7-m\libgcc.a
LOAD c:/xdk-workbench/armgcc/bin/../lib/gcc/arm-none-eabi/4.7.4/../../../../arm-none-eabi/lib/armv7-m\libc.a
LOAD c:/xdk-workbench/armgcc/bin/../lib/gcc/arm-none-eabi/4.7.4/../../../../arm-none-eabi/lib/armv7-m\libm.a
END GROUP
START GROUP
LOAD c:/xdk-workbench/armgcc/bin/../lib/gcc/arm-none-eabi/4.7.4/armv7-m\libgcc.a
LOAD c:/xdk-workbench/armgcc/bin/../lib/gcc/arm-none-eabi/4.7.4/../../../../arm-none-eabi/lib/armv7-m\libc.a
END GROUP
LOAD c:/xdk-workbench/armgcc/bin/../lib/gcc/arm-none-eabi/4.7.4/armv7-m/crtend.o
LOAD c:/xdk-workbench/armgcc/bin/../lib/gcc/arm-none-eabi/4.7.4/armv7-m/crtn.o

.text           0x00010000    0x3ea9c
 *(.isr_vector)
 .isr_vector    0x00010000      0x100 C:/XDK-Workbench/workspace/SendDataOverUdp/debug/objects/startup_efm32gg.o
                0x00010000                __isr_vector
 *(.text*)
 .text          0x00010100       0x54 c:/xdk-workbench/armgcc/bin/../lib/gcc/arm-none-eabi/4.7.4/armv7-m/crtbegin.o
 .text          0x00010154       0x70 c:/xdk-workbench/armgcc/bin/../lib/gcc/arm-none-eabi/4.7.4/../../../../arm-none-eabi/lib/armv7-m/crt0.o
                0x00010154                _start
                0x00010154                _mainCRTStartup
                0x00010154                start
 .text._close   0x000101c4       0x18 C:/XDK-Workbench/workspace/SendDataOverUdp/debug/objects/./../Platform/Utils/source/RSM_retargetStdioMessage/retargetio.o
                0x000101c4                _close
 .text._exit    0x000101dc        0xc C:/XDK-Workbench/workspace/SendDataOverUdp/debug/objects/./../Platform/Utils/source/RSM_retargetStdioMessage/retargetio.o
                0x000101dc                _exit
 .text._fstat   0x000101e8       0x24 C:/XDK-Workbench/workspace/SendDataOverUdp/debug/objects/./../Platform/Utils/source/RSM_retargetStdioMessage/retargetio.o
                0x000101e8                _fstat
 .text._getpid  0x0001020c       0x10 C:/XDK-Workbench/workspace/SendDataOverUdp/debug/objects/./../Platform/Utils/source/RSM_retargetStdioMessage/retargetio.o
                0x0001020c                _getpid
 .text._isatty  0x0001021c       0x18 C:/XDK-Workbench/workspace/SendDataOverUdp/debug/objects/./../Platform/Utils/source/RSM_retargetStdioMessage/retargetio.o
                0x0001021c                _isatty
 .text._kill    0x00010234       0x1c C:/XDK-Workbench/workspace/SendDataOverUdp/debug/objects/./../Platform/Utils/source/RSM_retargetStdioMessage/retargetio.o
                0x00010234                _kill
 .text._lseek   0x00010250       0x1c C:/XDK-Workbench/workspace/SendDataOverUdp/debug/objects/./../Platform/Utils/source/RSM_retargetStdioMessage/retargetio.o
                0x00010250                _lseek
 .text._read    0x0001026c       0x70 C:/XDK-Workbench/workspace/SendDataOverUdp/debug/objects/./../Platform/Utils/source/RSM_retargetStdioMessage/retargetio.o
                0x0001026c                _read
 .text._sbrk    0x000102dc       0xa0 C:/XDK-Workbench/workspace/SendDataOverUdp/debug/objects/./../Platform/Utils/source/RSM_retargetStdioMessage/retargetio.o
                0x000102dc                _sbrk
 .text._write   0x0001037c       0x20 C:/XDK-Workbench/workspace/SendDataOverUdp/debug/objects/./../Platform/Utils/source/RSM_retargetStdioMessage/retargetio.o
                0x0001037c                _write
 .text.INT_Disable
                0x0001039c       0x40 C:/XDK-Workbench/workspace/SendDataOverUdp/debug/objects/./../Libraries/EMlib/EMLib/usb/src/em_usbdint.o
 .text.INT_Enable
                0x000103dc       0x54 C:/XDK-Workbench/workspace/SendDataOverUdp/debug/objects/./../Libraries/EMlib/EMLib/usb/src/em_usbdint.o
 .text.USBHAL_FlushTxFifo
                0x00010430       0x4c C:/XDK-Workbench/workspace/SendDataOverUdp/debug/objects/./../Libraries/EMlib/EMLib/usb/src/em_usbdint.o
 .text.USBHAL_GetCoreInts
                0x0001047c       0x40 C:/XDK-Workbench/workspace/SendDataOverUdp/debug/objects/./../Libraries/EMlib/EMLib/usb/src/em_usbdint.o
 .text.USBDHAL_EnableInts
                0x000104bc       0x70 C:/XDK-Workbench/workspace/SendDataOverUdp/debug/objects/./../Libraries/EMlib/EMLib/usb/src/em_usbdint.o
 .text.USBDHAL_Ep0Activate
                0x0001052c       0x70 C:/XDK-Workbench/workspace/SendDataOverUdp/debug/objects/./../Libraries/EMlib/EMLib/usb/src/em_usbdint.o
 .text.USBDHAL_GetAllInEpInts
                0x0001059c       0x48 C:/XDK-Workbench/workspace/SendDataOverUdp/debug/objects/./../Libraries/EMlib/EMLib/usb/src/em_usbdint.o
 .text.USBDHAL_GetAllOutEpInts
                0x000105e4       0x44 C:/XDK-Workbench/workspace/SendDataOverUdp/debug/objects/./../Libraries/EMlib/EMLib/usb/src/em_usbdint.o
 .text.USBDHAL_GetInEpInts
                0x00010628       0x44 C:/XDK-Workbench/workspace/SendDataOverUdp/debug/objects/./../Libraries/EMlib/EMLib/usb/src/em_usbdint.o
 .text.USBDHAL_GetOutEpInts
                0x0001066c       0x44 C:/XDK-Workbench/workspace/SendDataOverUdp/debug/objects/./../Libraries/EMlib/EMLib/usb/src/em_usbdint.o
 .text.USBDHAL_StartEp0Setup
                0x000106b0       0x88 C:/XDK-Workbench/workspace/SendDataOverUdp/debug/objects/./../Libraries/EMlib/EMLib/usb/src/em_usbdint.o
 .text.USBD_GetEpFromAddr
                0x00010738       0xa0 C:/XDK-Workbench/workspace/SendDataOverUdp/debug/objects/./../Libraries/EMlib/EMLib/usb/src/em_usbdint.o
 .text.USB_IRQHandler
                0x000107d8      0x16c C:/XDK-Workbench/workspace/SendDataOverUdp/debug/objects/./../Libraries/EMlib/EMLib/usb/src/em_usbdint.o
                0x000107d8                USB_IRQHandler
 .text.Handle_USB_GINTSTS_ENUMDONE
                0x00010944       0x3c C:/XDK-Workbench/workspace/SendDataOverUdp/debug/objects/./../Libraries/EMlib/EMLib/usb/src/em_usbdint.o
 .text.Handle_USB_GINTSTS_IEPINT
                0x00010980      0x118 C:/XDK-Workbench/workspace/SendDataOverUdp/debug/objects/./../Libraries/EMlib/EMLib/usb/src/em_usbdint.o
 .text.Handle_USB_GINTSTS_OEPINT
                0x00010a98      0x230 C:/XDK-Workbench/workspace/SendDataOverUdp/debug/objects/./../Libraries/EMlib/EMLib/usb/src/em_usbdint.o
 .text.Handle_USB_GINTSTS_RESETDET
                0x00010cc8       0x40 C:/XDK-Workbench/workspace/SendDataOverUdp/debug/objects/./../Libraries/EMlib/EMLib/usb/src/em_usbdint.o
 .text.Handle_USB_GINTSTS_SOF
                0x00010d08       0x64 C:/XDK-Workbench/workspace/SendDataOverUdp/debug/objects/./../Libraries/EMlib/EMLib/usb/src/em_usbdint.o
 .text.Handle_USB_GINTSTS_USBRST
                0x00010d6c      0x150 C:/XDK-Workbench/workspace/SendDataOverUdp/debug/objects/./../Libraries/EMlib/EMLib/usb/src/em_usbdint.o
 .text.Handle_USB_GINTSTS_USBSUSP
                0x00010ebc       0x68 C:/XDK-Workbench/workspace/SendDataOverUdp/debug/objects/./../Libraries/EMlib/EMLib/usb/src/em_usbdint.o
 .text.Handle_USB_GINTSTS_WKUPINT
                0x00010f24       0x30 C:/XDK-Workbench/workspace/SendDataOverUdp/debug/objects/./../Libraries/EMlib/EMLib/usb/src/em_usbdint.o
 .text.main     0x00010f54       0x10 C:/XDK-Workbench/workspace/SendDataOverUdp/debug/objects/main.o
                0x00010f54                main
 .text.init     0x00010f64      0x11c C:/XDK-Workbench/workspace/SendDataOverUdp/debug/objects/SendDataOverUdp.o
                0x00010f64                init
 .text.appInitSystem
                0x00011080       0x20 C:/XDK-Workbench/workspace/SendDataOverUdp/debug/objects/SendDataOverUdp.o
                0x00011080                appInitSystem
 .text.sampleAndStoreSensorData
                0x000110a0       0x50 C:/XDK-Workbench/workspace/SendDataOverUdp/debug/objects/SendDataOverUdp.o
 .text.bsdUdpClient
                0x000110f0      0x88c C:/XDK-Workbench/workspace/SendDataOverUdp/debug/objects/SendDataOverUdp.o
 .text.wifiSend
                0x0001197c       0x34 C:/XDK-Workbench/workspace/SendDataOverUdp/debug/objects/SendDataOverUdp.o
 .text.wifiConnectGetIP
                0x000119b0      0x19c C:/XDK-Workbench/workspace/SendDataOverUdp/debug/objects/SendDataOverUdp.o
 .text.GPIO_PinOutSet
                0x00011b4c       0x4c C:/XDK-Workbench/workspace/SendDataOverUdp/debug/objects/Sensors.o
 .text.printSensorError
                0x00011b98       0x94 C:/XDK-Workbench/workspace/SendDataOverUdp/debug/objects/Sensors.o
 .text.accelerometerSensorInit
                0x00011c2c       0x70 C:/XDK-Workbench/workspace/SendDataOverUdp/debug/objects/Sensors.o
                0x00011c2c                accelerometerSensorInit
 .text.readAccelerometerData
                0x00011c9c       0xe8 C:/XDK-Workbench/workspace/SendDataOverUdp/debug/objects/Sensors.o
                0x00011c9c                readAccelerometerData
 .text.gyroSensorInit
                0x00011d84       0x70 C:/XDK-Workbench/workspace/SendDataOverUdp/debug/objects/Sensors.o
                0x00011d84                gyroSensorInit
 .text.readGyroData
                0x00011df4       0xe4 C:/XDK-Workbench/workspace/SendDataOverUdp/debug/objects/Sensors.o
                0x00011df4                readGyroData
 .text.lightsensorInit
                0x00011ed8       0x88 C:/XDK-Workbench/workspace/SendDataOverUdp/debug/objects/Sensors.o
                0x00011ed8                lightsensorInit
 .text.setLightSensorRegisters
                0x00011f60       0x70 C:/XDK-Workbench/workspace/SendDataOverUdp/debug/objects/Sensors.o
 .text.readLightSensor
                0x00011fd0       0x74 C:/XDK-Workbench/workspace/SendDataOverUdp/debug/objects/Sensors.o
                0x00011fd0                readLightSensor
 .text.noiseSensorInit
                0x00012044       0x90 C:/XDK-Workbench/workspace/SendDataOverUdp/debug/objects/Sensors.o
                0x00012044                noiseSensorInit
 .text.readNoiseSensor
                0x000120d4      0x100 C:/XDK-Workbench/workspace/SendDataOverUdp/debug/objects/Sensors.o
                0x000120d4                readNoiseSensor
 .text.magnetometerSensorInit
                0x000121d4       0xc8 C:/XDK-Workbench/workspace/SendDataOverUdp/debug/objects/Sensors.o
                0x000121d4                magnetometerSensorInit
 .text.readMagnetometerSensor
                0x0001229c       0x88 C:/XDK-Workbench/workspace/SendDataOverUdp/debug/objects/Sensors.o
                0x0001229c                readMagnetometerSensor
 .text.environmentSensorInit
                0x00012324       0x70 C:/XDK-Workbench/workspace/SendDataOverUdp/debug/objects/Sensors.o
                0x00012324                environmentSensorInit
 .text.readEnvironmentSensor
                0x00012394       0x80 C:/XDK-Workbench/workspace/SendDataOverUdp/debug/objects/Sensors.o
                0x00012394                readEnvironmentSensor
 .text.orientationSensorInit
                0x00012414       0x70 C:/XDK-Workbench/workspace/SendDataOverUdp/debug/objects/Sensors.o
                0x00012414                orientationSensorInit
 .text          0x00012484       0x98 C:/XDK-Workbench/workspace/SendDataOverUdp/debug/objects/startup_efm32gg.o
                0x00012484                Reset_Handler
                0x000124b8                Default_Handler
                0x000124ba                NMI_Handler
                0x000124bc                HardFault_Handler
                0x000124be                MemManage_Handler
                0x000124c0                BusFault_Handler
                0x000124c2                UsageFault_Handler
                0x000124c6                DebugMon_Handler
                0x000124ca                SysTick_Handler
                0x000124d6                ACMP0_IRQHandler
                0x000124da                ADC0_IRQHandler
                0x000124dc                DAC0_IRQHandler
                0x000124e4                TIMER1_IRQHandler
                0x000124e6                TIMER2_IRQHandler
                0x000124e8                TIMER3_IRQHandler
                0x000124ee                LESENSE_IRQHandler
                0x00012500                LETIMER0_IRQHandler
                0x00012502                PCNT0_IRQHandler
                0x00012504                PCNT1_IRQHandler
                0x00012506                PCNT2_IRQHandler
                0x0001250a                BURTC_IRQHandler
                0x0001250c                CMU_IRQHandler
                0x0001250e                VCMP_IRQHandler
                0x00012510                LCD_IRQHandler
                0x00012512                MSC_IRQHandler
                0x00012514                AES_IRQHandler
                0x00012516                EBI_IRQHandler
                0x00012518                EMU_IRQHandler
 *fill*         0x0001251c        0x4 00
 .text          0x00012520    0x120bc ./../Platform/SensorToolbox/release/libSensorToolbox.a
                0x00012520                bsx_get_version
                0x00012534                bsx_reset
                0x00012538                bsx_dopreprocess
                0x00012704                bsx_docalibration
                0x00012b10                bsx_dousecase
                0x00012e28                bsx_dostep
                0x00012e3c                bsx_get_hwdependency
                0x00012f1c                bsx_get_calibrationcalltick
                0x00012f2c                bsx_get_usecasecalltick
                0x00012f3c                bsx_init_acc
                0x00013024                bsx_setAccSensorSpec
                0x00013034                bsx_set_accrange
                0x00013074                bsx_get_accrange
                0x00013084                bsx_set_accdatarate
                0x00013100                bsx_get_accdatarate
                0x00013110                bsx_set_acccalib_accuracythreshold
                0x0001311c                bsx_setAccConfiguration
                0x00013304                bsx_set_acccalibprofile
                0x00013334                bsx_get_acccalibprofile
                0x00013348                bsx_reset_acccalib
                0x00013354                bsx_set_stepdetectionopmode
                0x0001335c                bsx_get_accrawdata
                0x000133bc                bsx_get_accoffset
                0x000133f8                bsx_get_acccalibaccuracy
                0x000133fc                bsx_get_accoffsets_mg
                0x0001341c                bsx_get_acccordata
                0x0001344c                bsx_init_mag
                0x0001355c                bsx_setMagSensorSpec
                0x0001357c                bsx_set_magdatarate
                0x000135d0                bsx_get_magdatarate
                0x000135e0                bsx_setMagConfiguration
                0x00013834                bsx_set_magcalibprofile
                0x00013950                bsx_get_magcalibprofile
                0x00013b84                bsx_set_workingmode
                0x00014350                bsx_set_accdyn_distdetmode
                0x00014368                bsx_get_magrawdata
                0x00014398                bsx_get_magcordata
                0x000143c8                bsx_get_magcalibaccuracy
                0x00014428                bsx_init_gyro
                0x00014534                bsx_setGyroSensorSpec
                0x00014544                bsx_set_gyrodatarate
                0x00014590                bsx_setGyroConfiguration
                0x000147a4                bsx_set_gyrocalibprofile
                0x000147ec                bsx_get_gyrocalibprofile
                0x000148a8                bsx_get_gyrorawdata_rps
                0x0001490c                bsx_get_gyrocordata_rps
                0x00014970                bsx_get_gyrocalibaccuracy
                0x00014988                bsx_set_orientcoordinatesystem
                0x000149a0                bsx_get_orientdata_quat
                0x00014a1c                bsx_get_georotationvector_quat
                0x00014acc                bsx_get_geoheadingaccuracy_rad
                0x00014afc                bsx_get_orientdata_euler_rad
                0x00014b4c                bsx_get_orient_datastatus
                0x00014b68                bsx_get_headingaccuracy_rad
                0x00014b84                bsx_set_compass_accel_filternoise
                0x00014b98                bsx_set_compass_magnoise
                0x00014bac                bsx_set_compass_magfilterparam
                0x00014bbc                bsx_setCompassConfiguration
                0x00014d3c                bsx_get_significantmotiondetectionopmode
                0x00014d44                bsx_get_flipgesture_detecttime
                0x00014d50                bsx_set_flipgesture_detecttime
                0x00014d8c                bsx_setNdofConfiguration
                0x00014e3c                bsx_setUseCaseConfig
                0x00014e88                bsx_init_orient
                0x00014f88                bsx_init
                0x000152d0                bsx_calcorientaccuracy
                0x000152fc                bsx_copyBytefromMemory
                0x000153dc                bsx_crc
                0x00015490                genericaccspec_setSensorSpec
                0x00015640                genericaccspec_setRange
                0x000156b8                genericaccspec_setDatarate
                0x00015734                genericaccspec_setOpMode
                0x0001573c                genericaccspec_getNoiseFactor
                0x00015744                genericaccspec_getRange
                0x0001574c                genericaccspec_getOpMode
                0x00015754                genericaccspec_getDatarate
                0x0001575c                genericaccspec_getSensorRmsNoise
                0x0001576c                genericaccspec_getOffsetErr
                0x00015774                genericaccspec_getSensitivityErr
                0x0001577c                genericaccspec_getGVectorErrors
                0x00015790                genericaccspec_getNoise
                0x00015798                genericaccspec_getMaximumRange
                0x000157ac                genericaccspec_getMinDelay
                0x000157e8                genericaccspec_getName
                0x000157f0                genericaccspec_getPower
                0x00015800                genericaccspec_getResolution
                0x00015810                genericaccspec_getType
                0x00015818                genericaccspec_getVendor
                0x00015824                genericaccspec_getVersion
                0x00015830                GENERICCLOCKDOMAIN_GetVersion
                0x00015840                GENERICCLOCKDOMAIN_Init
                0x0001586c                GENERICCLOCKDOMAIN_Reset
                0x00015898                GENERICCLOCKDOMAIN_DoStep
                0x00015994                GENERICCLOCKDOMAIN_GetSystemProcessingTimerTick
                0x0001599c                GENERICCLOCKDOMAIN_GetCalibProcessingTimerTick
                0x000159a4                GENERICCLOCKDOMAIN_GetOrientProcessingTimerTick
                0x000159ac                GENERICCLOCKDOMAIN_SetOperationMode
                0x000159d0                GENERICCLOCKDOMAIN_SetSystemDatarate
                0x000159ec                GENERICCLOCKDOMAIN_SetCalibDatarate
                0x00015a08                GENERICCLOCKDOMAIN_SetOrientDatarate
                0x00015a24                GENERICCLOCKDOMAIN_SetObserverDatarate
                0x00015a40                GENERICDATAPREPROC_GetVersion
                0x00015a50                GENERICDATAPREPROC_Reset
                0x00015aa4                GENERICDATAPREPROC_DoStep
                0x00015c00                GENERICDATAPREPROC_SetConversionFactors
                0x00015c0c                GENERICDATAPREPROC_SetOperationMode
                0x00015c20                GENERICDATAPREPROC_SetDataCorrectionMode
                0x00015c30                GENERICDATAPREPROC_SetOffsetParameter
                0x00015c60                GENERICDATAPREPROC_SetSensitivityCorrectionMatrix
                0x00015c98                GENERICDATAPREPROC_GetSensitivityCorrectionMatrix
                0x00015cd4                GENERICDATAPREPROC_SetAxisRemapConfiguration
                0x00015dcc                GENERICDATAPREPROC_Init
                0x00015ed0                GENERICDATAPREPROC_SetDigitalFilter1Opmode
                0x00015ee4                GENERICDATAPREPROC_SetDigitalFilter1Parameter
                0x00015efc                GENERICDATAPREPROC_SetDigitalFilter2Opmode
                0x00015f10                GENERICDATAPREPROC_SetDigitalFilter2Parameter
                0x00015f1c                GENERICDATAPREPROC_SetDigitalFilter2NoiseLevel
                0x00015f28                GENERICDATAPREPROC_SetDigitalFilterIIRCoeff
                0x00015f7c                GENERICDATAPREPROC_GetRawData
                0x00015f98                GENERICDATAPREPROC_GetSicData
                0x00015fb4                GENERICDATAPREPROC_GetCorrectedData
                0x00015fd0                GENERICDATAPREPROC_GetFilteredData1
                0x00015fec                GENERICDATAPREPROC_GetFilteredData2
                0x00016008                genericgyrospec_setSensorSpec
                0x000160ac                genericgyrospec_setRange
                0x000160ec                genericgyrospec_setDatarate
                0x0001612c                genericgyrospec_setOpMode
                0x00016134                genericgyrospec_getRange
                0x0001613c                genericgyrospec_getOpMode
                0x00016144                genericgyrospec_getDatarate
                0x0001614c                genericgyrospec_getMaximumRange
                0x00016160                genericgyrospec_getMinDelay
                0x00016188                genericgyrospec_getName
                0x00016190                genericgyrospec_getPower
                0x000161a0                genericgyrospec_getResolution
                0x000161b0                genericgyrospec_getType
                0x000161b8                genericgyrospec_getVendor
                0x000161c0                genericgyrospec_getVersion
                0x000161c8                genericmagspec_setSensorSpec
                0x000162f8                genericmagspec_setRange
                0x00016318                genericmagspec_setDatarate
                0x00016320                genericmagspec_setOpMode
                0x00016328                genericmagspec_getNoiseFactor
                0x00016330                genericmagspec_getRange
                0x00016344                genericmagspec_getOpMode
                0x0001634c                genericmagspec_getDatarate
                0x00016354                genericmagspec_getSensorRmsNoise
                0x0001635c                genericmagspec_getMaximumRange
                0x00016370                genericmagspec_getMinDelay
                0x00016390                genericmagspec_getName
                0x00016398                genericmagspec_getPower
                0x000163e8                genericmagspec_getResolution
                0x000163f0                genericmagspec_getType
                0x000163f8                genericmagspec_getNoise
                0x00016400                genericmagspec_getVendor
                0x0001640c                genericmagspec_getVersion
                0x00016418                GENERICSENSORMANIPULATION_ConvertData2LsbXYZ
                0x00016578                GENERICSENSORMANIPULATION_ConvertLsb2DataXYZ
                0x000165b8                GENERICSENSORMANIPULATION_ConvertData2DataXYZ
                0x000165ec                GENERICSENSORMANIPULATION_DoOffsetCorrectionXYZ
                0x00016628                GENERICSENSORMANIPULATION_DoDiagonalSensitivityCorrectionXYZ
                0x0001671c                GENERICSENSORMANIPULATION_DoFullSensitivityCorrectionXYZ
                0x00016894                GENERICSENSORMANIPULATION_RemapSensorDataXYZ
                0x000168f0                MATRIX_Transpose
                0x0001697c                MATRIX_Multiply
                0x00016aa0                MATRIX_Multiply_s32
                0x00016b8c                MATRIX_Add
                0x00016bc0                MATRIX_Subtract
                0x00016bf4                MATRIX_Identity
                0x00016c7c                MATRIX_Copy
                0x00016c9c                MATRIX_CopyFromMatIndex
                0x00016d38                MATRIX_Initialize
                0x00016d54                MATRIX_InitializeFixed
                0x00016d70                MATRIX_Initialize_s32
                0x00016d8c                MATRIX_Equal
                0x00016dcc                MATRIX_Mean
                0x00016e78                MATRIX_ElementwiseDivide
                0x00016eac                MATRIX_ElementwiseMultiply
                0x00016ee0                MATRIX_ElementwiseSqrt
                0x00016f0c                MATRIX_ElementwiseScalarDivision
                0x00016f40                MATRIX_ElementwiseScalarMultiply
                0x00016f74                MATRIX_ElementwiseScalarAdd
                0x00016fa8                MATRIX_ElementwiseScalarSubtract
                0x00016ffc                MATRIX_ElementwiseScalarPower
                0x000170a4                MATRIX_GaussJordanElimination
                0x0001742c                MATRIX_GaussElimination
                0x0001787c                MATRIX_Inverse
                0x00017ac8                MATRIX_ElementwiseScalarPowerFixed
                0x00017b50                MATRIX_MeanFixed
                0x00017c14                MATRIX_AddFixed
                0x00017c40                MATRIX_ElementwiseMultiplyFixed
                0x00017c6c                MATRIX_Diagonal
                0x00017d40                MATRIX_Absolute
                0x00017d98                MATRIX_DiagonalSum
                0x00017e08                ADVPREFILTER_Init
                0x00017e2c                ADVPREFILTER_Run
                0x00017f8c                ADVPREFILTER_SetCoefficient
                0x00017fa4                ADVPREFILTER_SetNoiseLevel
                0x00017fac                THREECHANNELIIR1ORD_Init
                0x00017fc0                THREECHANNELIIR1ORD_Reset
                0x00017fcc                THREECHANNELIIR1ORD_Run
                0x00018054                THREECHANNELIIR1ORD_SetCoefficient
                0x0001805c                COMPASSORIENT_GetVersion
                0x0001806c                COMPASSORIENT_DoStep
                0x000185d0                COMPASSORIENT_SetOperationMode
                0x00018630                COMPASSORIENT_GetOperationMode
                0x0001863c                COMPASSORIENT_SetAccNoise
                0x00018648                COMPASSORIENT_GetAccNoise
                0x00018654                COMPASSORIENT_SetMagNoise
                0x00018660                COMPASSORIENT_GetMagNoise
                0x0001866c                COMPASSORIENT_SetOrientFilterMode
                0x000186d0                COMPASSORIENT_GetOrientFilterMode
                0x000186dc                COMPASSORIENT_SetOrientFilterCoeffCalcMode
                0x000186e4                COMPASSORIENT_GetOrientFilterCoeffCalcMode
                0x000186f0                COMPASSORIENT_SetOrientFilterParameter
                0x00018750                COMPASSORIENT_SetAccelOrientFilterParameter
                0x00018788                COMPASSORIENT_SetMagOrientFilterParameter
                0x000187c0                COMPASSORIENT_GetOrientFilterParameter
                0x000187f0                COMPASSORIENT_SetCompassOrientFilterParamArray
                0x0001882c                COMPASSORIENT_SetM4GOrientFilterParamArray
                0x00018868                COMPASSORIENT_GetCompassQuaternion
                0x000188c8                COMPASSORIENT_SetCompassQuaternion
                0x00018938                COMPASSORIENT_GetCompassEuler
                0x000189bc                COMPASSORIENT_GetGVector
                0x00018a54                COMPASSORIENT_GetDcm
                0x00018ac0                COMPASSORIENT_calcAngularRate
                0x00018cf8                COMPASSORIENT_getAngularRate
                0x00018d14                COMPASSORIENT_setM4gAccDynThreshold
                0x00018d1c                COMPASSORIENT_getM4gAccDynThreshold
                0x00018d28                COMPASSORIENT_estimateOrientHeadingAccuracy
                0x00018e08                COMPASSORIENT_getorientdata_heading_accuracy_Rad
                0x00018e14                compassorient_resetAccAdaptFilter
                0x00018e20                compassorient_resetMagAdaptFilter
                0x00018e2c                compassorient_m4gResetBuffer
                0x00018e80                COMPASSORIENT_Init
                0x00018ff8                COMPASSORIENT_Reset
                0x00019170                NDOFORIENT_Init
                0x00019374                NDOFORIENT_Reset
                0x000193b4                NDOFORIENT_Restart
                0x000193d0                NDOFORIENT_ResetObservationEngines
                0x000193e4                NDOFORIENT_ResetOrientation
                0x0001940c                NDOFORIENT_ResetDeltaT
                0x00019424                NDOFORIENT_SetOperationMode
                0x00019434                NDOFORIENT_GetOperationMode
                0x00019448                NDOFORIENT_SetDeltaT
                0x00019480                NDOFORIENT_GetDeltaT
                0x000194a4                NDOFORIENT_SetNdofParameterSettings
                0x000197c0                NDOFORIENT_SetShakeCouplingSettings
                0x000197d8                NDOFORIENT_SetAccelCouplingFactor
                0x000197ec                NDOFORIENT_GetAccelCouplingFactor
                0x00019800                NDOFORIENT_SetAccelCouplingThreshold
                0x00019814                NDOFORIENT_GetAccelCouplingThreshold
                0x00019828                NDOFORIENT_SetAccelCouplingDeltaThreshold
                0x0001983c                NDOFORIENT_GetAccelCouplingDeltaThreshold
                0x00019850                NDOFORIENT_SetAccelCouplingTimerThreshold
                0x00019864                NDOFORIENT_GetAccelCouplingTimerThreshold
                0x00019878                NDOFORIENT_SetAccelCouplingGyroRateThreshold
                0x0001988c                NDOFORIENT_GetAccelCouplingGyroRateThreshold
                0x000198a0                NDOFORIENT_SetMagnObservDistortionDetectionThreshold
                0x000198d4                NDOFORIENT_GetMagnObservDistortionDetectionThreshold
                0x000198e8                NDOFORIENT_SetMagnObservDistortionSignalLength
                0x000198fc                NDOFORIENT_GetMagnObservDistortionSignalLength
                0x00019910                NDOFORIENT_SetMagnObservNoDistortionDetectionTime
                0x00019924                NDOFORIENT_GetMagnObservNoDistortionDetectionTime
                0x00019938                NDOFORIENT_SetMagnObservStrongDistortionDetectionThreshold
                0x00019958                NDOFORIENT_GetMagnObservStrongDistortionDetectionThreshold
                0x0001996c                NDOFORIENT_SetMagnCouplingFactor
                0x00019980                NDOFORIENT_GetMagnCouplingFactor
                0x00019994                NDOFORIENT_SetMagnCouplingThreshold
                0x000199a8                NDOFORIENT_GetMagnCouplingThreshold
                0x000199bc                NDOFORIENT_SetMagnCouplingDeltaThreshold
                0x000199d0                NDOFORIENT_GetMagnCouplingDeltaThreshold
                0x000199e4                NDOFORIENT_SetMagnCouplingTimerThreshold
                0x000199f8                NDOFORIENT_GetMagnCouplingTimerThreshold
                0x00019a0c                NDOFORIENT_SetMagnCouplingGyroRateThreshold
                0x00019a20                NDOFORIENT_GetMagnCouplingGyroRateThreshold
                0x00019a34                NDOFORIENT_SetMagnCouplingHorizontalFieldStrengthThreshold
                0x00019a48                NDOFORIENT_GetMagnCouplingHorizontalFieldStrengthThreshold
                0x00019a5c                NDOFORIENT_SetQuaternionIntegrationThreshold
                0x00019a6c                NDOFORIENT_SetHeadingAccuracyBaseThreshold
                0x00019a7c                NDOFORIENT_SetHeadingAccuracyMinimum
                0x00019a8c                NDOFORIENT_GetQuaternionIntegrationThreshold
                0x00019aa0                NDOFORIENT_SetDynamicMagCouplingParameterSettings
                0x00019ad4                NDOFORIENT_GetDynamicMagCouplingParameterSettings
                0x00019afc                NDOFORIENT_SetNdofQuaternion
                0x00019b38                NDOFORIENT_GetNdofQuaternion
                0x00019b60                NDOFORIENT_GetNdofOrientation
                0x00019b8c                NDOFORIENT_GetImuQuaternion
                0x00019bbc                NDOFORIENT_GetImuOrientation
                0x00019c10                NDOFORIENT_GetGvector
                0x00019c54                NDOFORIENT_GetDcm
                0x00019c6c                NDOFORIENT_GetAccelCouplingStatus
                0x00019c80                NDOFORIENT_GetMagCouplingStatus
                0x00019c94                NDOFORIENT_GetOrientAccuracyStatus
                0x00019ca8                NDOFORIENT_GetHeadingAccuracyRad
                0x00019cbc                NDOFORIENT_GetHeadingAccuracyStatus
                0x00019cd0                NDOFORIENT_CalculateAngle
                0x00019d54                NDOFORIENT_CalculateHeadingAccuracy
                0x00019ecc                NDOFORIENT_DoStep
                0x0001a7c8                NDOFORIENT_UpdateBuffer
                0x0001a7f4                NDOFORIENT_UpdatingHeadingAccuracyStatus
                0x0001a878                ORIENTSENSOR_GetHeading
                0x0001a8c8                ORIENTSENSOR_GetPitch
                0x0001a9b8                ORIENTSENSOR_GetRoll
                0x0001a9f8                ORIENTSENSOR_CalcRotQuat
                0x0001ac00                ORIENTSENSOR_QuatConj
                0x0001ac1c                ORIENTSENSOR_QuatMult
                0x0001acb4                ORIENTSENSOR_QuatRotVect
                0x0001adc0                ORIENTSENSOR_TiltCompensation
                0x0001ae54                ORIENTSENSOR_GetQuaternion
                0x0001afc4                ORIENTSENSOR_GetEuler
                0x0001b118                ORIENTSENSOR_QuatRotVectf32
                0x0001b2b0                flipgesture_init
                0x0001b2f0                flipgesture_run
                0x0001b3c8                flipgesture_set_flipangle
                0x0001b46c                flipgesture_get_flipangle
                0x0001b570                flipgesture_set_flipstate_detecttime
                0x0001b5cc                flipgesture_get_flipstate_detecttime
                0x0001b5dc                flipgesture_get_flipstatus
                0x0001b5ec                ACCCALIB_GetVersion
                0x0001b5fc                ACCCALIB_Init
                0x0001b790                ACCCALIB_Set_ConfigProfile
                0x0001b830                ACCCALIB_Reset
                0x0001b884                ACCCALIB_SetOperationMode
                0x0001b894                ACCCALIB_SetGravityLimits
                0x0001b8b0                ACCCALIB_SetAccuracyThreshold
                0x0001b8c0                ACCCALIB_SetCalibParam
                0x0001b940                ACCCALIB_SetAccuracy
                0x0001b950                ACCCALIB_SetConfigProfile
                0x0001bac0                ACCCALIB_SetOrientationThreshold
                0x0001bad0                ACCCALIB_SetDynamicThreshold
                0x0001bae0                ACCCALIB_GetDynamic
                0x0001baf4                ACCCALIB_GetOperationMode
                0x0001bb08                ACCCALIB_GetCalibFlag
                0x0001bb1c                ACCCALIB_GetOneGflag
                0x0001bb30                ACCCALIB_GetCalibParam
                0x0001bb58                ACCCALIB_GetOffset
                0x0001bb78                ACCCALIB_GetAccuracy
                0x0001bb8c                ACCCALIB_GetConfigProfile
                0x0001bc38                ACCCALIB_RunDynamicLevelMonitoring
                0x0001bc94                ACCCALIB_RunGravityCheck
                0x0001bce4                ACCCALIB_RunOrientationChangeMonitoring
                0x0001bee8                ACCCALIB_RunDataSelection
                0x0001bf10                ACCCALIB_RunCalibration
                0x0001bfd4                ACCCALIB_Run
                0x0001c1ec                ACCCALIB_DoStep
                0x0001c220                ACCCALIB_RunAccuracyMonitoring
                0x0001c2a8                DATASELECT_Init
                0x0001c2fc                DATASELECT_Run
                0x0001c68c                DATASELECT_Reset
                0x0001c698                DATASELECT_GetClusterPts
                0x0001c704                DATASELECT_SetClusterSize
                0x0001c720                EKF_Init
                0x0001c76c                EKF_Run
                0x0001c954                EKF_InitSysParam
                0x0001c978                EKF_SetCovariance
                0x0001c990                EKF_SetProcessNoise
                0x0001c9a8                EKF_GetProcessNoise
                0x0001c9b8                EKF_SetMeasureNoise
                0x0001c9c0                EKF_GetSphereParam
                0x0001caa0                EKF_SensorErrorModel
                0x0001cb04                EKF_ObservationModel
                0x0001cb64                EKF_ObservationModel_SphereCosPhi
                0x0001cc28                MAGCALIB_GetVersion
                0x0001cc38                MAGCALIB_DoStep
                0x0001d430                MAGCALIB_SetProcessNoise
                0x0001d444                MAGCALIB_GetProcessNoise
                0x0001d458                MAGCALIB_SetAccurDistResetFlag
                0x0001d468                MAGCALIB_GetAccurDistResetFlag
                0x0001d47c                MAGCALIB_SetRefValue
                0x0001d4ac                MAGCALIB_GetAccurBuferSize
                0x0001d4c0                MAGCALIB_initAccurBuff
                0x0001d504                MAGCALIB_SetOperationMode
                0x0001d514                MAGCALIB_GetOperationMode
                0x0001d528                MAGCALIB_GetOffset
                0x0001d548                MAGCALIB_GetAccuracy
                0x0001d568                MAGCALIB_GetAccuracyExt
                0x0001d57c                MAGCALIB_SetAccuracy
                0x0001d58c                MAGCALIB_SetAccuracyExt
                0x0001d59c                MAGCALIB_Reset
                0x0001d650                MAGCALIB_Set_ConfigProfile
                0x0001d7cc                MAGCALIB_Init
                0x0001d96c                MAGCALIB_SetConfigProfile
                0x0001dce4                MAGCALIB_SetMeasurementRange
                0x0001dd28                MAGCALIB_GetMeasurementRange
                0x0001dd84                MAGCALIB_SetLsbTouTforInputs
                0x0001de04                MAGCALIB_SetCalibParam
                0x0001e058                MAGCALIB_SetAccuracyThreshold
                0x0001e068                MAGCALIB_SetAccuracyBreakDwnThreshold
                0x0001e078                MAGCALIB_GetDynamic
                0x0001e08c                MAGCALIB_GetDistortion
                0x0001e0a0                MAGCALIB_GetCalibFlag
                0x0001e0b4                MAGCALIB_GetCalibParam
                0x0001e11c                ACCELOBSERVER_Init
                0x0001e1ac                ACCELOBSERVER_DoStep
                0x0001e314                ACCELOBSERVER_SetParameterSettings
                0x0001e328                ACCELOBSERVER_GetAccelDynamicDetectionThreshold
                0x0001e330                ACCELOBSERVER_GetDynamicDetectionBandwidth
                0x0001e338                ACCELOBSERVER_GetNODynamicDetectionTime
                0x0001e340                ACCELOBSERVER_GetOneGThreshold
                0x0001e354                ACCELOBSERVER_Reset
                0x0001e360                ACCELOBSERVER_GetDynamicStatus
                0x0001e368                ACCELOBSERVER_GetOneGStatus
                0x0001e370                MAGOBSERVER_Init
                0x0001e418                MAGOBSERVER_Reset
                0x0001e434                MAGOBSERVER_DoStep
                0x0001e7a8                MAGOBSERVER_SetStrongDistortionDetectionThreshold
                0x0001e7c8                MAGOBSERVER_GetStrongDistortionDetectionThreshold
                0x0001e7dc                MAGOBSERVER_SetNoDistortionDetectionTime
                0x0001e7e4                MAGOBSERVER_GetNoDistortionDetectionTime
                0x0001e7f0                MAGOBSERVER_SetDistortionDetectionThreshold
                0x0001e814                MAGOBSERVER_GetDistortionDetectionThreshold
                0x0001e82c                MAGOBSERVER_SetDistortionSignalLength
                0x0001e834                MAGOBSERVER_GetDistortionSignalLength
                0x0001e840                MAGOBSERVER4DYN_Init
                0x0001e88c                MAGOBSERVER4DYN_Reset
                0x0001e8c8                MAGOBSERVER4DYN_DoStep
                0x0001ebb4                MAGOBSERVER4DYN_SetDynamicDetectionThreshold
                0x0001ebbc                MAGOBSERVER4DYN_GetDynamicDetectionThreshold
                0x0001ebc8                MAGOBSERVER4DYN_SetNoDynamicDetectionTime
                0x0001ebd0                MAGOBSERVER4DYN_GetNoDynamicDetectionTime
                0x0001ebdc                GYROCALIB_GetVersion
                0x0001ebec                GYROCALIB_Init
                0x0001ec48                GYROCALIB_DoStep
                0x0001f1cc                GYROCALIB_Reset
                0x0001f1f0                GYROCALIB_ResetGyroOffset
                0x0001f208                GYROCALIB_ResetObservationEngines
                0x0001f218                GYROCALIB_SetAccuracy
                0x0001f228                GYROCALIB_GetAccuracy
                0x0001f23c                GYROCALIB_SetGyroCalibrationSettings
                0x0001f2b8                GYROCALIB_SetShakeDetectionSettings
                0x0001f2d0                GYROCALIB_GetShakeStatus
                0x0001f2e4                GYROCALIB_SetGyroObservDynamicDetectionThreshold
                0x0001f2f8                GYROCALIB_GetGyroObservDynamicDetectionThreshold
                0x0001f30c                GYROCALIB_SetGyroObservNoDynamicDetectionTime
                0x0001f320                GYROCALIB_GetGyroObservNoDynamicDetectionTime
                0x0001f334                GYROCALIB_SetGyroOffsetThreshold
                0x0001f344                GYROCALIB_GetGyroOffsetThreshold
                0x0001f358                GYROCALIB_SetOperationMode
                0x0001f368                GYROCALIB_GetOperationMode
                0x0001f37c                GYROCALIB_GetCalibParam
                0x0001f394                GYROCALIB_SetCalibParam
                0x0001f3b8                GYROCALIB_GetCalibStatus
                0x0001f3cc                GYROCALIB_UpdateOffsetStepwise
                0x0001f45c                FASTMAGCALIB_Init
                0x0001f4d4                FASTMAGCALIB_DoPreProcess
                0x0001f53c                FASTMAGCALIB_DoProcess
                0x0001f6c0                FASTMAGCALIB_DoPostProcess
                0x0001f760                FASTMAGCALIB_GetOpMode
                0x0001f774                FASTMAGCALIB_SetOpMode
                0x0001f784                FASTMAGCALIB_GetOffsets
                0x0001f854                FASTMAGCALIB_GetAccuracy
                0x0001f868                FASTMAGCALIB_SetAccuracy
                0x0001f878                FASTMAGCALIB_GetState
                0x0001f88c                FASTMAGCALIB_SetState
                0x0001f89c                FASTMAGCALIB_Reset
                0x0001f8b4                FASTMAGCALIB_ResetMagRef
                0x0001f8c0                FASTMAGCALIB_GetCalibStatus
                0x0001f8d4                FASTMAGCALIB_GetCalibParam
                0x0001f924                FASTMAGCALIB_SetCalibParam
                0x0001f974                FASTMAGCALIB_GetResidualMax
                0x0001f980                FASTMAGCALIB_GetCheckDynamic
                0x0001fa34                FASTMAGCALIB_GetSelectData
                0x0001fb70                FASTMAGCALIB_GetCovMatrixMax
                0x0001fb7c                FASTMAGCALIB_GetDistortionStatus
                0x0001fb80                FASTMAGCALIB_SetConfigParam
                0x0001fd88                FASTMAGCALIB_setconfigparam
                0x0001fec4                FASTMAGCALIB_GetConfigParam
                0x00020184                FASTMAGSTATEMACHINE_Init
                0x0002025c                FASTMAGSTATEMACHINE_InitStart
                0x0002027c                FASTMAGSTATEMACHINE_InitStop
                0x00020290                FASTMAGSTATEMACHINE_InitReset
                0x000202a4                FASTMAGSTATEMACHINE_GetState
                0x000202b8                FASTMAGSTATEMACHINE_GetCovMatrixMax
                0x000202cc                FASTMAGSTATEMACHINE_GetLimits
                0x000202f0                FASTMAGSTATEMACHINE_GetResidualMax
                0x00020304                FASTMAGSTATEMACHINE_Reset
                0x00020344                FASTMAGSTATEMACHINE_Stop
                0x00020384                FASTMAGSTATEMACHINE_MainRun
                0x00020720                FASTMAGSTATEMACHINE_GetOffsets
                0x00020740                FASTMAGSTATEMACHINE_GetRadius
                0x00020754                FASTMAGSTATEMACHINE_SetCalibParam
                0x000207c8                FASTMAGSTATEMACHINE_ResetMagRef
                0x000207f4                FASTMAGSTATEMACHINE_GetMagVector
                0x00020808                FASTMAGSTATEMACHINE_GetAccuracy
                0x00020858                FASTMAGSTATEMACHINE_GetDistortionStatus
                0x00020874                MATH_VectorLength
                0x000208b0                MATH_GetMaxFL
                0x0002092c                MATH_GetMinMax
                0x000209c4                MATH_GetMax
                0x00020a30                MATH_GetMin
                0x00020a9c                MATH_UpdateFIFOBufferXYZ
                0x00020acc                MATH_UpdateFIFOBufferXYZF32
                0x00020afc                MATH_UpdateFIFOBufferF32
                0x00020b18                MATH_UpdateFIFOBuffer
                0x00020b34                MATH_Mean
                0x00020bc8                MATH_MeanFL
                0x00020c38                MATH_Variance
                0x00020d10                MATH_StandardDeviation
                0x00020e8c                Math_CalcVariance
                0x00021108                quatmath_multiplication
                0x00021250                quatmath_multiplicationS
                0x00021360                quatmath_conjugate_multiplication
                0x000215ec                quatmath_normalization
                0x000216c4                quatmath_reset
                0x000216d8                quatmath_conjugate
                0x00021708                quatmath_pointRot
                0x00021954                quatmath_angularRateToQuat
                0x00021aec                quatmath_angularRate2Quat4Fmc
                0x00021bc0                quatmath_updateOrientation
                0x00021d48                quatmath_quat2Vector
                0x00021d6c                quatmath_vector2Quat
                0x00021d84                quatmath_calcRotQuat
                0x00021dd4                quatmath_calcRotQuatS
                0x00021e24                quatmath_getGravity
                0x00021ec8                quatmath_getEulerAngle
                0x0002289c                quatmath_getDcm
                0x000229c8                quatmath_getDcmFrame
                0x00022af8                invSqrtF
                0x00022bd4                invSqrt
                0x00022d58                ADAPTFILTER_Init
                0x00022da0                ADAPTFILTER_Reset
                0x00022dbc                ADAPTFILTER_Run
                0x000230d0                ADAPTFILTER_SetBaseCoef
                0x000230e0                ADAPTFILTER_GetBaseCoef
                0x000230ec                ADAPTFILTER_SetDynProcess
                0x000230fc                ADAPTFILTER_GetDynProcess
                0x00023108                ADAPTFILTER_SetMaxDyn
                0x00023110                ADAPTFILTER_SetNoise
                0x00023118                ADAPTFILTER_GetNoise
                0x00023120                IMUOPERATION_Init
                0x0002320c                IMUOPERATION_CalMotion
                0x00023250                IMUOPERATION_Reset
                0x00023268                IMUOPERATION_SetRestartFlag
                0x00023278                IMUOPERATION_ACCURACYEVALUATION
                0x000232e8                IMUOPERATION_SetShakeCouplingParam
                0x000232f4                IMUOPERATION_SetAccelCouplingFactor
                0x000232fc                IMUOPERATION_GetAccelCouplingFactor
                0x00023308                IMUOPERATION_SetAccelCouplingThreshold
                0x00023310                IMUOPERATION_GetAccelCouplingThreshold
                0x0002331c                IMUOPERATION_SetAccelCouplingDeltaThreshold
                0x00023324                IMUOPERATION_GetAccelCouplingDeltaThreshold
                0x00023330                IMUOPERATION_SetAccelCouplingTimerThreshold
                0x00023338                IMUOPERATION_GetAccelCouplingTimerThreshold
                0x00023344                IMUOPERATION_SetAccelCouplingGyroRateThreshold
                0x0002334c                IMUOPERATION_GetAccelCouplingGyroRateThreshold
                0x00023358                IMUOPERATION_SetMagCouplingFactor
                0x00023360                IMUOPERATION_GetMagCouplingFactor
                0x0002336c                IMUOPERATION_SetMagCouplingThreshold
                0x00023374                IMUOPERATION_GetMagCouplingThreshold
                0x00023380                IMUOPERATION_SetMagCouplingDeltaThreshold
                0x00023388                IMUOPERATION_GetMagCouplingDeltaThreshold
                0x00023394                IMUOPERATION_SetMagCouplingTimerThreshold
                0x0002339c                IMUOPERATION_GetMagCouplingTimerThreshold
                0x000233a8                IMUOPERATION_SetMagCouplingGyroRateThreshold
                0x000233b0                IMUOPERATION_GetMagCouplingGyroRateThreshold
                0x000233bc                IMUOPERATION_SetMagnCouplingHorizontalFieldStrengthThreshold
                0x000233c4                IMUOPERATION_GetMagnCouplingHorizontalFieldStrengthThreshold
                0x000233d0                IMUOPERATION_SetMagnCouplingGyroRateThreshold
                0x000233d8                IMUOPERATION_GetMagnCouplingGyroRateThreshold
                0x000233e4                IMUOPERATIONS_SetMagCouplingDynamicOpmode
                0x000233ec                IMUOPERATIONS_GetMagCouplingDynamicOpmode
                0x000233f4                IMUOPERATIONS_SetDynamicMagCouplingParameterSettings
                0x00023408                IMUOPERATIONS_GetDynamicMagCouplingParameterSettings
                0x0002342c                IMUOPERATION_GetQuatFromRotation
                0x00023508                IMUOPERATION_GetDelayedQuaternion
                0x0002353c                IMUOPERATION_SaveQuaternion
                0x00023560                acccalibconfig_setDefaultConfig
                0x000235d0                fmcconfig_setDefaultConfig
                0x000237bc                magcalibconfig_setDefaultConfig
                0x000238e8                GYROOBSERVER_Init
                0x00023958                GYROOBSERVER_DynamicDetection
                0x00023c88                GYROOBSERVER_DoStep
                0x00023c98                GYROOBSERVER_Reset
                0x00023cb0                GYROOBSERVER_SetShakeDetectionParam
                0x00023cbc                GYROOBSERVER_GetShakeStatus
                0x00023cc8                GYROOBSERVER_SetDynamicDetectionThreshold
                0x00023cd0                GYROOBSERVER_GetDynamicDetectionThreshold
                0x00023cdc                GYROOBSERVER_SetNoDynamicDetectionTime
                0x00023ce4                GYROOBSERVER_GetNoDynamicDetectionTime
                0x00023cf0                FMCKALMAN_Init
                0x00023dc0                FMCKALMAN_Predict
                0x00023e24                FMCKALMAN_Correct
                0x00023f7c                FMCKALMAN_Get_Offset
                0x00023f90                FMCKALMAN_Set_Offset
                0x00023fa4                FMCKALMAN_Get_Radius
                0x00024004                FMCKALMAN_Get_MagVector
                0x00024018                FMCKALMAN_Get_MaxCov
                0x0002403c                FMCKALMAN_Get_MaxCovOffset
                0x00024068                FMCKALMAN_Set_CovOffset
                0x0002409c                FMCKALMAN_Set_CovMagRef
                0x000240d0                FMCKALMAN_Get_Residual
                0x00024110                FMCKALMAN_GetResidualfromMeas
                0x00024140                orientmath__getVersion
                0x00024150                orientmath_get_PitchRollFromGravity
                0x000241e8                orientmath_getHeading
                0x00024228                orientmath_calcAngle
                0x00024340                orientmath_calcAngleS
                0x00024418                orientmath_crossProduct
                0x00024494                orientmath_crossProductS
                0x00024534                orientmath_axisAng2Quat
 .text.Retcode_getPackage
                0x000245dc       0x38 ./../Platform/SensorToolbox/release/libSensorToolbox.a
 .text.Orientation_init
                0x00024614       0x4c ./../Platform/SensorToolbox/release/libSensorToolbox.a
                0x00024614                Orientation_init
 .text.mutexTake
                0x00024660       0x7c ./../Platform/SensorToolbox/release/libSensorToolbox.a
 .text.mutexGive
                0x000246dc       0x64 ./../Platform/SensorToolbox/release/libSensorToolbox.a
 .text.fingerPrintBaseSensorInit
                0x00024740       0xdc ./../Platform/SensorToolbox/release/libSensorToolbox.a
 .text.bsxBaseSensorInit
                0x0002481c      0x19c ./../Platform/SensorToolbox/release/libSensorToolbox.a
 .text.bsxAlgoInit
                0x000249b8       0xb8 ./../Platform/SensorToolbox/release/libSensorToolbox.a
 .text.VirtualSensor_mainProcess
                0x00024a70      0x464 ./../Platform/SensorToolbox/release/libSensorToolbox.a
                0x00024a70                VirtualSensor_mainProcess
 .text.bsxSensorFusionInit
                0x00024ed4      0x154 ./../Platform/SensorToolbox/release/libSensorToolbox.a
 .text.stepCounterSensorInit
                0x00025028       0xa0 ./../Platform/SensorToolbox/release/libSensorToolbox.a
 .text.environmentalSensorInit
                0x000250c8       0xcc ./../Platform/SensorToolbox/release/libSensorToolbox.a
 .text.fingerPrintInit
                0x00025194       0x9c ./../Platform/SensorToolbox/release/libSensorToolbox.a
 .text.VirtualSensor_init
                0x00025230       0xdc ./../Platform/SensorToolbox/release/libSensorToolbox.a
                0x00025230                VirtualSensor_init
 .text.Ip_convertAddrToString
                0x0002530c       0x4c ./../Platform/ServalPAL_WiFi/debug/libServalPalWifi_efm32_debug.a(PAL_ip_cc.o)
                0x0002530c                Ip_convertAddrToString
 .text.Ip_getMyIpAddr
                0x00025358       0x2c ./../Platform/ServalPAL_WiFi/debug/libServalPalWifi_efm32_debug.a(PAL_ip_cc.o)
                0x00025358                Ip_getMyIpAddr
 .text.Basics_htonl
                0x00025384       0x1c ./../Platform/ServalPAL_WiFi/debug/libServalPalWifi_efm32_debug.a(PAL_ip_cc.o)
                0x00025384                Basics_htonl
 .text.sl_NetAppStop
                0x000253a0       0x58 ./../Libraries/WiFi/TI/../BCDS_Customization/debug/libWifiLib_efm32_debug.a(netapp.o)
                0x000253a0                sl_NetAppStop
 .text._sl_HandleAsync_DnsGetHostByService
                0x000253f8      0x114 ./../Libraries/WiFi/TI/../BCDS_Customization/debug/libWifiLib_efm32_debug.a(netapp.o)
                0x000253f8                _sl_HandleAsync_DnsGetHostByService
 .text._sl_HandleAsync_DnsGetHostByName
                0x0002550c      0x108 ./../Libraries/WiFi/TI/../BCDS_Customization/debug/libWifiLib_efm32_debug.a(netapp.o)
                0x0002550c                _sl_HandleAsync_DnsGetHostByName
 .text.CopyPingResultsToReport
                0x00025614       0x44 ./../Libraries/WiFi/TI/../BCDS_Customization/debug/libWifiLib_efm32_debug.a(netapp.o)
 .text._sl_HandleAsync_PingResponse
                0x00025658       0xf4 ./../Libraries/WiFi/TI/../BCDS_Customization/debug/libWifiLib_efm32_debug.a(netapp.o)
                0x00025658                _sl_HandleAsync_PingResponse
 .text._sl_NetAppSendTokenValue
                0x0002574c       0x88 ./../Libraries/WiFi/TI/../BCDS_Customization/debug/libWifiLib_efm32_debug.a(netapp.o)
                0x0002574c                _sl_NetAppSendTokenValue
 .text._SlDrvNetAppEventHandler
                0x000257d4      0x148 ./../Libraries/WiFi/TI/../BCDS_Customization/debug/libWifiLib_efm32_debug.a(netapp.o)
                0x000257d4                _SlDrvNetAppEventHandler
 .text.sl_NetCfgSet
                0x0002591c       0x94 ./../Libraries/WiFi/TI/../BCDS_Customization/debug/libWifiLib_efm32_debug.a(netcfg.o)
                0x0002591c                sl_NetCfgSet
 .text.sl_NetCfgGet
                0x000259b0       0xd8 ./../Libraries/WiFi/TI/../BCDS_Customization/debug/libWifiLib_efm32_debug.a(netcfg.o)
                0x000259b0                sl_NetCfgGet
 .text._sl_BuildAddress
                0x00025a88       0x60 ./../Libraries/WiFi/TI/../BCDS_Customization/debug/libWifiLib_efm32_debug.a(socket.o)
 .text._sl_TruncatePayloadByProtocol
                0x00025ae8       0x44 ./../Libraries/WiFi/TI/../BCDS_Customization/debug/libWifiLib_efm32_debug.a(socket.o)
 .text.sl_Socket
                0x00025b2c       0x7c ./../Libraries/WiFi/TI/../BCDS_Customization/debug/libWifiLib_efm32_debug.a(socket.o)
                0x00025b2c                sl_Socket
 .text.sl_Close
                0x00025ba8       0x5c ./../Libraries/WiFi/TI/../BCDS_Customization/debug/libWifiLib_efm32_debug.a(socket.o)
                0x00025ba8                sl_Close
 .text.sl_SendTo
                0x00025c04      0x138 ./../Libraries/WiFi/TI/../BCDS_Customization/debug/libWifiLib_efm32_debug.a(socket.o)
                0x00025c04                sl_SendTo
 .text._sl_HandleAsync_Connect
                0x00025d3c       0xd4 ./../Libraries/WiFi/TI/../BCDS_Customization/debug/libWifiLib_efm32_debug.a(socket.o)
                0x00025d3c                _sl_HandleAsync_Connect
 .text.sl_Htonl
                0x00025e10       0x58 ./../Libraries/WiFi/TI/../BCDS_Customization/debug/libWifiLib_efm32_debug.a(socket.o)
                0x00025e10                sl_Htonl
 .text.sl_Htons
                0x00025e68       0x48 ./../Libraries/WiFi/TI/../BCDS_Customization/debug/libWifiLib_efm32_debug.a(socket.o)
                0x00025e68                sl_Htons
 .text._sl_HandleAsync_Accept
                0x00025eb0       0xa8 ./../Libraries/WiFi/TI/../BCDS_Customization/debug/libWifiLib_efm32_debug.a(socket.o)
                0x00025eb0                _sl_HandleAsync_Accept
 .text._sl_HandleAsync_Select
                0x00025f58       0x94 ./../Libraries/WiFi/TI/../BCDS_Customization/debug/libWifiLib_efm32_debug.a(socket.o)
                0x00025f58                _sl_HandleAsync_Select
 .text._SlDrvProtectAsyncRespSetting
                0x00025fec       0x5c ./../Libraries/WiFi/TI/../BCDS_Customization/debug/libWifiLib_efm32_debug.a(driver.o)
                0x00025fec                _SlDrvProtectAsyncRespSetting
 .text._SlDrvDriverCBInit
                0x00026048      0x25c ./../Libraries/WiFi/TI/../BCDS_Customization/debug/libWifiLib_efm32_debug.a(driver.o)
                0x00026048                _SlDrvDriverCBInit
 .text._SlDrvDriverCBDeinit
                0x000262a4      0x190 ./../Libraries/WiFi/TI/../BCDS_Customization/debug/libWifiLib_efm32_debug.a(driver.o)
                0x000262a4                _SlDrvDriverCBDeinit
 .text._SlDrvRxIrqHandler
                0x00026434       0x80 ./../Libraries/WiFi/TI/../BCDS_Customization/debug/libWifiLib_efm32_debug.a(driver.o)
                0x00026434                _SlDrvRxIrqHandler
 .text._SlDrvCmdOp
                0x000264b4       0xe4 ./../Libraries/WiFi/TI/../BCDS_Customization/debug/libWifiLib_efm32_debug.a(driver.o)
                0x000264b4                _SlDrvCmdOp
 .text._SlDrvDataWriteOp
                0x00026598      0x1c8 ./../Libraries/WiFi/TI/../BCDS_Customization/debug/libWifiLib_efm32_debug.a(driver.o)
                0x00026598                _SlDrvDataWriteOp
 .text._SlDrvMsgWrite
                0x00026760      0x248 ./../Libraries/WiFi/TI/../BCDS_Customization/debug/libWifiLib_efm32_debug.a(driver.o)
 .text._SlDrvMsgRead
                0x000269a8      0x788 ./../Libraries/WiFi/TI/../BCDS_Customization/debug/libWifiLib_efm32_debug.a(driver.o)
 .text._SlAsyncEventGenericHandler
                0x00027130      0x120 ./../Libraries/WiFi/TI/../BCDS_Customization/debug/libWifiLib_efm32_debug.a(driver.o)
 .text._SlDrvMsgReadCmdCtx
                0x00027250      0x19c ./../Libraries/WiFi/TI/../BCDS_Customization/debug/libWifiLib_efm32_debug.a(driver.o)
 .text._SlDrvMsgReadSpawnCtx
                0x000273ec      0x10c ./../Libraries/WiFi/TI/../BCDS_Customization/debug/libWifiLib_efm32_debug.a(driver.o)
                0x000273ec                _SlDrvMsgReadSpawnCtx
 .text._SlDrvClassifyRxMsg
                0x000274f8       0xf0 ./../Libraries/WiFi/TI/../BCDS_Customization/debug/libWifiLib_efm32_debug.a(driver.o)
 .text._SlDrvRxHdrRead
                0x000275e8      0x2a4 ./../Libraries/WiFi/TI/../BCDS_Customization/debug/libWifiLib_efm32_debug.a(driver.o)
 .text._SlDrvCmdSend
                0x0002788c       0x9c ./../Libraries/WiFi/TI/../BCDS_Customization/debug/libWifiLib_efm32_debug.a(driver.o)
                0x0002788c                _SlDrvCmdSend
 .text._SlDrvWaitForPoolObj
                0x00027928      0x254 ./../Libraries/WiFi/TI/../BCDS_Customization/debug/libWifiLib_efm32_debug.a(driver.o)
                0x00027928                _SlDrvWaitForPoolObj
 .text._SlDrvReleasePoolObj
                0x00027b7c      0x2fc ./../Libraries/WiFi/TI/../BCDS_Customization/debug/libWifiLib_efm32_debug.a(driver.o)
                0x00027b7c                _SlDrvReleasePoolObj
 .text._SlRemoveFromList
                0x00027e78      0x114 ./../Libraries/WiFi/TI/../BCDS_Customization/debug/libWifiLib_efm32_debug.a(driver.o)
 .text._SlFindAndSetActiveObj
                0x00027f8c      0x1f4 ./../Libraries/WiFi/TI/../BCDS_Customization/debug/libWifiLib_efm32_debug.a(driver.o)
 .text._SlDrvDispatchHttpServerEvents
                0x00028180       0x1c ./../Libraries/WiFi/TI/../BCDS_Customization/debug/libWifiLib_efm32_debug.a(driver.o)
                0x00028180                _SlDrvDispatchHttpServerEvents
 .text._SlDrvSyncObjSignal
                0x0002819c       0x30 ./../Libraries/WiFi/TI/../BCDS_Customization/debug/libWifiLib_efm32_debug.a(driver.o)
                0x0002819c                _SlDrvSyncObjSignal
 .text._SlDrvObjLockWaitForever
                0x000281cc       0x34 ./../Libraries/WiFi/TI/../BCDS_Customization/debug/libWifiLib_efm32_debug.a(driver.o)
                0x000281cc                _SlDrvObjLockWaitForever
 .text._SlDrvProtectionObjLockWaitForever
                0x00028200       0x40 ./../Libraries/WiFi/TI/../BCDS_Customization/debug/libWifiLib_efm32_debug.a(driver.o)
                0x00028200                _SlDrvProtectionObjLockWaitForever
 .text._SlDrvObjUnLock
                0x00028240       0x30 ./../Libraries/WiFi/TI/../BCDS_Customization/debug/libWifiLib_efm32_debug.a(driver.o)
                0x00028240                _SlDrvObjUnLock
 .text._SlDrvProtectionObjUnLock
                0x00028270       0x3c ./../Libraries/WiFi/TI/../BCDS_Customization/debug/libWifiLib_efm32_debug.a(driver.o)
                0x00028270                _SlDrvProtectionObjUnLock
 .text._SlDrvObjGlobalLockWaitForever
                0x000282ac       0x3c ./../Libraries/WiFi/TI/../BCDS_Customization/debug/libWifiLib_efm32_debug.a(driver.o)
 .text._SlDrvGlobalObjUnLock
                0x000282e8       0x3c ./../Libraries/WiFi/TI/../BCDS_Customization/debug/libWifiLib_efm32_debug.a(driver.o)
                0x000282e8                _SlDrvGlobalObjUnLock
 .text._SlDrvMemZero
                0x00028324       0x24 ./../Libraries/WiFi/TI/../BCDS_Customization/debug/libWifiLib_efm32_debug.a(driver.o)
                0x00028324                _SlDrvMemZero
 .text._SlDrvResetCmdExt
                0x00028348       0x1c ./../Libraries/WiFi/TI/../BCDS_Customization/debug/libWifiLib_efm32_debug.a(driver.o)
                0x00028348                _SlDrvResetCmdExt
 .text._SlDrvSyncObjWaitForever
                0x00028364       0x38 ./../Libraries/WiFi/TI/../BCDS_Customization/debug/libWifiLib_efm32_debug.a(driver.o)
                0x00028364                _SlDrvSyncObjWaitForever
 .text._SlDrvSyncObjWaitTimeout
                0x0002839c       0x58 ./../Libraries/WiFi/TI/../BCDS_Customization/debug/libWifiLib_efm32_debug.a(driver.o)
                0x0002839c                _SlDrvSyncObjWaitTimeout
 .text._SlDriverHandleError
                0x000283f4       0xb4 ./../Libraries/WiFi/TI/../BCDS_Customization/debug/libWifiLib_efm32_debug.a(driver.o)
                0x000283f4                _SlDriverHandleError
 .text._sl_GetStartResponseConvert
                0x000284a8       0x28 ./../Libraries/WiFi/TI/../BCDS_Customization/debug/libWifiLib_efm32_debug.a(device.o)
 .text.sl_Start
                0x000284d0      0x130 ./../Libraries/WiFi/TI/../BCDS_Customization/debug/libWifiLib_efm32_debug.a(device.o)
                0x000284d0                sl_Start
 .text._sl_HandleAsync_InitComplete
                0x00028600       0xe8 ./../Libraries/WiFi/TI/../BCDS_Customization/debug/libWifiLib_efm32_debug.a(device.o)
                0x00028600                _sl_HandleAsync_InitComplete
 .text._sl_HandleAsync_Stop
                0x000286e8       0x90 ./../Libraries/WiFi/TI/../BCDS_Customization/debug/libWifiLib_efm32_debug.a(device.o)
                0x000286e8                _sl_HandleAsync_Stop
 .text.sl_Stop  0x00028778      0x110 ./../Libraries/WiFi/TI/../BCDS_Customization/debug/libWifiLib_efm32_debug.a(device.o)
                0x00028778                sl_Stop
 .text._SlDrvDeviceEventHandler
                0x00028888       0xb8 ./../Libraries/WiFi/TI/../BCDS_Customization/debug/libWifiLib_efm32_debug.a(device.o)
                0x00028888                _SlDrvDeviceEventHandler
 .text.NetworkConfig_SlNetAppEvtHdlr
                0x00028940       0xa0 ./../Platform/Wlan/debug/libWlan_efm32_debug.a(NetworkConfig.o)
                0x00028940                NetworkConfig_SlNetAppEvtHdlr
 .text.NetworkConfig_GetIpStatus
                0x000289e0       0x18 ./../Platform/Wlan/debug/libWlan_efm32_debug.a(NetworkConfig.o)
                0x000289e0                NetworkConfig_GetIpStatus
 .text.NetworkConfig_SetIpStatus
                0x000289f8       0x20 ./../Platform/Wlan/debug/libWlan_efm32_debug.a(NetworkConfig.o)
                0x000289f8                NetworkConfig_SetIpStatus
 .text.NetworkConfig_GetIpSettings
                0x00028a18       0xc0 ./../Platform/Wlan/debug/libWlan_efm32_debug.a(NetworkConfig.o)
                0x00028a18                NetworkConfig_GetIpSettings
 .text.NetworkConfig_SetIpDhcp
                0x00028ad8       0xb4 ./../Platform/Wlan/debug/libWlan_efm32_debug.a(NetworkConfig.o)
                0x00028ad8                NetworkConfig_SetIpDhcp
 .text.connectNonBlockingCall
                0x00028b8c      0x18c ./../Platform/Wlan/debug/libWlan_efm32_debug.a(WlanConnect.o)
 .text.connectBlockingCall
                0x00028d18       0xd0 ./../Platform/Wlan/debug/libWlan_efm32_debug.a(WlanConnect.o)
 .text.WlanConnect_SlGeneralEventHdlr
                0x00028de8       0x9c ./../Platform/Wlan/debug/libWlan_efm32_debug.a(WlanConnect.o)
                0x00028de8                WlanConnect_SlGeneralEventHdlr
 .text.WlanConnect_SLWlanEventHdlr
                0x00028e84       0x6c ./../Platform/Wlan/debug/libWlan_efm32_debug.a(WlanConnect.o)
                0x00028e84                WlanConnect_SLWlanEventHdlr
 .text.WlanConnect_GetInitStatus
                0x00028ef0       0x18 ./../Platform/Wlan/debug/libWlan_efm32_debug.a(WlanConnect.o)
                0x00028ef0                WlanConnect_GetInitStatus
 .text.WlanConnect_Init
                0x00028f08       0xf4 ./../Platform/Wlan/debug/libWlan_efm32_debug.a(WlanConnect.o)
                0x00028f08                WlanConnect_Init
 .text.NonBlockingTimer
                0x00028ffc       0xb0 ./../Platform/Wlan/debug/libWlan_efm32_debug.a(WlanConnect.o)
                0x00028ffc                NonBlockingTimer
 .text.WlanConnect_WPA
                0x000290ac       0xe0 ./../Platform/Wlan/debug/libWlan_efm32_debug.a(WlanConnect.o)
                0x000290ac                WlanConnect_WPA
 .text.BITBAND_Peripheral
                0x0002918c       0x30 ./../Platform/Wlan/debug/libWlan_efm32_debug.a(WlanDriver.o)
 .text.GPIO_PinOutClear
                0x000291bc       0x4c ./../Platform/Wlan/debug/libWlan_efm32_debug.a(WlanDriver.o)
 .text.GPIO_PinOutSet
                0x00029208       0x4c ./../Platform/Wlan/debug/libWlan_efm32_debug.a(WlanDriver.o)
 .text.DelayAPI
                0x00029254       0x48 ./../Platform/Wlan/debug/libWlan_efm32_debug.a(WlanDriver.o)
 .text.CreateSpawnQAndTask
                0x0002929c       0x98 ./../Platform/Wlan/debug/libWlan_efm32_debug.a(WlanDriver.o)
 .text.WifiInterruptCallback
                0x00029334       0x24 ./../Platform/Wlan/debug/libWlan_efm32_debug.a(WlanDriver.o)
 .text.WlanDriver_Init
                0x00029358       0xc8 ./../Platform/Wlan/debug/libWlan_efm32_debug.a(WlanDriver.o)
                0x00029358                WlanDriver_Init
 .text.WlanDriver_RegInterruptHdlr
                0x00029420       0x34 ./../Platform/Wlan/debug/libWlan_efm32_debug.a(WlanDriver.o)
                0x00029420                WlanDriver_RegInterruptHdlr
 .text.WlanDriver_DeviceDisable
                0x00029454       0x14 ./../Platform/Wlan/debug/libWlan_efm32_debug.a(WlanDriver.o)
                0x00029454                WlanDriver_DeviceDisable
 .text.WlanDriver_DeviceEnable
                0x00029468       0x14 ./../Platform/Wlan/debug/libWlan_efm32_debug.a(WlanDriver.o)
                0x00029468                WlanDriver_DeviceEnable
 .text.WlanDriver_InterruptEnable
                0x0002947c       0x1c ./../Platform/Wlan/debug/libWlan_efm32_debug.a(WlanDriver.o)
                0x0002947c                WlanDriver_InterruptEnable
 .text.WlanDriver_InterruptDisable
                0x00029498       0x1c ./../Platform/Wlan/debug/libWlan_efm32_debug.a(WlanDriver.o)
                0x00029498                WlanDriver_InterruptDisable
 .text.WlanDriver_SlHttpServerCb
                0x000294b4       0x14 ./../Platform/Wlan/debug/libWlan_efm32_debug.a(WlanDriver.o)
                0x000294b4                WlanDriver_SlHttpServerCb
 .text.WlanDriver_SpiClose
                0x000294c8       0x3c ./../Platform/Wlan/debug/libWlan_efm32_debug.a(WlanDriver.o)
                0x000294c8                WlanDriver_SpiClose
 .text.WlanDriver_SpiOpen
                0x00029504       0xd8 ./../Platform/Wlan/debug/libWlan_efm32_debug.a(WlanDriver.o)
                0x00029504                WlanDriver_SpiOpen
 .text.WlanDriver_SpiWrite
                0x000295dc       0x60 ./../Platform/Wlan/debug/libWlan_efm32_debug.a(WlanDriver.o)
                0x000295dc                WlanDriver_SpiWrite
 .text.WlanDriver_SpiRead
                0x0002963c       0x58 ./../Platform/Wlan/debug/libWlan_efm32_debug.a(WlanDriver.o)
                0x0002963c                WlanDriver_SpiRead
 .text.WlanDriver_OsSyncObjectCreate
                0x00029694       0x3c ./../Platform/Wlan/debug/libWlan_efm32_debug.a(WlanDriver.o)
                0x00029694                WlanDriver_OsSyncObjectCreate
 .text.WlanDriver_OsSyncObjectDelete
                0x000296d0       0x30 ./../Platform/Wlan/debug/libWlan_efm32_debug.a(WlanDriver.o)
                0x000296d0                WlanDriver_OsSyncObjectDelete
 .text.WlanDriver_OsSyncObjectSignal
                0x00029700       0x3c ./../Platform/Wlan/debug/libWlan_efm32_debug.a(WlanDriver.o)
                0x00029700                WlanDriver_OsSyncObjectSignal
 .text.WlanDriver_OsSyncSignalFromISR
                0x0002973c       0x5c ./../Platform/Wlan/debug/libWlan_efm32_debug.a(WlanDriver.o)
                0x0002973c                WlanDriver_OsSyncSignalFromISR
 .text.WlanDriver_OsSyncObjectWait
                0x00029798       0x44 ./../Platform/Wlan/debug/libWlan_efm32_debug.a(WlanDriver.o)
                0x00029798                WlanDriver_OsSyncObjectWait
 .text.WlanDriver_OsLockObjectCreate
                0x000297dc       0x34 ./../Platform/Wlan/debug/libWlan_efm32_debug.a(WlanDriver.o)
                0x000297dc                WlanDriver_OsLockObjectCreate
 .text.WlanDriver_OsLockObjectDelete
                0x00029810       0x2c ./../Platform/Wlan/debug/libWlan_efm32_debug.a(WlanDriver.o)
                0x00029810                WlanDriver_OsLockObjectDelete
 .text.WlanDriver_OsLockObjectWait
                0x0002983c       0x38 ./../Platform/Wlan/debug/libWlan_efm32_debug.a(WlanDriver.o)
                0x0002983c                WlanDriver_OsLockObjectWait
 .text.WlanDriver_OsLockUnlock
                0x00029874       0x44 ./../Platform/Wlan/debug/libWlan_efm32_debug.a(WlanDriver.o)
                0x00029874                WlanDriver_OsLockUnlock
 .text.WlanDriver_SimpleLinkSpawnTask
                0x000298b8       0x68 ./../Platform/Wlan/debug/libWlan_efm32_debug.a(WlanDriver.o)
                0x000298b8                WlanDriver_SimpleLinkSpawnTask
 .text.WlanDriver_OsiSpawn
                0x00029920       0x68 ./../Platform/Wlan/debug/libWlan_efm32_debug.a(WlanDriver.o)
                0x00029920                WlanDriver_OsiSpawn
 .text.Retcode_getPackage
                0x00029988       0x1c ./../Platform/Sensors/debug/libSensors_efm32_debug.a(Environmental.o)
 .text.bme280LibErrorMapping
                0x000299a4       0x48 ./../Platform/Sensors/debug/libSensors_efm32_debug.a(Environmental.o)
 .text.Environmental_init
                0x000299ec       0xa4 ./../Platform/Sensors/debug/libSensors_efm32_debug.a(Environmental.o)
                0x000299ec                Environmental_init
 .text.Environmental_readData
                0x00029a90       0xe0 ./../Platform/Sensors/debug/libSensors_efm32_debug.a(Environmental.o)
                0x00029a90                Environmental_readData
 .text.Retcode_getPackage
                0x00029b70       0x1c ./../Platform/Sensors/debug/libSensors_efm32_debug.a(Gyroscope.o)
 .text.bmg160LibErrorMapping
                0x00029b8c       0x48 ./../Platform/Sensors/debug/libSensors_efm32_debug.a(Gyroscope.o)
 .text.BMI160_libErrorMapping
                0x00029bd4       0x48 ./../Platform/Sensors/debug/libSensors_efm32_debug.a(Gyroscope.o)
 .text.Gyroscope_init
                0x00029c1c       0xd0 ./../Platform/Sensors/debug/libSensors_efm32_debug.a(Gyroscope.o)
                0x00029c1c                Gyroscope_init
 .text.Gyroscope_setBandwidth
                0x00029cec      0x148 ./../Platform/Sensors/debug/libSensors_efm32_debug.a(Gyroscope.o)
                0x00029cec                Gyroscope_setBandwidth
 .text.Gyroscope_setRange
                0x00029e34      0x158 ./../Platform/Sensors/debug/libSensors_efm32_debug.a(Gyroscope.o)
                0x00029e34                Gyroscope_setRange
 .text.Gyroscope_setMode
                0x00029f8c      0x124 ./../Platform/Sensors/debug/libSensors_efm32_debug.a(Gyroscope.o)
                0x00029f8c                Gyroscope_setMode
 .text.Gyroscope_readXyzValue
                0x0002a0b0      0x1b4 ./../Platform/Sensors/debug/libSensors_efm32_debug.a(Gyroscope.o)
                0x0002a0b0                Gyroscope_readXyzValue
 .text.Retcode_getPackage
                0x0002a264       0x1c ./../Platform/Sensors/debug/libSensors_efm32_debug.a(Accelerometer.o)
 .text.bma2x2LibErrorMapping
                0x0002a280       0x48 ./../Platform/Sensors/debug/libSensors_efm32_debug.a(Accelerometer.o)
 .text.bmi160LibErrorMapping
                0x0002a2c8       0x48 ./../Platform/Sensors/debug/libSensors_efm32_debug.a(Accelerometer.o)
 .text.Accelerometer_init
                0x0002a310       0xd0 ./../Platform/Sensors/debug/libSensors_efm32_debug.a(Accelerometer.o)
                0x0002a310                Accelerometer_init
 .text.Accelerometer_setBandwidth
                0x0002a3e0      0x160 ./../Platform/Sensors/debug/libSensors_efm32_debug.a(Accelerometer.o)
                0x0002a3e0                Accelerometer_setBandwidth
 .text.Accelerometer_setMode
                0x0002a540      0x124 ./../Platform/Sensors/debug/libSensors_efm32_debug.a(Accelerometer.o)
                0x0002a540                Accelerometer_setMode
 .text.Accelerometer_readXyzLsbValue
                0x0002a664      0x1a4 ./../Platform/Sensors/debug/libSensors_efm32_debug.a(Accelerometer.o)
                0x0002a664                Accelerometer_readXyzLsbValue
 .text.Accelerometer_readXyzGValue
                0x0002a808      0x3a8 ./../Platform/Sensors/debug/libSensors_efm32_debug.a(Accelerometer.o)
                0x0002a808                Accelerometer_readXyzGValue
 .text.Retcode_getPackage
                0x0002abb0       0x1c ./../Platform/Sensors/debug/libSensors_efm32_debug.a(LightSensor.o)
 .text.LightSensor_init
                0x0002abcc       0xa4 ./../Platform/Sensors/debug/libSensors_efm32_debug.a(LightSensor.o)
                0x0002abcc                LightSensor_init
 .text.LightSensor_setManualMode
                0x0002ac70       0xbc ./../Platform/Sensors/debug/libSensors_efm32_debug.a(LightSensor.o)
                0x0002ac70                LightSensor_setManualMode
 .text.LightSensor_setContinuousMode
                0x0002ad2c       0xbc ./../Platform/Sensors/debug/libSensors_efm32_debug.a(LightSensor.o)
                0x0002ad2c                LightSensor_setContinuousMode
 .text.LightSensor_setIntegrationTime
                0x0002ade8       0xbc ./../Platform/Sensors/debug/libSensors_efm32_debug.a(LightSensor.o)
                0x0002ade8                LightSensor_setIntegrationTime
 .text.LightSensor_setBrightness
                0x0002aea4       0xbc ./../Platform/Sensors/debug/libSensors_efm32_debug.a(LightSensor.o)
                0x0002aea4                LightSensor_setBrightness
 .text.LightSensor_readLuxData
                0x0002af60       0xb8 ./../Platform/Sensors/debug/libSensors_efm32_debug.a(LightSensor.o)
                0x0002af60                LightSensor_readLuxData
 .text.Retcode_getPackage
                0x0002b018       0x1c ./../Platform/Sensors/debug/libSensors_efm32_debug.a(Magnetometer.o)
 .text.bmm150LibErrorMapping
                0x0002b034       0x48 ./../Platform/Sensors/debug/libSensors_efm32_debug.a(Magnetometer.o)
 .text.readMagData
                0x0002b07c       0x80 ./../Platform/Sensors/debug/libSensors_efm32_debug.a(Magnetometer.o)
 .text.Magnetometer_init
                0x0002b0fc       0xa4 ./../Platform/Sensors/debug/libSensors_efm32_debug.a(Magnetometer.o)
                0x0002b0fc                Magnetometer_init
 .text.Magnetometer_setPowerMode
                0x0002b1a0       0xd8 ./../Platform/Sensors/debug/libSensors_efm32_debug.a(Magnetometer.o)
                0x0002b1a0                Magnetometer_setPowerMode
 .text.Magnetometer_setPresetMode
                0x0002b278       0xd8 ./../Platform/Sensors/debug/libSensors_efm32_debug.a(Magnetometer.o)
                0x0002b278                Magnetometer_setPresetMode
 .text.Magnetometer_setDataRate
                0x0002b350       0xd8 ./../Platform/Sensors/debug/libSensors_efm32_debug.a(Magnetometer.o)
                0x0002b350                Magnetometer_setDataRate
 .text.Magnetometer_readXyzLsbData
                0x0002b428      0x114 ./../Platform/Sensors/debug/libSensors_efm32_debug.a(Magnetometer.o)
                0x0002b428                Magnetometer_readXyzLsbData
 .text.Magnetometer_readXyzTeslaData
                0x0002b53c      0x124 ./../Platform/Sensors/debug/libSensors_efm32_debug.a(Magnetometer.o)
                0x0002b53c                Magnetometer_readXyzTeslaData
 .text.BCDS_getSensorErrorCode
                0x0002b660       0x68 ./../Platform/Sensors/debug/libSensors_efm32_debug.a(SensorErrorType.o)
                0x0002b660                BCDS_getSensorErrorCode
 .text.Retcode_getPackage
                0x0002b6c8       0x1c ./../Platform/SensorUtils/debug/libSensorUtils_efm32_debug.a(Bma280Utils.o)
 .text.GPIO_PinOutSet
                0x0002b6e4       0x4c ./../Platform/SensorUtils/debug/libSensorUtils_efm32_debug.a(Bma280Utils.o)
 .text.libErrorMapping
                0x0002b730       0x48 ./../Platform/SensorUtils/debug/libSensorUtils_efm32_debug.a(Bma280Utils.o)
 .text.Bma280Utils_initialize
                0x0002b778      0x27c ./../Platform/SensorUtils/debug/libSensorUtils_efm32_debug.a(Bma280Utils.o)
                0x0002b778                Bma280Utils_initialize
 .text.Bma280Utils_remapAxis
                0x0002b9f4       0xb0 ./../Platform/SensorUtils/debug/libSensorUtils_efm32_debug.a(Bma280Utils.o)
                0x0002b9f4                Bma280Utils_remapAxis
 .text.AxisRemap_remapSensorData
                0x0002baa4      0x184 ./../Platform/SensorUtils/debug/libSensorUtils_efm32_debug.a(AxisRemap.o)
                0x0002baa4                AxisRemap_remapSensorData
 .text.Retcode_getPackage
                0x0002bc28       0x1c ./../Platform/SensorUtils/debug/libSensorUtils_efm32_debug.a(Bmi160Utils.o)
 .text.GPIO_PinOutSet
                0x0002bc44       0x4c ./../Platform/SensorUtils/debug/libSensorUtils_efm32_debug.a(Bmi160Utils.o)
 .text.libErrorMapping
                0x0002bc90       0x48 ./../Platform/SensorUtils/debug/libSensorUtils_efm32_debug.a(Bmi160Utils.o)
 .text.Bmi160Utils_initialize
                0x0002bcd8      0x294 ./../Platform/SensorUtils/debug/libSensorUtils_efm32_debug.a(Bmi160Utils.o)
                0x0002bcd8                Bmi160Utils_initialize
 .text.Bmi160Utils_remapAxis
                0x0002bf6c       0xb0 ./../Platform/SensorUtils/debug/libSensorUtils_efm32_debug.a(Bmi160Utils.o)
                0x0002bf6c                Bmi160Utils_remapAxis
 .text.Retcode_getPackage
                0x0002c01c       0x1c ./../Platform/SensorUtils/debug/libSensorUtils_efm32_debug.a(Bmg160Utils.o)
 .text.GPIO_PinOutSet
                0x0002c038       0x4c ./../Platform/SensorUtils/debug/libSensorUtils_efm32_debug.a(Bmg160Utils.o)
 .text.libErrorMapping
                0x0002c084       0x48 ./../Platform/SensorUtils/debug/libSensorUtils_efm32_debug.a(Bmg160Utils.o)
 .text.Bmg160Utils_initialize
                0x0002c0cc      0x25c ./../Platform/SensorUtils/debug/libSensorUtils_efm32_debug.a(Bmg160Utils.o)
                0x0002c0cc                Bmg160Utils_initialize
 .text.Bmg160Utils_remapAxis
                0x0002c328       0xb0 ./../Platform/SensorUtils/debug/libSensorUtils_efm32_debug.a(Bmg160Utils.o)
                0x0002c328                Bmg160Utils_remapAxis
 .text.Retcode_getPackage
                0x0002c3d8       0x1c ./../Platform/SensorUtils/debug/libSensorUtils_efm32_debug.a(Bme280Utils.o)
 .text.GPIO_PinOutSet
                0x0002c3f4       0x4c ./../Platform/SensorUtils/debug/libSensorUtils_efm32_debug.a(Bme280Utils.o)
 .text.libErrorMapping
                0x0002c440       0x48 ./../Platform/SensorUtils/debug/libSensorUtils_efm32_debug.a(Bme280Utils.o)
 .text.Bme280Utils_initialize
                0x0002c488      0x20c ./../Platform/SensorUtils/debug/libSensorUtils_efm32_debug.a(Bme280Utils.o)
                0x0002c488                Bme280Utils_initialize
 .text.Retcode_getPackage
                0x0002c694       0x1c ./../Platform/SensorUtils/debug/libSensorUtils_efm32_debug.a(Bmm150Utils.o)
 .text.GPIO_PinOutSet
                0x0002c6b0       0x4c ./../Platform/SensorUtils/debug/libSensorUtils_efm32_debug.a(Bmm150Utils.o)
 .text.libErrorMapping
                0x0002c6fc       0x48 ./../Platform/SensorUtils/debug/libSensorUtils_efm32_debug.a(Bmm150Utils.o)
 .text.Bmm150Utils_initialize
                0x0002c744      0x1bc ./../Platform/SensorUtils/debug/libSensorUtils_efm32_debug.a(Bmm150Utils.o)
                0x0002c744                Bmm150Utils_initialize
 .text.Bmm150Utils_remapAxis
                0x0002c900       0xb0 ./../Platform/SensorUtils/debug/libSensorUtils_efm32_debug.a(Bmm150Utils.o)
                0x0002c900                Bmm150Utils_remapAxis
 .text.Retcode_getPackage
                0x0002c9b0       0x1c ./../Platform/SensorUtils/debug/libSensorUtils_efm32_debug.a(Max44009Utils.o)
 .text.GPIO_PinOutSet
                0x0002c9cc       0x4c ./../Platform/SensorUtils/debug/libSensorUtils_efm32_debug.a(Max44009Utils.o)
 .text.libErrorMapping
                0x0002ca18       0x40 ./../Platform/SensorUtils/debug/libSensorUtils_efm32_debug.a(Max44009Utils.o)
 .text.Max44009Utils_initialize
                0x0002ca58      0x238 ./../Platform/SensorUtils/debug/libSensorUtils_efm32_debug.a(Max44009Utils.o)
                0x0002ca58                Max44009Utils_initialize
 .text.xQueueGenericReset
                0x0002cc90       0xc8 ./../Libraries/FreeRTOS/FreeRTOS/../BCDS_Customization/debug/libFreeRTOS_efm32_debug.a(queue.o)
                0x0002cc90                xQueueGenericReset
 .text.xQueueGenericCreate
                0x0002cd58       0x90 ./../Libraries/FreeRTOS/FreeRTOS/../BCDS_Customization/debug/libFreeRTOS_efm32_debug.a(queue.o)
                0x0002cd58                xQueueGenericCreate
 .text.xQueueCreateMutex
                0x0002cde8       0xb0 ./../Libraries/FreeRTOS/FreeRTOS/../BCDS_Customization/debug/libFreeRTOS_efm32_debug.a(queue.o)
                0x0002cde8                xQueueCreateMutex
 .text.xQueueGenericSend
                0x0002ce98      0x19c ./../Libraries/FreeRTOS/FreeRTOS/../BCDS_Customization/debug/libFreeRTOS_efm32_debug.a(queue.o)
                0x0002ce98                xQueueGenericSend
 .text.xQueueGenericSendFromISR
                0x0002d034       0xec ./../Libraries/FreeRTOS/FreeRTOS/../BCDS_Customization/debug/libFreeRTOS_efm32_debug.a(queue.o)
                0x0002d034                xQueueGenericSendFromISR
 .text.xQueueGenericReceive
                0x0002d120      0x1e0 ./../Libraries/FreeRTOS/FreeRTOS/../BCDS_Customization/debug/libFreeRTOS_efm32_debug.a(queue.o)
                0x0002d120                xQueueGenericReceive
 .text.xQueueReceiveFromISR
                0x0002d300       0xcc ./../Libraries/FreeRTOS/FreeRTOS/../BCDS_Customization/debug/libFreeRTOS_efm32_debug.a(queue.o)
                0x0002d300                xQueueReceiveFromISR
 .text.vQueueDelete
                0x0002d3cc       0x48 ./../Libraries/FreeRTOS/FreeRTOS/../BCDS_Customization/debug/libFreeRTOS_efm32_debug.a(queue.o)
                0x0002d3cc                vQueueDelete
 .text.prvCopyDataToQueue
                0x0002d414       0xdc ./../Libraries/FreeRTOS/FreeRTOS/../BCDS_Customization/debug/libFreeRTOS_efm32_debug.a(queue.o)
 .text.prvCopyDataFromQueue
                0x0002d4f0       0x50 ./../Libraries/FreeRTOS/FreeRTOS/../BCDS_Customization/debug/libFreeRTOS_efm32_debug.a(queue.o)
 .text.prvUnlockQueue