Archive member included because of file (symbol)

./../Platform/ServalPAL_WiFi/debug/libServalPalWifi_efm32_debug.a(PAL_ip_cc.o)
                              C:/Users/Oliver/Documents/dev/iot/protiotype/xdk-udp/debug/objects/SendDataOverUdp.o (Ip_convertAddrToString)
./../Platform/ServalPAL_WiFi/debug/libServalPalWifi_efm32_debug.a(CyaSslAdapter.o)
                              ./../Platform/ServalPAL_WiFi/debug/libServalPalWifi_efm32_debug.a(PAL_ip_cc.o) (Tcp_SecureClient_initialize)
./../Platform/ServalPAL_WiFi/debug/libServalPalWifi_efm32_debug.a(CyaSslCredentials.o)
                              ./../Platform/ServalPAL_WiFi/debug/libServalPalWifi_efm32_debug.a(CyaSslAdapter.o) (Tcp_SecureClient_credentials)
./../Platform/ServalPAL_WiFi/debug/libServalPalWifi_efm32_debug.a(CyaSslPALAdapter.o)
                              ./../Platform/ServalPAL_WiFi/debug/libServalPalWifi_efm32_debug.a(CyaSslAdapter.o) (CyaSslPALAdapter_initialize)
./../Platform/ServalPAL_WiFi/debug/libServalPalWifi_efm32_debug.a(PAL_clockRTOS_cc.o)
                              ./../Platform/ServalPAL_WiFi/debug/libServalPalWifi_efm32_debug.a(CyaSslPALAdapter.o) (Clock_getTime)
./../Platform/ServalPAL_WiFi/debug/libServalPalWifi_efm32_debug.a(PAL_commBuffer_cc.o)
                              ./../Platform/ServalPAL_WiFi/debug/libServalPalWifi_efm32_debug.a(CyaSslAdapter.o) (CommBuff_getPayload)
./../Platform/ServalPAL_WiFi/debug/libServalPalWifi_efm32_debug.a(PAL_socketMonitor_cc.o)
                              ./../Platform/ServalPAL_WiFi/debug/libServalPalWifi_efm32_debug.a(CyaSslAdapter.o) (PAL_queueCallBackEnQueue)
./../Platform/ServalPAL_WiFi/debug/libServalPalWifi_efm32_debug.a(PAL_tcp_cc.o)
                              ./../Platform/ServalPAL_WiFi/debug/libServalPalWifi_efm32_debug.a(CyaSslAdapter.o) (Tcp_isValidSocket)
./../Platform/ServalPAL_WiFi/debug/libServalPalWifi_efm32_debug.a(PAL_timerRTOS_cc.o)
                              ./../Platform/ServalPAL_WiFi/debug/libServalPalWifi_efm32_debug.a(CyaSslAdapter.o) (Timer_init)
./../Platform/ServalPAL_WiFi/debug/libServalPalWifi_efm32_debug.a(PAL_udp_cc.o)
                              ./../Platform/ServalPAL_WiFi/debug/libServalPalWifi_efm32_debug.a(CyaSslAdapter.o) (Udp_isEqualSocket)
./../Libraries/WiFi/TI/../BCDS_Customization/debug/libWifiLib_efm32_debug.a(netapp.o)
                              ./../Platform/ServalPAL_WiFi/debug/libServalPalWifi_efm32_debug.a(PAL_ip_cc.o) (sl_NetAppDnsGetHostByName)
./../Libraries/WiFi/TI/../BCDS_Customization/debug/libWifiLib_efm32_debug.a(netcfg.o)
                              ./../Platform/ServalPAL_WiFi/debug/libServalPalWifi_efm32_debug.a(PAL_udp_cc.o) (sl_NetCfgSet)
./../Libraries/WiFi/TI/../BCDS_Customization/debug/libWifiLib_efm32_debug.a(socket.o)
                              C:/Users/Oliver/Documents/dev/iot/protiotype/xdk-udp/debug/objects/SendDataOverUdp.o (sl_Socket)
./../Libraries/WiFi/TI/../BCDS_Customization/debug/libWifiLib_efm32_debug.a(driver.o)
                              ./../Libraries/WiFi/TI/../BCDS_Customization/debug/libWifiLib_efm32_debug.a(netapp.o) (_SlDrvProtectAsyncRespSetting)
./../Libraries/WiFi/TI/../BCDS_Customization/debug/libWifiLib_efm32_debug.a(device.o)
                              ./../Libraries/WiFi/TI/../BCDS_Customization/debug/libWifiLib_efm32_debug.a(driver.o) (_sl_HandleAsync_Stop)
./../Platform/Wlan/debug/libWlan_efm32_debug.a(NetworkConfig.o)
                              ./../Libraries/WiFi/TI/../BCDS_Customization/debug/libWifiLib_efm32_debug.a(driver.o) (NetworkConfig_SlNetAppEvtHdlr)
./../Platform/Wlan/debug/libWlan_efm32_debug.a(WlanConnect.o)
                              ./../Libraries/WiFi/TI/../BCDS_Customization/debug/libWifiLib_efm32_debug.a(driver.o) (WlanConnect_SlGeneralEventHdlr)
./../Platform/Wlan/debug/libWlan_efm32_debug.a(WlanDriver.o)
                              ./../Platform/Wlan/debug/libWlan_efm32_debug.a(WlanConnect.o) (WlanDriver_Init)
./../Platform/Sensors/debug/libSensors_efm32_debug.a(Environmental.o)
                              C:/Users/Oliver/Documents/dev/iot/protiotype/xdk-udp/debug/objects/Sensors.o (Environmental_init)
./../Platform/Sensors/debug/libSensors_efm32_debug.a(Gyroscope.o)
                              C:/Users/Oliver/Documents/dev/iot/protiotype/xdk-udp/debug/objects/Sensors.o (Gyroscope_init)
./../Platform/Sensors/debug/libSensors_efm32_debug.a(Accelerometer.o)
                              C:/Users/Oliver/Documents/dev/iot/protiotype/xdk-udp/debug/objects/Sensors.o (Accelerometer_init)
./../Platform/Sensors/debug/libSensors_efm32_debug.a(LightSensor.o)
                              C:/Users/Oliver/Documents/dev/iot/protiotype/xdk-udp/debug/objects/Sensors.o (LightSensor_init)
./../Platform/Sensors/debug/libSensors_efm32_debug.a(Magnetometer.o)
                              C:/Users/Oliver/Documents/dev/iot/protiotype/xdk-udp/debug/objects/Sensors.o (Magnetometer_init)
[...]
Memory Configuration

Name             Origin             Length             Attributes
FLASH            0x00010000         0x000f0000         xr
RAM              0x20000000         0x00020000         xrw
*default*        0x00000000         0xffffffff

Linker script and memory map

LOAD c:/xdk-workbench/armgcc/bin/../lib/gcc/arm-none-eabi/4.7.4/armv7-m/crti.o
LOAD c:/xdk-workbench/armgcc/bin/../lib/gcc/arm-none-eabi/4.7.4/armv7-m/crtbegin.o
LOAD c:/xdk-workbench/armgcc/bin/../lib/gcc/arm-none-eabi/4.7.4/../../../../arm-none-eabi/lib/armv7-m/crt0.o
LOAD C:/Users/Oliver/Documents/dev/iot/protiotype/xdk-udp/debug/objects/./../Platform/Utils/source/RSM_retargetStdioMessage/retargetio.o
LOAD C:/Users/Oliver/Documents/dev/iot/protiotype/xdk-udp/debug/objects/./../Libraries/EMlib/EMLib/usb/src/em_usbdint.o
LOAD C:/Users/Oliver/Documents/dev/iot/protiotype/xdk-udp/debug/objects/main.o
LOAD C:/Users/Oliver/Documents/dev/iot/protiotype/xdk-udp/debug/objects/SendDataOverUdp.o
LOAD C:/Users/Oliver/Documents/dev/iot/protiotype/xdk-udp/debug/objects/Sensors.o
LOAD C:/Users/Oliver/Documents/dev/iot/protiotype/xdk-udp/debug/objects/startup_efm32gg.o
START GROUP
LOAD ./../Platform/SensorToolbox/release/libSensorToolbox.a
LOAD ./../Libraries/ServalStack/BCDS_Customization/release/libServalStack_efm32.a
LOAD ./../Libraries/Cyassl/BCDS_Customization/release/libCyassl_efm32.a
LOAD ./../Platform/ServalPAL_WiFi/debug/libServalPalWifi_efm32_debug.a
LOAD ./../Libraries/WiFi/TI/../BCDS_Customization/debug/libWifiLib_efm32_debug.a
LOAD ./../Platform/Wlan/debug/libWlan_efm32_debug.a
LOAD ./../Platform/MiscDrivers/debug/libMiscDrivers_efm32_debug.a
LOAD ./../Platform/BLE/debug/libBLE_efm32_debug.a
LOAD ./../Platform/Sensors/debug/libSensors_efm32_debug.a
LOAD ./../Platform/SensorUtils/debug/libSensorUtils_efm32_debug.a
LOAD ./../Libraries/FreeRTOS/FreeRTOS/../BCDS_Customization/debug/libFreeRTOS_efm32_debug.a
LOAD ./../Platform/Peripherals/debug/libPeripherals_efm32_debug.a
LOAD ./../Libraries/EMlib/EMLib/../BCDS_Customization/debug/libEMLib_efm32_debug.a
LOAD ./../Libraries/BSTLib/BST_Github/../BCDS_Customization/debug/libBSTLib_efm32_debug.a
LOAD C:/XDK-Workbench/SDK/xdk110/Common/../Common/debug/XDKCommon_efm32_debug.a
LOAD ./../Platform/Utils/debug/libUtils_efm32_debug.a
LOAD ./../Platform/Basics/debug/libBasics_efm32_debug.a
LOAD ./../Platform/SensorDrivers/debug/libSensorDrivers_efm32_debug.a
LOAD ./../Platform/Power/debug/libPOWER_efm32_debug.a
LOAD ./../Platform/SensorDrivers/debug/libSensorDrivers_efm32_debug.a
LOAD ./../Libraries/FATfs/BCDS_Customization/debug/libFATfs_efm32_debug.a
LOAD ./../Libraries/BLEStack/Alpwise/Core_Stack/Libraries/BLESW_CoreStack_CM3.a
LOAD ./../Libraries/BLEStack/Alpwise/Service/Data_Exchange_Service/Libraries/BLESW_ALPWDEP_Server_CM3.a
LOAD ./../Libraries/BLEStack/Alpwise/Core_Stack/Libraries/BLESW_ALPWDES_CM3.a
LOAD ./../Libraries/BLEStack/Alpwise/Service/BLESW_AlertNotification/Libraries/BLESW_ANP_Server_CM3.a
LOAD ./../Libraries/BLEStack/Alpwise/Core_Stack/Libraries/BLESW_ANS_CM3.a
LOAD ./../Libraries/BLEStack/Alpwise/Service/BLESW_BloodPressure/Libraries/BLESW_BLP_Sensor_CM3.a
LOAD ./../Libraries/BLEStack/Alpwise/Core_Stack/Libraries/BLESW_BLS_CM3.a
LOAD ./../Libraries/BLEStack/Alpwise/Service/BLESW_CyclingPower/Libraries/BLESW_CPP_Sensor_CM3.a
LOAD ./../Libraries/BLEStack/Alpwise/Core_Stack/Libraries/BLESW_CPS_CM3.a
LOAD ./../Libraries/BLEStack/Alpwise/Service/BLESW_CyclingSpeedAndCadence/Libraries/BLESW_CSCP_Sensor_CM3.a
LOAD ./../Libraries/BLEStack/Alpwise/Core_Stack/Libraries/BLESW_CSCS_CM3.a
LOAD ./../Libraries/BLEStack/Alpwise/Service/BLESW_Glucose/Libraries/BLESW_GLP_Sensor_CM3.a
LOAD ./../Libraries/BLEStack/Alpwise/Core_Stack/Libraries/BLESW_GLS_CM3.a
LOAD ./../Libraries/BLEStack/Alpwise/Service/BLESW_HealthThermometer/Libraries/BLESW_HTP_Thermometer_CM3.a
LOAD ./../Libraries/BLEStack/Alpwise/Core_Stack/Libraries/BLESW_HTS_CM3.a
LOAD ./../Libraries/BLEStack/Alpwise/Service/BLESW_HeartRate/Libraries/BLESW_HRP_Sensor_CM3.a
LOAD ./../Libraries/BLEStack/Alpwise/Core_Stack/Libraries/BLESW_HRS_CM3.a
LOAD ./../Libraries/BLEStack/Alpwise/Service/BLESW_HumanInterfaceDevice/Libraries/BLESW_HID_Host_CM3.a
LOAD ./../Libraries/BLEStack/Alpwise/Core_Stack/Libraries/BLESW_HIDS_CM3.a
LOAD ./../Libraries/BLEStack/Alpwise/Service/BLESW_LocationAndNavigation/Libraries/BLESW_LNP_Sensor_CM3.a
LOAD ./../Libraries/BLEStack/Alpwise/Core_Stack/Libraries/BLESW_LNS_CM3.a
LOAD ./../Libraries/BLEStack/Alpwise/Service/BLESW_NetworkAvailability/Libraries/BLESW_NWAP_Reporter_CM3.a
LOAD ./../Libraries/BLEStack/Alpwise/Core_Stack/Libraries/BLESW_NWAS_CM3.a
LOAD ./../Libraries/BLEStack/Alpwise/Service/BLESW_PhoneAlertStatus/Libraries/BLESW_PASP_Server_CM3.a
LOAD ./../Libraries/BLEStack/Alpwise/Core_Stack/Libraries/BLESW_PASS_CM3.a
LOAD ./../Libraries/BLEStack/Alpwise/Service/BLESW_RunningSpeedAndCadence/Libraries/BLESW_RSCP_Sensor_CM3.a
LOAD ./../Libraries/BLEStack/Alpwise/Core_Stack/Libraries/BLESW_RSCS_CM3.a
END GROUP
START GROUP
LOAD c:/xdk-workbench/armgcc/bin/../lib/gcc/arm-none-eabi/4.7.4/armv7-m\libgcc.a
LOAD c:/xdk-workbench/armgcc/bin/../lib/gcc/arm-none-eabi/4.7.4/../../../../arm-none-eabi/lib/armv7-m\libc.a
LOAD c:/xdk-workbench/armgcc/bin/../lib/gcc/arm-none-eabi/4.7.4/../../../../arm-none-eabi/lib/armv7-m\libm.a
END GROUP
START GROUP
LOAD c:/xdk-workbench/armgcc/bin/../lib/gcc/arm-none-eabi/4.7.4/armv7-m\libgcc.a
LOAD c:/xdk-workbench/armgcc/bin/../lib/gcc/arm-none-eabi/4.7.4/../../../../arm-none-eabi/lib/armv7-m\libc.a
END GROUP
LOAD c:/xdk-workbench/armgcc/bin/../lib/gcc/arm-none-eabi/4.7.4/armv7-m/crtend.o
LOAD c:/xdk-workbench/armgcc/bin/../lib/gcc/arm-none-eabi/4.7.4/armv7-m/crtn.o

.text           0x00010000    0x3ecbc
 *(.isr_vector)
 .isr_vector    0x00010000      0x100 C:/Users/Oliver/Documents/dev/iot/protiotype/xdk-udp/debug/objects/startup_efm32gg.o
                0x00010000                __isr_vector
 *(.text*)
 .text          0x00010100       0x54 c:/xdk-workbench/armgcc/bin/../lib/gcc/arm-none-eabi/4.7.4/armv7-m/crtbegin.o
 .text          0x00010154       0x70 c:/xdk-workbench/armgcc/bin/../lib/gcc/arm-none-eabi/4.7.4/../../../../arm-none-eabi/lib/armv7-m/crt0.o
                0x00010154                _start
                0x00010154                _mainCRTStartup
                0x00010154                start
 .text._close   0x000101c4       0x18 C:/Users/Oliver/Documents/dev/iot/protiotype/xdk-udp/debug/objects/./../Platform/Utils/source/RSM_retargetStdioMessage/retargetio.o
                0x000101c4                _close
 .text._exit    0x000101dc        0xc C:/Users/Oliver/Documents/dev/iot/protiotype/xdk-udp/debug/objects/./../Platform/Utils/source/RSM_retargetStdioMessage/retargetio.o
                0x000101dc                _exit
 .text._fstat   0x000101e8       0x24 C:/Users/Oliver/Documents/dev/iot/protiotype/xdk-udp/debug/objects/./../Platform/Utils/source/RSM_retargetStdioMessage/retargetio.o
                0x000101e8                _fstat
 .text._getpid  0x0001020c       0x10 C:/Users/Oliver/Documents/dev/iot/protiotype/xdk-udp/debug/objects/./../Platform/Utils/source/RSM_retargetStdioMessage/retargetio.o
                0x0001020c                _getpid
 .text._isatty  0x0001021c       0x18 C:/Users/Oliver/Documents/dev/iot/protiotype/xdk-udp/debug/objects/./../Platform/Utils/source/RSM_retargetStdioMessage/retargetio.o
                0x0001021c                _isatty
 .text._kill    0x00010234       0x1c C:/Users/Oliver/Documents/dev/iot/protiotype/xdk-udp/debug/objects/./../Platform/Utils/source/RSM_retargetStdioMessage/retargetio.o
                0x00010234                _kill
 .text._lseek   0x00010250       0x1c C:/Users/Oliver/Documents/dev/iot/protiotype/xdk-udp/debug/objects/./../Platform/Utils/source/RSM_retargetStdioMessage/retargetio.o
                0x00010250                _lseek
 .text._read    0x0001026c       0x70 C:/Users/Oliver/Documents/dev/iot/protiotype/xdk-udp/debug/objects/./../Platform/Utils/source/RSM_retargetStdioMessage/retargetio.o
                0x0001026c                _read
 .text._sbrk    0x000102dc       0xa0 C:/Users/Oliver/Documents/dev/iot/protiotype/xdk-udp/debug/objects/./../Platform/Utils/source/RSM_retargetStdioMessage/retargetio.o
                0x000102dc                _sbrk
 .text._write   0x0001037c       0x20 C:/Users/Oliver/Documents/dev/iot/protiotype/xdk-udp/debug/objects/./../Platform/Utils/source/RSM_retargetStdioMessage/retargetio.o
                0x0001037c                _write
 .text.INT_Disable
                0x0001039c       0x40 C:/Users/Oliver/Documents/dev/iot/protiotype/xdk-udp/debug/objects/./../Libraries/EMlib/EMLib/usb/src/em_usbdint.o
 .text.INT_Enable
                0x000103dc       0x54 C:/Users/Oliver/Documents/dev/iot/protiotype/xdk-udp/debug/objects/./../Libraries/EMlib/EMLib/usb/src/em_usbdint.o
 .text.USBHAL_FlushTxFifo
                0x00010430       0x4c C:/Users/Oliver/Documents/dev/iot/protiotype/xdk-udp/debug/objects/./../Libraries/EMlib/EMLib/usb/src/em_usbdint.o
 .text.USBHAL_GetCoreInts
                0x0001047c       0x40 C:/Users/Oliver/Documents/dev/iot/protiotype/xdk-udp/debug/objects/./../Libraries/EMlib/EMLib/usb/src/em_usbdint.o
 .text.USBDHAL_EnableInts
                0x000104bc       0x70 C:/Users/Oliver/Documents/dev/iot/protiotype/xdk-udp/debug/objects/./../Libraries/EMlib/EMLib/usb/src/em_usbdint.o
 .text.USBDHAL_Ep0Activate
                0x0001052c       0x70 C:/Users/Oliver/Documents/dev/iot/protiotype/xdk-udp/debug/objects/./../Libraries/EMlib/EMLib/usb/src/em_usbdint.o
 .text.USBDHAL_GetAllInEpInts
                0x0001059c       0x48 C:/Users/Oliver/Documents/dev/iot/protiotype/xdk-udp/debug/objects/./../Libraries/EMlib/EMLib/usb/src/em_usbdint.o
 .text.USBDHAL_GetAllOutEpInts
                0x000105e4       0x44 C:/Users/Oliver/Documents/dev/iot/protiotype/xdk-udp/debug/objects/./../Libraries/EMlib/EMLib/usb/src/em_usbdint.o
 .text.USBDHAL_GetInEpInts
                0x00010628       0x44 C:/Users/Oliver/Documents/dev/iot/protiotype/xdk-udp/debug/objects/./../Libraries/EMlib/EMLib/usb/src/em_usbdint.o
 .text.USBDHAL_GetOutEpInts
                0x0001066c       0x44 C:/Users/Oliver/Documents/dev/iot/protiotype/xdk-udp/debug/objects/./../Libraries/EMlib/EMLib/usb/src/em_usbdint.o
 .text.USBDHAL_StartEp0Setup
                0x000106b0       0x88 C:/Users/Oliver/Documents/dev/iot/protiotype/xdk-udp/debug/objects/./../Libraries/EMlib/EMLib/usb/src/em_usbdint.o
 .text.USBD_GetEpFromAddr
                0x00010738       0xa0 C:/Users/Oliver/Documents/dev/iot/protiotype/xdk-udp/debug/objects/./../Libraries/EMlib/EMLib/usb/src/em_usbdint.o
 .text.USB_IRQHandler
                0x000107d8      0x16c C:/Users/Oliver/Documents/dev/iot/protiotype/xdk-udp/debug/objects/./../Libraries/EMlib/EMLib/usb/src/em_usbdint.o
                0x000107d8                USB_IRQHandler
 .text.Handle_USB_GINTSTS_ENUMDONE
                0x00010944       0x3c C:/Users/Oliver/Documents/dev/iot/protiotype/xdk-udp/debug/objects/./../Libraries/EMlib/EMLib/usb/src/em_usbdint.o
 .text.Handle_USB_GINTSTS_IEPINT
                0x00010980      0x118 C:/Users/Oliver/Documents/dev/iot/protiotype/xdk-udp/debug/objects/./../Libraries/EMlib/EMLib/usb/src/em_usbdint.o
 .text.Handle_USB_GINTSTS_OEPINT
                0x00010a98      0x230 C:/Users/Oliver/Documents/dev/iot/protiotype/xdk-udp/debug/objects/./../Libraries/EMlib/EMLib/usb/src/em_usbdint.o
 .text.Handle_USB_GINTSTS_RESETDET
                0x00010cc8       0x40 C:/Users/Oliver/Documents/dev/iot/protiotype/xdk-udp/debug/objects/./../Libraries/EMlib/EMLib/usb/src/em_usbdint.o
 .text.Handle_USB_GINTSTS_SOF
                0x00010d08       0x64 C:/Users/Oliver/Documents/dev/iot/protiotype/xdk-udp/debug/objects/./../Libraries/EMlib/EMLib/usb/src/em_usbdint.o
 .text.Handle_USB_GINTSTS_USBRST
                0x00010d6c      0x150 C:/Users/Oliver/Documents/dev/iot/protiotype/xdk-udp/debug/objects/./../Libraries/EMlib/EMLib/usb/src/em_usbdint.o
 .text.Handle_USB_GINTSTS_USBSUSP
                0x00010ebc       0x68 C:/Users/Oliver/Documents/dev/iot/protiotype/xdk-udp/debug/objects/./../Libraries/EMlib/EMLib/usb/src/em_usbdint.o
 .text.Handle_USB_GINTSTS_WKUPINT
                0x00010f24       0x30 C:/Users/Oliver/Documents/dev/iot/protiotype/xdk-udp/debug/objects/./../Libraries/EMlib/EMLib/usb/src/em_usbdint.o
 .text.main     0x00010f54       0x10 C:/Users/Oliver/Documents/dev/iot/protiotype/xdk-udp/debug/objects/main.o
                0x00010f54                main
 .text.init     0x00010f64      0x14c C:/Users/Oliver/Documents/dev/iot/protiotype/xdk-udp/debug/objects/SendDataOverUdp.o
                0x00010f64                init
 .text.appInitSystem
                0x000110b0       0x20 C:/Users/Oliver/Documents/dev/iot/protiotype/xdk-udp/debug/objects/SendDataOverUdp.o
                0x000110b0                appInitSystem
 .text.sampleNoiseSensor
                0x000110d0      0x194 C:/Users/Oliver/Documents/dev/iot/protiotype/xdk-udp/debug/objects/SendDataOverUdp.o
 .text.readNoiseSensorData
                0x00011264       0xcc C:/Users/Oliver/Documents/dev/iot/protiotype/xdk-udp/debug/objects/SendDataOverUdp.o
 .text.sampleAndStoreSensorData
                0x00011330       0x50 C:/Users/Oliver/Documents/dev/iot/protiotype/xdk-udp/debug/objects/SendDataOverUdp.o
 .text.bsdUdpClient
                0x00011380      0x88c C:/Users/Oliver/Documents/dev/iot/protiotype/xdk-udp/debug/objects/SendDataOverUdp.o
 .text.wifiSend
                0x00011c0c       0x34 C:/Users/Oliver/Documents/dev/iot/protiotype/xdk-udp/debug/objects/SendDataOverUdp.o
 .text.wifiConnectGetIP
                0x00011c40      0x200 C:/Users/Oliver/Documents/dev/iot/protiotype/xdk-udp/debug/objects/SendDataOverUdp.o
 .text.GPIO_PinOutSet
                0x00011e40       0x4c C:/Users/Oliver/Documents/dev/iot/protiotype/xdk-udp/debug/objects/Sensors.o
 .text.printSensorError
                0x00011e8c       0x94 C:/Users/Oliver/Documents/dev/iot/protiotype/xdk-udp/debug/objects/Sensors.o
 .text.accelerometerSensorInit
                0x00011f20       0x70 C:/Users/Oliver/Documents/dev/iot/protiotype/xdk-udp/debug/objects/Sensors.o
                0x00011f20                accelerometerSensorInit
 .text.readAccelerometerData
                0x00011f90       0xe8 C:/Users/Oliver/Documents/dev/iot/protiotype/xdk-udp/debug/objects/Sensors.o
                0x00011f90                readAccelerometerData
 .text.gyroSensorInit
                0x00012078       0x70 C:/Users/Oliver/Documents/dev/iot/protiotype/xdk-udp/debug/objects/Sensors.o
                0x00012078                gyroSensorInit
 .text.readGyroData
                0x000120e8       0xe4 C:/Users/Oliver/Documents/dev/iot/protiotype/xdk-udp/debug/objects/Sensors.o
                0x000120e8                readGyroData
 .text.lightsensorInit
                0x000121cc       0x88 C:/Users/Oliver/Documents/dev/iot/protiotype/xdk-udp/debug/objects/Sensors.o
                0x000121cc                lightsensorInit
 .text.setLightSensorRegisters
                0x00012254       0x70 C:/Users/Oliver/Documents/dev/iot/protiotype/xdk-udp/debug/objects/Sensors.o
 .text.readLightSensor
                0x000122c4       0x74 C:/Users/Oliver/Documents/dev/iot/protiotype/xdk-udp/debug/objects/Sensors.o
                0x000122c4                readLightSensor
 .text.noiseSensorInit
                0x00012338       0x90 C:/Users/Oliver/Documents/dev/iot/protiotype/xdk-udp/debug/objects/Sensors.o
                0x00012338                noiseSensorInit
 .text.readNoiseSensor
                0x000123c8       0x4c C:/Users/Oliver/Documents/dev/iot/protiotype/xdk-udp/debug/objects/Sensors.o
                0x000123c8                readNoiseSensor
 .text.magnetometerSensorInit
                0x00012414       0xc8 C:/Users/Oliver/Documents/dev/iot/protiotype/xdk-udp/debug/objects/Sensors.o
                0x00012414                magnetometerSensorInit
 .text.readMagnetometerSensor
                0x000124dc       0x88 C:/Users/Oliver/Documents/dev/iot/protiotype/xdk-udp/debug/objects/Sensors.o
                0x000124dc                readMagnetometerSensor
 .text.environmentSensorInit
                0x00012564       0x70 C:/Users/Oliver/Documents/dev/iot/protiotype/xdk-udp/debug/objects/Sensors.o
                0x00012564                environmentSensorInit
 .text.readEnvironmentSensor
                0x000125d4       0x80 C:/Users/Oliver/Documents/dev/iot/protiotype/xdk-udp/debug/objects/Sensors.o
                0x000125d4                readEnvironmentSensor
 .text.orientationSensorInit
                0x00012654       0x70 C:/Users/Oliver/Documents/dev/iot/protiotype/xdk-udp/debug/objects/Sensors.o
                0x00012654                orientationSensorInit
 .text          0x000126c4       0x98 C:/Users/Oliver/Documents/dev/iot/protiotype/xdk-udp/debug/objects/startup_efm32gg.o
                0x000126c4                Reset_Handler
                0x000126f8                Default_Handler
                0x000126fa                NMI_Handler
                0x000126fc                HardFault_Handler
                0x000126fe                MemManage_Handler
                0x00012700                BusFault_Handler
                0x00012702                UsageFault_Handler
                0x00012706                DebugMon_Handler
                0x0001270a                SysTick_Handler
                0x00012716                ACMP0_IRQHandler
                0x0001271a                ADC0_IRQHandler
                0x0001271c                DAC0_IRQHandler
                0x00012724                TIMER1_IRQHandler
                0x00012726                TIMER2_IRQHandler
                0x00012728                TIMER3_IRQHandler
                0x0001272e                LESENSE_IRQHandler
                0x00012740                LETIMER0_IRQHandler
                0x00012742                PCNT0_IRQHandler
                0x00012744                PCNT1_IRQHandler
                0x00012746                PCNT2_IRQHandler
                0x0001274a                BURTC_IRQHandler
                0x0001274c                CMU_IRQHandler
                0x0001274e                VCMP_IRQHandler
                0x00012750                LCD_IRQHandler
                0x00012752                MSC_IRQHandler
                0x00012754                AES_IRQHandler
                0x00012756                EBI_IRQHandler
                0x00012758                EMU_IRQHandler
 *fill*         0x0001275c        0x4 00
 .text          0x00012760    0x120bc ./../Platform/SensorToolbox/release/libSensorToolbox.a
                0x00012760                bsx_get_version
                0x00012774                bsx_reset
                0x00012778                bsx_dopreprocess
                0x00012944                bsx_docalibration
                0x00012d50                bsx_dousecase
                0x00013068                bsx_dostep
                0x0001307c                bsx_get_hwdependency
                0x0001315c                bsx_get_calibrationcalltick
                0x0001316c                bsx_get_usecasecalltick
                0x0001317c                bsx_init_acc
                0x00013264                bsx_setAccSensorSpec
                0x00013274                bsx_set_accrange
                0x000132b4                bsx_get_accrange
                0x000132c4                bsx_set_accdatarate
                0x00013340                bsx_get_accdatarate
                0x00013350                bsx_set_acccalib_accuracythreshold
                0x0001335c                bsx_setAccConfiguration
                0x00013544                bsx_set_acccalibprofile
                0x00013574                bsx_get_acccalibprofile
                0x00013588                bsx_reset_acccalib
                0x00013594                bsx_set_stepdetectionopmode
                0x0001359c                bsx_get_accrawdata
                0x000135fc                bsx_get_accoffset
                0x00013638                bsx_get_acccalibaccuracy
                0x0001363c                bsx_get_accoffsets_mg
                0x0001365c                bsx_get_acccordata
                0x0001368c                bsx_init_mag
                0x0001379c                bsx_setMagSensorSpec
                0x000137bc                bsx_set_magdatarate
                0x00013810                bsx_get_magdatarate
                0x00013820                bsx_setMagConfiguration
                0x00013a74                bsx_set_magcalibprofile
                0x00013b90                bsx_get_magcalibprofile
                0x00013dc4                bsx_set_workingmode
                0x00014590                bsx_set_accdyn_distdetmode
                0x000145a8                bsx_get_magrawdata
                0x000145d8                bsx_get_magcordata
                0x00014608                bsx_get_magcalibaccuracy
                0x00014668                bsx_init_gyro
                0x00014774                bsx_setGyroSensorSpec
                0x00014784                bsx_set_gyrodatarate
                0x000147d0                bsx_setGyroConfiguration
                0x000149e4                bsx_set_gyrocalibprofile
                0x00014a2c                bsx_get_gyrocalibprofile
                0x00014ae8                bsx_get_gyrorawdata_rps
                0x00014b4c                bsx_get_gyrocordata_rps
                0x00014bb0                bsx_get_gyrocalibaccuracy
                0x00014bc8                bsx_set_orientcoordinatesystem
                0x00014be0                bsx_get_orientdata_quat
                0x00014c5c                bsx_get_georotationvector_quat
                0x00014d0c                bsx_get_geoheadingaccuracy_rad
                0x00014d3c                bsx_get_orientdata_euler_rad
                0x00014d8c                bsx_get_orient_datastatus
                0x00014da8                bsx_get_headingaccuracy_rad
                0x00014dc4                bsx_set_compass_accel_filternoise
                0x00014dd8                bsx_set_compass_magnoise
                0x00014dec                bsx_set_compass_magfilterparam
                0x00014dfc                bsx_setCompassConfiguration
                0x00014f7c                bsx_get_significantmotiondetectionopmode
                0x00014f84                bsx_get_flipgesture_detecttime
                0x00014f90                bsx_set_flipgesture_detecttime
                0x00014fcc                bsx_setNdofConfiguration
                0x0001507c                bsx_setUseCaseConfig
                0x000150c8                bsx_init_orient
                0x000151c8                bsx_init
                0x00015510                bsx_calcorientaccuracy
                0x0001553c                bsx_copyBytefromMemory
                0x0001561c                bsx_crc
                0x000156d0                genericaccspec_setSensorSpec
                0x00015880                genericaccspec_setRange
                0x000158f8                genericaccspec_setDatarate
                0x00015974                genericaccspec_setOpMode
                0x0001597c                genericaccspec_getNoiseFactor
                0x00015984                genericaccspec_getRange
                0x0001598c                genericaccspec_getOpMode
                0x00015994                genericaccspec_getDatarate
                0x0001599c                genericaccspec_getSensorRmsNoise
                0x000159ac                genericaccspec_getOffsetErr
                0x000159b4                genericaccspec_getSensitivityErr
                0x000159bc                genericaccspec_getGVectorErrors
                0x000159d0                genericaccspec_getNoise
                0x000159d8                genericaccspec_getMaximumRange
                0x000159ec                genericaccspec_getMinDelay
                0x00015a28                genericaccspec_getName
                0x00015a30                genericaccspec_getPower
                0x00015a40                genericaccspec_getResolution
                0x00015a50                genericaccspec_getType
                0x00015a58                genericaccspec_getVendor
                0x00015a64                genericaccspec_getVersion
                0x00015a70                GENERICCLOCKDOMAIN_GetVersion
                0x00015a80                GENERICCLOCKDOMAIN_Init
                0x00015aac                GENERICCLOCKDOMAIN_Reset
                0x00015ad8                GENERICCLOCKDOMAIN_DoStep
                0x00015bd4                GENERICCLOCKDOMAIN_GetSystemProcessingTimerTick
                0x00015bdc                GENERICCLOCKDOMAIN_GetCalibProcessingTimerTick
                0x00015be4                GENERICCLOCKDOMAIN_GetOrientProcessingTimerTick
                0x00015bec                GENERICCLOCKDOMAIN_SetOperationMode
                0x00015c10                GENERICCLOCKDOMAIN_SetSystemDatarate
                0x00015c2c                GENERICCLOCKDOMAIN_SetCalibDatarate
                0x00015c48                GENERICCLOCKDOMAIN_SetOrientDatarate
                0x00015c64                GENERICCLOCKDOMAIN_SetObserverDatarate
                0x00015c80                GENERICDATAPREPROC_GetVersion
                0x00015c90                GENERICDATAPREPROC_Reset
                0x00015ce4                GENERICDATAPREPROC_DoStep
                0x00015e40                GENERICDATAPREPROC_SetConversionFactors
                0x00015e4c                GENERICDATAPREPROC_SetOperationMode
                0x00015e60                GENERICDATAPREPROC_SetDataCorrectionMode
                0x00015e70                GENERICDATAPREPROC_SetOffsetParameter
                0x00015ea0                GENERICDATAPREPROC_SetSensitivityCorrectionMatrix
                0x00015ed8                GENERICDATAPREPROC_GetSensitivityCorrectionMatrix
                0x00015f14                GENERICDATAPREPROC_SetAxisRemapConfiguration
                0x0001600c                GENERICDATAPREPROC_Init
                0x00016110                GENERICDATAPREPROC_SetDigitalFilter1Opmode
                0x00016124                GENERICDATAPREPROC_SetDigitalFilter1Parameter
                0x0001613c                GENERICDATAPREPROC_SetDigitalFilter2Opmode
                0x00016150                GENERICDATAPREPROC_SetDigitalFilter2Parameter
                0x0001615c                GENERICDATAPREPROC_SetDigitalFilter2NoiseLevel
                0x00016168                GENERICDATAPREPROC_SetDigitalFilterIIRCoeff
                0x000161bc                GENERICDATAPREPROC_GetRawData
                0x000161d8                GENERICDATAPREPROC_GetSicData
                0x000161f4                GENERICDATAPREPROC_GetCorrectedData
                0x00016210                GENERICDATAPREPROC_GetFilteredData1
                0x0001622c                GENERICDATAPREPROC_GetFilteredData2
                0x00016248                genericgyrospec_setSensorSpec
                0x000162ec                genericgyrospec_setRange
                0x0001632c                genericgyrospec_setDatarate
                0x0001636c                genericgyrospec_setOpMode
                0x00016374                genericgyrospec_getRange
                0x0001637c                genericgyrospec_getOpMode
                0x00016384                genericgyrospec_getDatarate
                0x0001638c                genericgyrospec_getMaximumRange
                0x000163a0                genericgyrospec_getMinDelay
                0x000163c8                genericgyrospec_getName
                0x000163d0                genericgyrospec_getPower
                0x000163e0                genericgyrospec_getResolution
                0x000163f0                genericgyrospec_getType
                0x000163f8                genericgyrospec_getVendor
                0x00016400                genericgyrospec_getVersion
                0x00016408                genericmagspec_setSensorSpec
                0x00016538                genericmagspec_setRange
                0x00016558                genericmagspec_setDatarate
                0x00016560                genericmagspec_setOpMode
                0x00016568                genericmagspec_getNoiseFactor
                0x00016570                genericmagspec_getRange
                0x00016584                genericmagspec_getOpMode
                0x0001658c                genericmagspec_getDatarate
                0x00016594                genericmagspec_getSensorRmsNoise
                0x0001659c                genericmagspec_getMaximumRange
                0x000165b0                genericmagspec_getMinDelay
                0x000165d0                genericmagspec_getName
                0x000165d8                genericmagspec_getPower
                0x00016628                genericmagspec_getResolution
                0x00016630                genericmagspec_getType
                0x00016638                genericmagspec_getNoise
                0x00016640                genericmagspec_getVendor
                0x0001664c                genericmagspec_getVersion
                0x00016658                GENERICSENSORMANIPULATION_ConvertData2LsbXYZ
                0x000167b8                GENERICSENSORMANIPULATION_ConvertLsb2DataXYZ
                0x000167f8                GENERICSENSORMANIPULATION_ConvertData2DataXYZ
                0x0001682c                GENERICSENSORMANIPULATION_DoOffsetCorrectionXYZ
                0x00016868                GENERICSENSORMANIPULATION_DoDiagonalSensitivityCorrectionXYZ
                0x0001695c                GENERICSENSORMANIPULATION_DoFullSensitivityCorrectionXYZ
                0x00016ad4                GENERICSENSORMANIPULATION_RemapSensorDataXYZ
                0x00016b30                MATRIX_Transpose
                0x00016bbc                MATRIX_Multiply
                0x00016ce0                MATRIX_Multiply_s32
                0x00016dcc                MATRIX_Add
                0x00016e00                MATRIX_Subtract
                0x00016e34                MATRIX_Identity
                0x00016ebc                MATRIX_Copy
                0x00016edc                MATRIX_CopyFromMatIndex
                0x00016f78                MATRIX_Initialize
                0x00016f94                MATRIX_InitializeFixed
                0x00016fb0                MATRIX_Initialize_s32
                0x00016fcc                MATRIX_Equal
                0x0001700c                MATRIX_Mean
                0x000170b8                MATRIX_ElementwiseDivide
                0x000170ec                MATRIX_ElementwiseMultiply
                0x00017120                MATRIX_ElementwiseSqrt
                0x0001714c                MATRIX_ElementwiseScalarDivision
                0x00017180                MATRIX_ElementwiseScalarMultiply
                0x000171b4                MATRIX_ElementwiseScalarAdd
                0x000171e8                MATRIX_ElementwiseScalarSubtract
                0x0001723c                MATRIX_ElementwiseScalarPower
                0x000172e4                MATRIX_GaussJordanElimination
                0x0001766c                MATRIX_GaussElimination
                0x00017abc                MATRIX_Inverse
                0x00017d08                MATRIX_ElementwiseScalarPowerFixed
                0x00017d90                MATRIX_MeanFixed
                0x00017e54                MATRIX_AddFixed
                0x00017e80                MATRIX_ElementwiseMultiplyFixed
                0x00017eac                MATRIX_Diagonal
                0x00017f80                MATRIX_Absolute
                0x00017fd8                MATRIX_DiagonalSum
                0x00018048                ADVPREFILTER_Init
                0x0001806c                ADVPREFILTER_Run
                0x000181cc                ADVPREFILTER_SetCoefficient
                0x000181e4                ADVPREFILTER_SetNoiseLevel
                0x000181ec                THREECHANNELIIR1ORD_Init
                0x00018200                THREECHANNELIIR1ORD_Reset
                0x0001820c                THREECHANNELIIR1ORD_Run
                0x00018294                THREECHANNELIIR1ORD_SetCoefficient
                0x0001829c                COMPASSORIENT_GetVersion
                0x000182ac                COMPASSORIENT_DoStep
                0x00018810                COMPASSORIENT_SetOperationMode
                0x00018870                COMPASSORIENT_GetOperationMode
                0x0001887c                COMPASSORIENT_SetAccNoise
                0x00018888                COMPASSORIENT_GetAccNoise
                0x00018894                COMPASSORIENT_SetMagNoise
                0x000188a0                COMPASSORIENT_GetMagNoise
                0x000188ac                COMPASSORIENT_SetOrientFilterMode
                0x00018910                COMPASSORIENT_GetOrientFilterMode
                0x0001891c                COMPASSORIENT_SetOrientFilterCoeffCalcMode
                0x00018924                COMPASSORIENT_GetOrientFilterCoeffCalcMode
                0x00018930                COMPASSORIENT_SetOrientFilterParameter
                0x00018990                COMPASSORIENT_SetAccelOrientFilterParameter
                0x000189c8                COMPASSORIENT_SetMagOrientFilterParameter
                0x00018a00                COMPASSORIENT_GetOrientFilterParameter
                0x00018a30                COMPASSORIENT_SetCompassOrientFilterParamArray
                0x00018a6c                COMPASSORIENT_SetM4GOrientFilterParamArray
                0x00018aa8                COMPASSORIENT_GetCompassQuaternion
                0x00018b08                COMPASSORIENT_SetCompassQuaternion
                0x00018b78                COMPASSORIENT_GetCompassEuler
                0x00018bfc                COMPASSORIENT_GetGVector
                0x00018c94                COMPASSORIENT_GetDcm
                0x00018d00                COMPASSORIENT_calcAngularRate
                0x00018f38                COMPASSORIENT_getAngularRate
                0x00018f54                COMPASSORIENT_setM4gAccDynThreshold
                0x00018f5c                COMPASSORIENT_getM4gAccDynThreshold
                0x00018f68                COMPASSORIENT_estimateOrientHeadingAccuracy
                0x00019048                COMPASSORIENT_getorientdata_heading_accuracy_Rad
                0x00019054                compassorient_resetAccAdaptFilter
                0x00019060                compassorient_resetMagAdaptFilter
                0x0001906c                compassorient_m4gResetBuffer
                0x000190c0                COMPASSORIENT_Init
                0x00019238                COMPASSORIENT_Reset
                0x000193b0                NDOFORIENT_Init
                0x000195b4                NDOFORIENT_Reset
                0x000195f4                NDOFORIENT_Restart
                0x00019610                NDOFORIENT_ResetObservationEngines
                0x00019624                NDOFORIENT_ResetOrientation
                0x0001964c                NDOFORIENT_ResetDeltaT
                0x00019664                NDOFORIENT_SetOperationMode
                0x00019674                NDOFORIENT_GetOperationMode
                0x00019688                NDOFORIENT_SetDeltaT
                0x000196c0                NDOFORIENT_GetDeltaT
                0x000196e4                NDOFORIENT_SetNdofParameterSettings
                0x00019a00                NDOFORIENT_SetShakeCouplingSettings
                0x00019a18                NDOFORIENT_SetAccelCouplingFactor
                0x00019a2c                NDOFORIENT_GetAccelCouplingFactor
                0x00019a40                NDOFORIENT_SetAccelCouplingThreshold
                0x00019a54                NDOFORIENT_GetAccelCouplingThreshold
                0x00019a68                NDOFORIENT_SetAccelCouplingDeltaThreshold
                0x00019a7c                NDOFORIENT_GetAccelCouplingDeltaThreshold
                0x00019a90                NDOFORIENT_SetAccelCouplingTimerThreshold
                0x00019aa4                NDOFORIENT_GetAccelCouplingTimerThreshold
                0x00019ab8                NDOFORIENT_SetAccelCouplingGyroRateThreshold
                0x00019acc                NDOFORIENT_GetAccelCouplingGyroRateThreshold
                0x00019ae0                NDOFORIENT_SetMagnObservDistortionDetectionThreshold
                0x00019b14                NDOFORIENT_GetMagnObservDistortionDetectionThreshold
                0x00019b28                NDOFORIENT_SetMagnObservDistortionSignalLength
                0x00019b3c                NDOFORIENT_GetMagnObservDistortionSignalLength
                0x00019b50                NDOFORIENT_SetMagnObservNoDistortionDetectionTime
                0x00019b64                NDOFORIENT_GetMagnObservNoDistortionDetectionTime
                0x00019b78                NDOFORIENT_SetMagnObservStrongDistortionDetectionThreshold
                0x00019b98                NDOFORIENT_GetMagnObservStrongDistortionDetectionThreshold
                0x00019bac                NDOFORIENT_SetMagnCouplingFactor
                0x00019bc0                NDOFORIENT_GetMagnCouplingFactor
                0x00019bd4                NDOFORIENT_SetMagnCouplingThreshold
                0x00019be8                NDOFORIENT_GetMagnCouplingThreshold
                0x00019bfc                NDOFORIENT_SetMagnCouplingDeltaThreshold
                0x00019c10                NDOFORIENT_GetMagnCouplingDeltaThreshold
                0x00019c24                NDOFORIENT_SetMagnCouplingTimerThreshold
                0x00019c38                NDOFORIENT_GetMagnCouplingTimerThreshold
                0x00019c4c                NDOFORIENT_SetMagnCouplingGyroRateThreshold
                0x00019c60                NDOFORIENT_GetMagnCouplingGyroRateThreshold
                0x00019c74                NDOFORIENT_SetMagnCouplingHorizontalFieldStrengthThreshold
                0x00019c88                NDOFORIENT_GetMagnCouplingHorizontalFieldStrengthThreshold
                0x00019c9c                NDOFORIENT_SetQuaternionIntegrationThreshold
                0x00019cac                NDOFORIENT_SetHeadingAccuracyBaseThreshold
                0x00019cbc                NDOFORIENT_SetHeadingAccuracyMinimum
                0x00019ccc                NDOFORIENT_GetQuaternionIntegrationThreshold
                0x00019ce0                NDOFORIENT_SetDynamicMagCouplingParameterSettings
                0x00019d14                NDOFORIENT_GetDynamicMagCouplingParameterSettings
                0x00019d3c                NDOFORIENT_SetNdofQuaternion
                0x00019d78                NDOFORIENT_GetNdofQuaternion
                0x00019da0                NDOFORIENT_GetNdofOrientation
                0x00019dcc                NDOFORIENT_GetImuQuaternion
                0x00019dfc                NDOFORIENT_GetImuOrientation
                0x00019e50                NDOFORIENT_GetGvector
                0x00019e94                NDOFORIENT_GetDcm
                0x00019eac                NDOFORIENT_GetAccelCouplingStatus
                0x00019ec0                NDOFORIENT_GetMagCouplingStatus
                0x00019ed4                NDOFORIENT_GetOrientAccuracyStatus
                0x00019ee8                NDOFORIENT_GetHeadingAccuracyRad
                0x00019efc                NDOFORIENT_GetHeadingAccuracyStatus
                0x00019f10                NDOFORIENT_CalculateAngle
                0x00019f94                NDOFORIENT_CalculateHeadingAccuracy
                0x0001a10c                NDOFORIENT_DoStep
                0x0001aa08                NDOFORIENT_UpdateBuffer
                0x0001aa34                NDOFORIENT_UpdatingHeadingAccuracyStatus
                0x0001aab8                ORIENTSENSOR_GetHeading
                0x0001ab08                ORIENTSENSOR_GetPitch
                0x0001abf8                ORIENTSENSOR_GetRoll
                0x0001ac38                ORIENTSENSOR_CalcRotQuat
                0x0001ae40                ORIENTSENSOR_QuatConj
                0x0001ae5c                ORIENTSENSOR_QuatMult
                0x0001aef4                ORIENTSENSOR_QuatRotVect
                0x0001b000                ORIENTSENSOR_TiltCompensation
                0x0001b094                ORIENTSENSOR_GetQuaternion
                0x0001b204                ORIENTSENSOR_GetEuler
                0x0001b358                ORIENTSENSOR_QuatRotVectf32
                0x0001b4f0                flipgesture_init
                0x0001b530                flipgesture_run
                0x0001b608                flipgesture_set_flipangle
                0x0001b6ac                flipgesture_get_flipangle
                0x0001b7b0                flipgesture_set_flipstate_detecttime
                0x0001b80c                flipgesture_get_flipstate_detecttime
                0x0001b81c                flipgesture_get_flipstatus
                0x0001b82c                ACCCALIB_GetVersion
                0x0001b83c                ACCCALIB_Init
                0x0001b9d0                ACCCALIB_Set_ConfigProfile
                0x0001ba70                ACCCALIB_Reset
                0x0001bac4                ACCCALIB_SetOperationMode
                0x0001bad4                ACCCALIB_SetGravityLimits
                0x0001baf0                ACCCALIB_SetAccuracyThreshold
                0x0001bb00                ACCCALIB_SetCalibParam
                0x0001bb80                ACCCALIB_SetAccuracy
                0x0001bb90                ACCCALIB_SetConfigProfile
                0x0001bd00                ACCCALIB_SetOrientationThreshold
                0x0001bd10                ACCCALIB_SetDynamicThreshold
                0x0001bd20                ACCCALIB_GetDynamic
                0x0001bd34                ACCCALIB_GetOperationMode
                0x0001bd48                ACCCALIB_GetCalibFlag
                0x0001bd5c                ACCCALIB_GetOneGflag
                0x0001bd70                ACCCALIB_GetCalibParam
                0x0001bd98                ACCCALIB_GetOffset
                0x0001bdb8                ACCCALIB_GetAccuracy
                0x0001bdcc                ACCCALIB_GetConfigProfile
                0x0001be78                ACCCALIB_RunDynamicLevelMonitoring
                0x0001bed4                ACCCALIB_RunGravityCheck
                0x0001bf24                ACCCALIB_RunOrientationChangeMonitoring
                0x0001c128                ACCCALIB_RunDataSelection
                0x0001c150                ACCCALIB_RunCalibration
                0x0001c214                ACCCALIB_Run
                0x0001c42c                ACCCALIB_DoStep
                0x0001c460                ACCCALIB_RunAccuracyMonitoring
                0x0001c4e8                DATASELECT_Init
                0x0001c53c                DATASELECT_Run
                0x0001c8cc                DATASELECT_Reset
                0x0001c8d8                DATASELECT_GetClusterPts
                0x0001c944                DATASELECT_SetClusterSize
                0x0001c960                EKF_Init
                0x0001c9ac                EKF_Run
                0x0001cb94                EKF_InitSysParam
                0x0001cbb8                EKF_SetCovariance
                0x0001cbd0                EKF_SetProcessNoise
                0x0001cbe8                EKF_GetProcessNoise
                0x0001cbf8                EKF_SetMeasureNoise
                0x0001cc00                EKF_GetSphereParam
                0x0001cce0                EKF_SensorErrorModel
                0x0001cd44                EKF_ObservationModel
                0x0001cda4                EKF_ObservationModel_SphereCosPhi
                0x0001ce68                MAGCALIB_GetVersion
                0x0001ce78                MAGCALIB_DoStep
                0x0001d670                MAGCALIB_SetProcessNoise
                0x0001d684                MAGCALIB_GetProcessNoise
                0x0001d698                MAGCALIB_SetAccurDistResetFlag
                0x0001d6a8                MAGCALIB_GetAccurDistResetFlag
                0x0001d6bc                MAGCALIB_SetRefValue
                0x0001d6ec                MAGCALIB_GetAccurBuferSize
                0x0001d700                MAGCALIB_initAccurBuff
                0x0001d744                MAGCALIB_SetOperationMode
                0x0001d754                MAGCALIB_GetOperationMode
                0x0001d768                MAGCALIB_GetOffset
                0x0001d788                MAGCALIB_GetAccuracy
                0x0001d7a8                MAGCALIB_GetAccuracyExt
                0x0001d7bc                MAGCALIB_SetAccuracy
                0x0001d7cc                MAGCALIB_SetAccuracyExt
                0x0001d7dc                MAGCALIB_Reset
                0x0001d890                MAGCALIB_Set_ConfigProfile
                0x0001da0c                MAGCALIB_Init
                0x0001dbac                MAGCALIB_SetConfigProfile
                0x0001df24                MAGCALIB_SetMeasurementRange
                0x0001df68                MAGCALIB_GetMeasurementRange
                0x0001dfc4                MAGCALIB_SetLsbTouTforInputs
                0x0001e044                MAGCALIB_SetCalibParam
                0x0001e298                MAGCALIB_SetAccuracyThreshold
                0x0001e2a8                MAGCALIB_SetAccuracyBreakDwnThreshold
                0x0001e2b8                MAGCALIB_GetDynamic
                0x0001e2cc                MAGCALIB_GetDistortion
                0x0001e2e0                MAGCALIB_GetCalibFlag
                0x0001e2f4                MAGCALIB_GetCalibParam
                0x0001e35c                ACCELOBSERVER_Init
                0x0001e3ec                ACCELOBSERVER_DoStep
                0x0001e554                ACCELOBSERVER_SetParameterSettings
                0x0001e568                ACCELOBSERVER_GetAccelDynamicDetectionThreshold
                0x0001e570                ACCELOBSERVER_GetDynamicDetectionBandwidth
                0x0001e578                ACCELOBSERVER_GetNODynamicDetectionTime
                0x0001e580                ACCELOBSERVER_GetOneGThreshold
                0x0001e594                ACCELOBSERVER_Reset
                0x0001e5a0                ACCELOBSERVER_GetDynamicStatus
                0x0001e5a8                ACCELOBSERVER_GetOneGStatus
                0x0001e5b0                MAGOBSERVER_Init
                0x0001e658                MAGOBSERVER_Reset
                0x0001e674                MAGOBSERVER_DoStep
                0x0001e9e8                MAGOBSERVER_SetStrongDistortionDetectionThreshold
                0x0001ea08                MAGOBSERVER_GetStrongDistortionDetectionThreshold
                0x0001ea1c                MAGOBSERVER_SetNoDistortionDetectionTime
                0x0001ea24                MAGOBSERVER_GetNoDistortionDetectionTime
                0x0001ea30                MAGOBSERVER_SetDistortionDetectionThreshold
                0x0001ea54                MAGOBSERVER_GetDistortionDetectionThreshold
                0x0001ea6c                MAGOBSERVER_SetDistortionSignalLength
                0x0001ea74                MAGOBSERVER_GetDistortionSignalLength
                0x0001ea80                MAGOBSERVER4DYN_Init
                0x0001eacc                MAGOBSERVER4DYN_Reset
                0x0001eb08                MAGOBSERVER4DYN_DoStep
                0x0001edf4                MAGOBSERVER4DYN_SetDynamicDetectionThreshold
                0x0001edfc                MAGOBSERVER4DYN_GetDynamicDetectionThreshold
                0x0001ee08                MAGOBSERVER4DYN_SetNoDynamicDetectionTime
                0x0001ee10                MAGOBSERVER4DYN_GetNoDynamicDetectionTime
                0x0001ee1c                GYROCALIB_GetVersion
                0x0001ee2c                GYROCALIB_Init
                0x0001ee88                GYROCALIB_DoStep
                0x0001f40c                GYROCALIB_Reset
                0x0001f430                GYROCALIB_ResetGyroOffset
                0x0001f448                GYROCALIB_ResetObservationEngines
                0x0001f458                GYROCALIB_SetAccuracy
                0x0001f468                GYROCALIB_GetAccuracy
                0x0001f47c                GYROCALIB_SetGyroCalibrationSettings
                0x0001f4f8                GYROCALIB_SetShakeDetectionSettings
                0x0001f510                GYROCALIB_GetShakeStatus
                0x0001f524                GYROCALIB_SetGyroObservDynamicDetectionThreshold
                0x0001f538                GYROCALIB_GetGyroObservDynamicDetectionThreshold
                0x0001f54c                GYROCALIB_SetGyroObservNoDynamicDetectionTime
                0x0001f560                GYROCALIB_GetGyroObservNoDynamicDetectionTime
                0x0001f574                GYROCALIB_SetGyroOffsetThreshold
                0x0001f584                GYROCALIB_GetGyroOffsetThreshold
                0x0001f598                GYROCALIB_SetOperationMode
                0x0001f5a8                GYROCALIB_GetOperationMode
                0x0001f5bc                GYROCALIB_GetCalibParam
                0x0001f5d4                GYROCALIB_SetCalibParam
                0x0001f5f8                GYROCALIB_GetCalibStatus
                0x0001f60c                GYROCALIB_UpdateOffsetStepwise
                0x0001f69c                FASTMAGCALIB_Init
                0x0001f714                FASTMAGCALIB_DoPreProcess
                0x0001f77c                FASTMAGCALIB_DoProcess
                0x0001f900                FASTMAGCALIB_DoPostProcess
                0x0001f9a0                FASTMAGCALIB_GetOpMode
                0x0001f9b4                FASTMAGCALIB_SetOpMode
                0x0001f9c4                FASTMAGCALIB_GetOffsets
                0x0001fa94                FASTMAGCALIB_GetAccuracy
                0x0001faa8                FASTMAGCALIB_SetAccuracy
                0x0001fab8                FASTMAGCALIB_GetState
                0x0001facc                FASTMAGCALIB_SetState
                0x0001fadc                FASTMAGCALIB_Reset
                0x0001faf4                FASTMAGCALIB_ResetMagRef
                0x0001fb00                FASTMAGCALIB_GetCalibStatus
                0x0001fb14                FASTMAGCALIB_GetCalibParam
                0x0001fb64                FASTMAGCALIB_SetCalibParam
                0x0001fbb4                FASTMAGCALIB_GetResidualMax
                0x0001fbc0                FASTMAGCALIB_GetCheckDynamic
                0x0001fc74                FASTMAGCALIB_GetSelectData
                0x0001fdb0                FASTMAGCALIB_GetCovMatrixMax
                0x0001fdbc                FASTMAGCALIB_GetDistortionStatus
                0x0001fdc0                FASTMAGCALIB_SetConfigParam
                0x0001ffc8                FASTMAGCALIB_setconfigparam
                0x00020104                FASTMAGCALIB_GetConfigParam
                0x000203c4                FASTMAGSTATEMACHINE_Init
                0x0002049c                FASTMAGSTATEMACHINE_InitStart
                0x000204bc                FASTMAGSTATEMACHINE_InitStop
                0x000204d0                FASTMAGSTATEMACHINE_InitReset
                0x000204e4                FASTMAGSTATEMACHINE_GetState
                0x000204f8                FASTMAGSTATEMACHINE_GetCovMatrixMax
                0x0002050c                FASTMAGSTATEMACHINE_GetLimits
                0x00020530                FASTMAGSTATEMACHINE_GetResidualMax
                0x00020544                FASTMAGSTATEMACHINE_Reset
                0x00020584                FASTMAGSTATEMACHINE_Stop
                0x000205c4                FASTMAGSTATEMACHINE_MainRun
                0x00020960                FASTMAGSTATEMACHINE_GetOffsets
                0x00020980                FASTMAGSTATEMACHINE_GetRadius
                0x00020994                FASTMAGSTATEMACHINE_SetCalibParam
                0x00020a08                FASTMAGSTATEMACHINE_ResetMagRef
                0x00020a34                FASTMAGSTATEMACHINE_GetMagVector
                0x00020a48                FASTMAGSTATEMACHINE_GetAccuracy
                0x00020a98                FASTMAGSTATEMACHINE_GetDistortionStatus
                0x00020ab4                MATH_VectorLength
                0x00020af0                MATH_GetMaxFL
                0x00020b6c                MATH_GetMinMax
                0x00020c04                MATH_GetMax
                0x00020c70                MATH_GetMin
                0x00020cdc                MATH_UpdateFIFOBufferXYZ
                0x00020d0c                MATH_UpdateFIFOBufferXYZF32
                0x00020d3c                MATH_UpdateFIFOBufferF32
                0x00020d58                MATH_UpdateFIFOBuffer
                0x00020d74                MATH_Mean
                0x00020e08                MATH_MeanFL
                0x00020e78                MATH_Variance
                0x00020f50                MATH_StandardDeviation
                0x000210cc                Math_CalcVariance
                0x00021348                quatmath_multiplication
                0x00021490                quatmath_multiplicationS
                0x000215a0                quatmath_conjugate_multiplication
                0x0002182c                quatmath_normalization
                0x00021904                quatmath_reset
                0x00021918                quatmath_conjugate
                0x00021948                quatmath_pointRot
                0x00021b94                quatmath_angularRateToQuat
                0x00021d2c                quatmath_angularRate2Quat4Fmc
                0x00021e00                quatmath_updateOrientation
                0x00021f88                quatmath_quat2Vector
                0x00021fac                quatmath_vector2Quat
                0x00021fc4                quatmath_calcRotQuat
                0x00022014                quatmath_calcRotQuatS
                0x00022064                quatmath_getGravity
                0x00022108                quatmath_getEulerAngle
                0x00022adc                quatmath_getDcm
                0x00022c08                quatmath_getDcmFrame
                0x00022d38                invSqrtF
                0x00022e14                invSqrt
                0x00022f98                ADAPTFILTER_Init
                0x00022fe0                ADAPTFILTER_Reset
                0x00022ffc                ADAPTFILTER_Run
                0x00023310                ADAPTFILTER_SetBaseCoef
                0x00023320                ADAPTFILTER_GetBaseCoef
                0x0002332c                ADAPTFILTER_SetDynProcess
                0x0002333c                ADAPTFILTER_GetDynProcess
                0x00023348                ADAPTFILTER_SetMaxDyn
                0x00023350                ADAPTFILTER_SetNoise
                0x00023358                ADAPTFILTER_GetNoise
                0x00023360                IMUOPERATION_Init
                0x0002344c                IMUOPERATION_CalMotion
                0x00023490                IMUOPERATION_Reset
                0x000234a8                IMUOPERATION_SetRestartFlag
                0x000234b8                IMUOPERATION_ACCURACYEVALUATION
                0x00023528                IMUOPERATION_SetShakeCouplingParam
                0x00023534                IMUOPERATION_SetAccelCouplingFactor
                0x0002353c                IMUOPERATION_GetAccelCouplingFactor
                0x00023548                IMUOPERATION_SetAccelCouplingThreshold
                0x00023550                IMUOPERATION_GetAccelCouplingThreshold
                0x0002355c                IMUOPERATION_SetAccelCouplingDeltaThreshold
                0x00023564                IMUOPERATION_GetAccelCouplingDeltaThreshold
                0x00023570                IMUOPERATION_SetAccelCouplingTimerThreshold
                0x00023578                IMUOPERATION_GetAccelCouplingTimerThreshold
                0x00023584                IMUOPERATION_SetAccelCouplingGyroRateThreshold
                0x0002358c                IMUOPERATION_GetAccelCouplingGyroRateThreshold
                0x00023598                IMUOPERATION_SetMagCouplingFactor
                0x000235a0                IMUOPERATION_GetMagCouplingFactor
                0x000235ac                IMUOPERATION_SetMagCouplingThreshold
                0x000235b4                IMUOPERATION_GetMagCouplingThreshold
                0x000235c0                IMUOPERATION_SetMagCouplingDeltaThreshold
                0x000235c8                IMUOPERATION_GetMagCouplingDeltaThreshold
                0x000235d4                IMUOPERATION_SetMagCouplingTimerThreshold
                0x000235dc                IMUOPERATION_GetMagCouplingTimerThreshold
                0x000235e8                IMUOPERATION_SetMagCouplingGyroRateThreshold
                0x000235f0                IMUOPERATION_GetMagCouplingGyroRateThreshold
                0x000235fc                IMUOPERATION_SetMagnCouplingHorizontalFieldStrengthThreshold
                0x00023604                IMUOPERATION_GetMagnCouplingHorizontalFieldStrengthThreshold
                0x00023610                IMUOPERATION_SetMagnCouplingGyroRateThreshold
                0x00023618                IMUOPERATION_GetMagnCouplingGyroRateThreshold
                0x00023624                IMUOPERATIONS_SetMagCouplingDynamicOpmode
                0x0002362c                IMUOPERATIONS_GetMagCouplingDynamicOpmode
                0x00023634                IMUOPERATIONS_SetDynamicMagCouplingParameterSettings
                0x00023648                IMUOPERATIONS_GetDynamicMagCouplingParameterSettings
                0x0002366c                IMUOPERATION_GetQuatFromRotation
                0x00023748                IMUOPERATION_GetDelayedQuaternion
                0x0002377c                IMUOPERATION_SaveQuaternion
                0x000237a0                acccalibconfig_setDefaultConfig
                0x00023810                fmcconfig_setDefaultConfig
                0x000239fc                magcalibconfig_setDefaultConfig
                0x00023b28                GYROOBSERVER_Init
                0x00023b98                GYROOBSERVER_DynamicDetection
                0x00023ec8                GYROOBSERVER_DoStep
                0x00023ed8                GYROOBSERVER_Reset
                0x00023ef0                GYROOBSERVER_SetShakeDetectionParam
                0x00023efc                GYROOBSERVER_GetShakeStatus
                0x00023f08                GYROOBSERVER_SetDynamicDetectionThreshold
                0x00023f10                GYROOBSERVER_GetDynamicDetectionThreshold
                0x00023f1c                GYROOBSERVER_SetNoDynamicDetectionTime
                0x00023f24                GYROOBSERVER_GetNoDynamicDetectionTime
                0x00023f30                FMCKALMAN_Init
                0x00024000                FMCKALMAN_Predict
                0x00024064                FMCKALMAN_Correct
                0x000241bc                FMCKALMAN_Get_Offset
                0x000241d0                FMCKALMAN_Set_Offset
                0x000241e4                FMCKALMAN_Get_Radius
                0x00024244                FMCKALMAN_Get_MagVector
                0x00024258                FMCKALMAN_Get_MaxCov
                0x0002427c                FMCKALMAN_Get_MaxCovOffset
                0x000242a8                FMCKALMAN_Set_CovOffset
                0x000242dc                FMCKALMAN_Set_CovMagRef
                0x00024310                FMCKALMAN_Get_Residual
                0x00024350                FMCKALMAN_GetResidualfromMeas
                0x00024380                orientmath__getVersion
                0x00024390                orientmath_get_PitchRollFromGravity
                0x00024428                orientmath_getHeading
                0x00024468                orientmath_calcAngle
                0x00024580                orientmath_calcAngleS
                0x00024658                orientmath_crossProduct
                0x000246d4                orientmath_crossProductS
                0x00024774                orientmath_axisAng2Quat
 .text.Retcode_getPackage
                0x0002481c       0x38 ./../Platform/SensorToolbox/release/libSensorToolbox.a
 .text.Orientation_init
                0x00024854       0x4c ./../Platform/SensorToolbox/release/libSensorToolbox.a
                0x00024854                Orientation_init
 .text.mutexTake
                0x000248a0       0x7c ./../Platform/SensorToolbox/release/libSensorToolbox.a
 .text.mutexGive
                0x0002491c       0x64 ./../Platform/SensorToolbox/release/libSensorToolbox.a
 .text.fingerPrintBaseSensorInit
                0x00024980       0xdc ./../Platform/SensorToolbox/release/libSensorToolbox.a
 .text.bsxBaseSensorInit
                0x00024a5c      0x19c ./../Platform/SensorToolbox/release/libSensorToolbox.a
 .text.bsxAlgoInit
                0x00024bf8       0xb8 ./../Platform/SensorToolbox/release/libSensorToolbox.a
 .text.VirtualSensor_mainProcess
                0x00024cb0      0x464 ./../Platform/SensorToolbox/release/libSensorToolbox.a
                0x00024cb0                VirtualSensor_mainProcess
 .text.bsxSensorFusionInit
                0x00025114      0x154 ./../Platform/SensorToolbox/release/libSensorToolbox.a
 .text.stepCounterSensorInit
                0x00025268       0xa0 ./../Platform/SensorToolbox/release/libSensorToolbox.a
 .text.environmentalSensorInit
                0x00025308       0xcc ./../Platform/SensorToolbox/release/libSensorToolbox.a
 .text.fingerPrintInit
                0x000253d4       0x9c ./../Platform/SensorToolbox/release/libSensorToolbox.a
 .text.VirtualSensor_init
                0x00025470       0xdc ./../Platform/SensorToolbox/release/libSensorToolbox.a
                0x00025470                VirtualSensor_init
 .text.Ip_convertAddrToString
                0x0002554c       0x4c ./../Platform/ServalPAL_WiFi/debug/libServalPalWifi_efm32_debug.a(PAL_ip_cc.o)
                0x0002554c                Ip_convertAddrToString
 .text.Ip_getMyIpAddr
                0x00025598       0x2c ./../Platform/ServalPAL_WiFi/debug/libServalPalWifi_efm32_debug.a(PAL_ip_cc.o)
                0x00025598                Ip_getMyIpAddr
 .text.Basics_htonl
                0x000255c4       0x1c ./../Platform/ServalPAL_WiFi/debug/libServalPalWifi_efm32_debug.a(PAL_ip_cc.o)
                0x000255c4                Basics_htonl
 .text.sl_NetAppStop
                0x000255e0       0x58 ./../Libraries/WiFi/TI/../BCDS_Customization/debug/libWifiLib_efm32_debug.a(netapp.o)
                0x000255e0                sl_NetAppStop
 .text._sl_HandleAsync_DnsGetHostByService
                0x00025638      0x114 ./../Libraries/WiFi/TI/../BCDS_Customization/debug/libWifiLib_efm32_debug.a(netapp.o)
                0x00025638                _sl_HandleAsync_DnsGetHostByService
 .text._sl_HandleAsync_DnsGetHostByName
                0x0002574c      0x108 ./../Libraries/WiFi/TI/../BCDS_Customization/debug/libWifiLib_efm32_debug.a(netapp.o)
                0x0002574c                _sl_HandleAsync_DnsGetHostByName
 .text.CopyPingResultsToReport
                0x00025854       0x44 ./../Libraries/WiFi/TI/../BCDS_Customization/debug/libWifiLib_efm32_debug.a(netapp.o)
 .text._sl_HandleAsync_PingResponse
                0x00025898       0xf4 ./../Libraries/WiFi/TI/../BCDS_Customization/debug/libWifiLib_efm32_debug.a(netapp.o)
                0x00025898                _sl_HandleAsync_PingResponse
 .text._sl_NetAppSendTokenValue
                0x0002598c       0x88 ./../Libraries/WiFi/TI/../BCDS_Customization/debug/libWifiLib_efm32_debug.a(netapp.o)
                0x0002598c                _sl_NetAppSendTokenValue
 .text._SlDrvNetAppEventHandler
                0x00025a14      0x148 ./../Libraries/WiFi/TI/../BCDS_Customization/debug/libWifiLib_efm32_debug.a(netapp.o)
                0x00025a14                _SlDrvNetAppEventHandler
 .text.sl_NetCfgSet
                0x00025b5c       0x94 ./../Libraries/WiFi/TI/../BCDS_Customization/debug/libWifiLib_efm32_debug.a(netcfg.o)
                0x00025b5c                sl_NetCfgSet
 .text.sl_NetCfgGet
                0x00025bf0       0xd8 ./../Libraries/WiFi/TI/../BCDS_Customization/debug/libWifiLib_efm32_debug.a(netcfg.o)
                0x00025bf0                sl_NetCfgGet
 .text._sl_BuildAddress
                0x00025cc8       0x60 ./../Libraries/WiFi/TI/../BCDS_Customization/debug/libWifiLib_efm32_debug.a(socket.o)
 .text._sl_TruncatePayloadByProtocol
                0x00025d28       0x44 ./../Libraries/WiFi/TI/../BCDS_Customization/debug/libWifiLib_efm32_debug.a(socket.o)
 .text.sl_Socket
                0x00025d6c       0x7c ./../Libraries/WiFi/TI/../BCDS_Customization/debug/libWifiLib_efm32_debug.a(socket.o)
                0x00025d6c                sl_Socket
 .text.sl_Close
                0x00025de8       0x5c ./../Libraries/WiFi/TI/../BCDS_Customization/debug/libWifiLib_efm32_debug.a(socket.o)
                0x00025de8                sl_Close
 .text.sl_SendTo
                0x00025e44      0x138 ./../Libraries/WiFi/TI/../BCDS_Customization/debug/libWifiLib_efm32_debug.a(socket.o)
                0x00025e44                sl_SendTo
 .text._sl_HandleAsync_Connect
                0x00025f7c       0xd4 ./../Libraries/WiFi/TI/../BCDS_Customization/debug/libWifiLib_efm32_debug.a(socket.o)
                0x00025f7c                _sl_HandleAsync_Connect
 .text.sl_Htonl
                0x00026050       0x58 ./../Libraries/WiFi/TI/../BCDS_Customization/debug/libWifiLib_efm32_debug.a(socket.o)
                0x00026050                sl_Htonl
 .text.sl_Htons
                0x000260a8       0x48 ./../Libraries/WiFi/TI/../BCDS_Customization/debug/libWifiLib_efm32_debug.a(socket.o)
                0x000260a8                sl_Htons
 .text._sl_HandleAsync_Accept
                0x000260f0       0xa8 ./../Libraries/WiFi/TI/../BCDS_Customization/debug/libWifiLib_efm32_debug.a(socket.o)
                0x000260f0                _sl_HandleAsync_Accept
 .text._sl_HandleAsync_Select
                0x00026198       0x94 ./../Libraries/WiFi/TI/../BCDS_Customization/debug/libWifiLib_efm32_debug.a(socket.o)
                0x00026198                _sl_HandleAsync_Select
 .text._SlDrvProtectAsyncRespSetting
                0x0002622c       0x5c ./../Libraries/WiFi/TI/../BCDS_Customization/debug/libWifiLib_efm32_debug.a(driver.o)
                0x0002622c                _SlDrvProtectAsyncRespSetting
 .text._SlDrvDriverCBInit
                0x00026288      0x25c ./../Libraries/WiFi/TI/../BCDS_Customization/debug/libWifiLib_efm32_debug.a(driver.o)
                0x00026288                _SlDrvDriverCBInit
 .text._SlDrvDriverCBDeinit
                0x000264e4      0x190 ./../Libraries/WiFi/TI/../BCDS_Customization/debug/libWifiLib_efm32_debug.a(driver.o)
                0x000264e4                _SlDrvDriverCBDeinit
 .text._SlDrvRxIrqHandler
                0x00026674       0x80 ./../Libraries/WiFi/TI/../BCDS_Customization/debug/libWifiLib_efm32_debug.a(driver.o)
                0x00026674                _SlDrvRxIrqHandler
 .text._SlDrvCmdOp
                0x000266f4       0xe4 ./../Libraries/WiFi/TI/../BCDS_Customization/debug/libWifiLib_efm32_debug.a(driver.o)
                0x000266f4                _SlDrvCmdOp
 .text._SlDrvDataWriteOp
                0x000267d8      0x1c8 ./../Libraries/WiFi/TI/../BCDS_Customization/debug/libWifiLib_efm32_debug.a(driver.o)
                0x000267d8                _SlDrvDataWriteOp
 .text._SlDrvMsgWrite
                0x000269a0      0x248 ./../Libraries/WiFi/TI/../BCDS_Customization/debug/libWifiLib_efm32_debug.a(driver.o)
 .text._SlDrvMsgRead
                0x00026be8      0x788 ./../Libraries/WiFi/TI/../BCDS_Customization/debug/libWifiLib_efm32_debug.a(driver.o)
 .text._SlAsyncEventGenericHandler
                0x00027370      0x120 ./../Libraries/WiFi/TI/../BCDS_Customization/debug/libWifiLib_efm32_debug.a(driver.o)
 .text._SlDrvMsgReadCmdCtx
                0x00027490      0x19c ./../Libraries/WiFi/TI/../BCDS_Customization/debug/libWifiLib_efm32_debug.a(driver.o)
 .text._SlDrvMsgReadSpawnCtx
                0x0002762c      0x10c ./../Libraries/WiFi/TI/../BCDS_Customization/debug/libWifiLib_efm32_debug.a(driver.o)
                0x0002762c                _SlDrvMsgReadSpawnCtx
 .text._SlDrvClassifyRxMsg
                0x00027738       0xf0 ./../Libraries/WiFi/TI/../BCDS_Customization/debug/libWifiLib_efm32_debug.a(driver.o)
 .text._SlDrvRxHdrRead
                0x00027828      0x2a4 ./../Libraries/WiFi/TI/../BCDS_Customization/debug/libWifiLib_efm32_debug.a(driver.o)
 .text._SlDrvCmdSend
                0x00027acc       0x9c ./../Libraries/WiFi/TI/../BCDS_Customization/debug/libWifiLib_efm32_debug.a(driver.o)
                0x00027acc                _SlDrvCmdSend
 .text._SlDrvWaitForPoolObj
                0x00027b68      0x254 ./../Libraries/WiFi/TI/../BCDS_Customization/debug/libWifiLib_efm32_debug.a(driver.o)
                0x00027b68                _SlDrvWaitForPoolObj
 .text._SlDrvReleasePoolObj
                0x00027dbc      0x2fc ./../Libraries/WiFi/TI/../BCDS_Customization/debug/libWifiLib_efm32_debug.a(driver.o)
                0x00027dbc                _SlDrvReleasePoolObj
 .text._SlRemoveFromList
                0x000280b8      0x114 ./../Libraries/WiFi/TI/../BCDS_Customization/debug/libWifiLib_efm32_debug.a(driver.o)
 .text._SlFindAndSetActiveObj
                0x000281cc      0x1f4 ./../Libraries/WiFi/TI/../BCDS_Customization/debug/libWifiLib_efm32_debug.a(driver.o)
 .text._SlDrvDispatchHttpServerEvents
                0x000283c0       0x1c ./../Libraries/WiFi/TI/../BCDS_Customization/debug/libWifiLib_efm32_debug.a(driver.o)
                0x000283c0                _SlDrvDispatchHttpServerEvents
 .text._SlDrvSyncObjSignal
                0x000283dc       0x30 ./../Libraries/WiFi/TI/../BCDS_Customization/debug/libWifiLib_efm32_debug.a(driver.o)
                0x000283dc                _SlDrvSyncObjSignal
 .text._SlDrvObjLockWaitForever
                0x0002840c       0x34 ./../Libraries/WiFi/TI/../BCDS_Customization/debug/libWifiLib_efm32_debug.a(driver.o)
                0x0002840c                _SlDrvObjLockWaitForever
 .text._SlDrvProtectionObjLockWaitForever
                0x00028440       0x40 ./../Libraries/WiFi/TI/../BCDS_Customization/debug/libWifiLib_efm32_debug.a(driver.o)
                0x00028440                _SlDrvProtectionObjLockWaitForever
 .text._SlDrvObjUnLock
                0x00028480       0x30 ./../Libraries/WiFi/TI/../BCDS_Customization/debug/libWifiLib_efm32_debug.a(driver.o)
                0x00028480                _SlDrvObjUnLock
 .text._SlDrvProtectionObjUnLock
                0x000284b0       0x3c ./../Libraries/WiFi/TI/../BCDS_Customization/debug/libWifiLib_efm32_debug.a(driver.o)
                0x000284b0                _SlDrvProtectionObjUnLock
 .text._SlDrvObjGlobalLockWaitForever
                0x000284ec       0x3c ./../Libraries/WiFi/TI/../BCDS_Customization/debug/libWifiLib_efm32_debug.a(driver.o)
 .text._SlDrvGlobalObjUnLock
                0x00028528       0x3c ./../Libraries/WiFi/TI/../BCDS_Customization/debug/libWifiLib_efm32_debug.a(driver.o)
                0x00028528                _SlDrvGlobalObjUnLock
 .text._SlDrvMemZero
                0x00028564       0x24 ./../Libraries/WiFi/TI/../BCDS_Customization/debug/libWifiLib_efm32_debug.a(driver.o)
                0x00028564                _SlDrvMemZero
 .text._SlDrvResetCmdExt
                0x00028588       0x1c ./../Libraries/WiFi/TI/../BCDS_Customization/debug/libWifiLib_efm32_debug.a(driver.o)
                0x00028588                _SlDrvResetCmdExt
 .text._SlDrvSyncObjWaitForever
                0x000285a4       0x38 ./../Libraries/WiFi/TI/../BCDS_Customization/debug/libWifiLib_efm32_debug.a(driver.o)
                0x000285a4                _SlDrvSyncObjWaitForever
 .text._SlDrvSyncObjWaitTimeout
                0x000285dc       0x58 ./../Libraries/WiFi/TI/../BCDS_Customization/debug/libWifiLib_efm32_debug.a(driver.o)
                0x000285dc                _SlDrvSyncObjWaitTimeout
 .text._SlDriverHandleError
                0x00028634       0xb4 ./../Libraries/WiFi/TI/../BCDS_Customization/debug/libWifiLib_efm32_debug.a(driver.o)
                0x00028634                _SlDriverHandleError
 .text._sl_GetStartResponseConvert
                0x000286e8       0x28 ./../Libraries/WiFi/TI/../BCDS_Customization/debug/libWifiLib_efm32_debug.a(device.o)
 .text.sl_Start
                0x00028710      0x130 ./../Libraries/WiFi/TI/../BCDS_Customization/debug/libWifiLib_efm32_debug.a(device.o)
                0x00028710                sl_Start
 .text._sl_HandleAsync_InitComplete
                0x00028840       0xe8 ./../Libraries/WiFi/TI/../BCDS_Customization/debug/libWifiLib_efm32_debug.a(device.o)
                0x00028840                _sl_HandleAsync_InitComplete
 .text._sl_HandleAsync_Stop
                0x00028928       0x90 ./../Libraries/WiFi/TI/../BCDS_Customization/debug/libWifiLib_efm32_debug.a(device.o)
                0x00028928                _sl_HandleAsync_Stop
 .text.sl_Stop  0x000289b8      0x110 ./../Libraries/WiFi/TI/../BCDS_Customization/debug/libWifiLib_efm32_debug.a(device.o)
                0x000289b8                sl_Stop
 .text._SlDrvDeviceEventHandler
                0x00028ac8       0xb8 ./../Libraries/WiFi/TI/../BCDS_Customization/debug/libWifiLib_efm32_debug.a(device.o)
                0x00028ac8                _SlDrvDeviceEventHandler
 .text.NetworkConfig_SlNetAppEvtHdlr
                0x00028b80       0xa0 ./../Platform/Wlan/debug/libWlan_efm32_debug.a(NetworkConfig.o)
                0x00028b80                NetworkConfig_SlNetAppEvtHdlr
 .text.NetworkConfig_GetIpStatus
                0x00028c20       0x18 ./../Platform/Wlan/debug/libWlan_efm32_debug.a(NetworkConfig.o)
                0x00028c20                NetworkConfig_GetIpStatus
 .text.NetworkConfig_SetIpStatus
                0x00028c38       0x20 ./../Platform/Wlan/debug/libWlan_efm32_debug.a(NetworkConfig.o)
                0x00028c38                NetworkConfig_SetIpStatus
 .text.NetworkConfig_GetIpSettings
                0x00028c58       0xc0 ./../Platform/Wlan/debug/libWlan_efm32_debug.a(NetworkConfig.o)
                0x00028c58                NetworkConfig_GetIpSettings
 .text.NetworkConfig_SetIpDhcp
                0x00028d18       0xb4 ./../Platform/Wlan/debug/libWlan_efm32_debug.a(NetworkConfig.o)
                0x00028d18                NetworkConfig_SetIpDhcp
 .text.connectNonBlockingCall
                0x00028dcc      0x18c ./../Platform/Wlan/debug/libWlan_efm32_debug.a(WlanConnect.o)
 .text.connectBlockingCall
                0x00028f58       0xd0 ./../Platform/Wlan/debug/libWlan_efm32_debug.a(WlanConnect.o)
 .text.WlanConnect_SlGeneralEventHdlr
                0x00029028       0x9c ./../Platform/Wlan/debug/libWlan_efm32_debug.a(WlanConnect.o)
                0x00029028                WlanConnect_SlGeneralEventHdlr
 .text.WlanConnect_SLWlanEventHdlr
                0x000290c4       0x6c ./../Platform/Wlan/debug/libWlan_efm32_debug.a(WlanConnect.o)
                0x000290c4                WlanConnect_SLWlanEventHdlr
 .text.WlanConnect_GetInitStatus
                0x00029130       0x18 ./../Platform/Wlan/debug/libWlan_efm32_debug.a(WlanConnect.o)
                0x00029130                WlanConnect_GetInitStatus
 .text.WlanConnect_Init
                0x00029148       0xf4 ./../Platform/Wlan/debug/libWlan_efm32_debug.a(WlanConnect.o)
                0x00029148                WlanConnect_Init
 .text.NonBlockingTimer
                0x0002923c       0xb0 ./../Platform/Wlan/debug/libWlan_efm32_debug.a(WlanConnect.o)
                0x0002923c                NonBlockingTimer
 .text.WlanConnect_Open
                0x000292ec       0xd0 ./../Platform/Wlan/debug/libWlan_efm32_debug.a(WlanConnect.o)
                0x000292ec                WlanConnect_Open
 .text.BITBAND_Peripheral
                0x000293bc       0x30 ./../Platform/Wlan/debug/libWlan_efm32_debug.a(WlanDriver.o)
 .text.GPIO_PinOutClear
                0x000293ec       0x4c ./../Platform/Wlan/debug/libWlan_efm32_debug.a(WlanDriver.o)
 .text.GPIO_PinOutSet
                0x00029438       0x4c ./../Platform/Wlan/debug/libWlan_efm32_debug.a(WlanDriver.o)
 .text.DelayAPI
                0x00029484       0x48 ./../Platform/Wlan/debug/libWlan_efm32_debug.a(WlanDriver.o)
 .text.CreateSpawnQAndTask
                0x000294cc       0x98 ./../Platform/Wlan/debug/libWlan_efm32_debug.a(WlanDriver.o)
 .text.WifiInterruptCallback
                0x00029564       0x24 ./../Platform/Wlan/debug/libWlan_efm32_debug.a(WlanDriver.o)
 .text.WlanDriver_Init
                0x00029588       0xc8 ./../Platform/Wlan/debug/libWlan_efm32_debug.a(WlanDriver.o)
                0x00029588                WlanDriver_Init
 .text.WlanDriver_RegInterruptHdlr
                0x00029650       0x34 ./../Platform/Wlan/debug/libWlan_efm32_debug.a(WlanDriver.o)
                0x00029650                WlanDriver_RegInterruptHdlr
 .text.WlanDriver_DeviceDisable
                0x00029684       0x14 ./../Platform/Wlan/debug/libWlan_efm32_debug.a(WlanDriver.o)
                0x00029684                WlanDriver_DeviceDisable
 .text.WlanDriver_DeviceEnable
                0x00029698       0x14 ./../Platform/Wlan/debug/libWlan_efm32_debug.a(WlanDriver.o)
                0x00029698                WlanDriver_DeviceEnable
 .text.WlanDriver_InterruptEnable
                0x000296ac       0x1c ./../Platform/Wlan/debug/libWlan_efm32_debug.a(WlanDriver.o)
                0x000296ac                WlanDriver_InterruptEnable
 .text.WlanDriver_InterruptDisable
                0x000296c8       0x1c ./../Platform/Wlan/debug/libWlan_efm32_debug.a(WlanDriver.o)
                0x000296c8                WlanDriver_InterruptDisable
 .text.WlanDriver_SlHttpServerCb
                0x000296e4       0x14 ./../Platform/Wlan/debug/libWlan_efm32_debug.a(WlanDriver.o)
                0x000296e4                WlanDriver_SlHttpServerCb
 .text.WlanDriver_SpiClose
                0x000296f8       0x3c ./../Platform/Wlan/debug/libWlan_efm32_debug.a(WlanDriver.o)
                0x000296f8                WlanDriver_SpiClose
 .text.WlanDriver_SpiOpen
                0x00029734       0xd8 ./../Platform/Wlan/debug/libWlan_efm32_debug.a(WlanDriver.o)
                0x00029734                WlanDriver_SpiOpen
 .text.WlanDriver_SpiWrite
                0x0002980c       0x60 ./../Platform/Wlan/debug/libWlan_efm32_debug.a(WlanDriver.o)
                0x0002980c                WlanDriver_SpiWrite
 .text.WlanDriver_SpiRead
                0x0002986c       0x58 ./../Platform/Wlan/debug/libWlan_efm32_debug.a(WlanDriver.o)
                0x0002986c                WlanDriver_SpiRead
 .text.WlanDriver_OsSyncObjectCreate
                0x000298c4       0x3c ./../Platform/Wlan/debug/libWlan_efm32_debug.a(WlanDriver.o)
                0x000298c4                WlanDriver_OsSyncObjectCreate
 .text.WlanDriver_OsSyncObjectDelete
                0x00029900       0x30 ./../Platform/Wlan/debug/libWlan_efm32_debug.a(WlanDriver.o)
                0x00029900                WlanDriver_OsSyncObjectDelete
 .text.WlanDriver_OsSyncObjectSignal
                0x00029930       0x3c ./../Platform/Wlan/debug/libWlan_efm32_debug.a(WlanDriver.o)
                0x00029930                WlanDriver_OsSyncObjectSignal
 .text.WlanDriver_OsSyncSignalFromISR
                0x0002996c       0x5c ./../Platform/Wlan/debug/libWlan_efm32_debug.a(WlanDriver.o)
                0x0002996c                WlanDriver_OsSyncSignalFromISR
 .text.WlanDriver_OsSyncObjectWait
                0x000299c8       0x44 ./../Platform/Wlan/debug/libWlan_efm32_debug.a(WlanDriver.o)
                0x000299c8                WlanDriver_OsSyncObjectWait
 .text.WlanDriver_OsLockObjectCreate
                0x00029a0c       0x34 ./../Platform/Wlan/debug/libWlan_efm32_debug.a(WlanDriver.o)
                0x00029a0c                WlanDriver_OsLockObjectCreate
 .text.WlanDriver_OsLockObjectDelete
                0x00029a40       0x2c ./../Platform/Wlan/debug/libWlan_efm32_debug.a(WlanDriver.o)
                0x00029a40                WlanDriver_OsLockObjectDelete
 .text.WlanDriver_OsLockObjectWait
                0x00029a6c       0x38 ./../Platform/Wlan/debug/libWlan_efm32_debug.a(WlanDriver.o)
                0x00029a6c                WlanDriver_OsLockObjectWait
 .text.WlanDriver_OsLockUnlock
                0x00029aa4       0x44 ./../Platform/Wlan/debug/libWlan_efm32_debug.a(WlanDriver.o)
                0x00029aa4                WlanDriver_OsLockUnlock
 .text.WlanDriver_SimpleLinkSpawnTask
                0x00029ae8       0x68 ./../Platform/Wlan/debug/libWlan_efm32_debug.a(WlanDriver.o)
                0x00029ae8                WlanDriver_SimpleLinkSpawnTask
 .text.WlanDriver_OsiSpawn
                0x00029b50       0x68 ./../Platform/Wlan/debug/libWlan_efm32_debug.a(WlanDriver.o)
                0x00029b50                WlanDriver_OsiSpawn
 .text.Retcode_getPackage
                0x00029bb8       0x1c ./../Platform/Sensors/debug/libSensors_efm32_debug.a(Environmental.o)
 .text.bme280LibErrorMapping
                0x00029bd4       0x48 ./../Platform/Sensors/debug/libSensors_efm32_debug.a(Environmental.o)
 .text.Environmental_init
                0x00029c1c       0xa4 ./../Platform/Sensors/debug/libSensors_efm32_debug.a(Environmental.o)
                0x00029c1c                Environmental_init
 .text.Environmental_readData
                0x00029cc0       0xe0 ./../Platform/Sensors/debug/libSensors_efm32_debug.a(Environmental.o)
                0x00029cc0                Environmental_readData
 .text.Retcode_getPackage
                0x00029da0       0x1c ./../Platform/Sensors/debug/libSensors_efm32_debug.a(Gyroscope.o)
 .text.bmg160LibErrorMapping
                0x00029dbc       0x48 ./../Platform/Sensors/debug/libSensors_efm32_debug.a(Gyroscope.o)
 .text.BMI160_libErrorMapping
                0x00029e04       0x48 ./../Platform/Sensors/debug/libSensors_efm32_debug.a(Gyroscope.o)
 .text.Gyroscope_init
                0x00029e4c       0xd0 ./../Platform/Sensors/debug/libSensors_efm32_debug.a(Gyroscope.o)
                0x00029e4c                Gyroscope_init
 .text.Gyroscope_setBandwidth
                0x00029f1c      0x148 ./../Platform/Sensors/debug/libSensors_efm32_debug.a(Gyroscope.o)
                0x00029f1c                Gyroscope_setBandwidth
 .text.Gyroscope_setRange
                0x0002a064      0x158 ./../Platform/Sensors/debug/libSensors_efm32_debug.a(Gyroscope.o)
                0x0002a064                Gyroscope_setRange
 .text.Gyroscope_setMode
                0x0002a1bc      0x124 ./../Platform/Sensors/debug/libSensors_efm32_debug.a(Gyroscope.o)
                0x0002a1bc                Gyroscope_setMode
 .text.Gyroscope_readXyzValue
                0x0002a2e0      0x1b4 ./../Platform/Sensors/debug/libSensors_efm32_debug.a(Gyroscope.o)
                0x0002a2e0                Gyroscope_readXyzValue
 .text.Retcode_getPackage
                0x0002a494       0x1c ./../Platform/Sensors/debug/libSensors_efm32_debug.a(Accelerometer.o)
 .text.bma2x2LibErrorMapping
                0x0002a4b0       0x48 ./../Platform/Sensors/debug/libSensors_efm32_debug.a(Accelerometer.o)
 .text.bmi160LibErrorMapping
                0x0002a4f8       0x48 ./../Platform/Sensors/debug/libSensors_efm32_debug.a(Accelerometer.o)
 .text.Accelerometer_init
                0x0002a540       0xd0 ./../Platform/Sensors/debug/libSensors_efm32_debug.a(Accelerometer.o)
                0x0002a540                Accelerometer_init
 .text.Accelerometer_setBandwidth
                0x0002a610      0x160 ./../Platform/Sensors/debug/libSensors_efm32_debug.a(Accelerometer.o)
                0x0002a610                Accelerometer_setBandwidth
 .text.Accelerometer_setMode
                0x0002a770      0x124 ./../Platform/Sensors/debug/libSensors_efm32_debug.a(Accelerometer.o)
                0x0002a770                Accelerometer_setMode
 .text.Accelerometer_readXyzLsbValue
                0x0002a894      0x1a4 ./../Platform/Sensors/debug/libSensors_efm32_debug.a(Accelerometer.o)
                0x0002a894                Accelerometer_readXyzLsbValue
 .text.Accelerometer_readXyzGValue
                0x0002aa38      0x3a8 ./../Platform/Sensors/debug/libSensors_efm32_debug.a(Accelerometer.o)
                0x0002aa38                Accelerometer_readXyzGValue
 .text.Retcode_getPackage
                0x0002ade0       0x1c ./../Platform/Sensors/debug/libSensors_efm32_debug.a(LightSensor.o)
 .text.LightSensor_init
                0x0002adfc       0xa4 ./../Platform/Sensors/debug/libSensors_efm32_debug.a(LightSensor.o)
                0x0002adfc                LightSensor_init
 .text.LightSensor_setManualMode
                0x0002aea0       0xbc ./../Platform/Sensors/debug/libSensors_efm32_debug.a(LightSensor.o)
                0x0002aea0                LightSensor_setManualMode
 .text.LightSensor_setContinuousMode
                0x0002af5c       0xbc ./../Platform/Sensors/debug/libSensors_efm32_debug.a(LightSensor.o)
                0x0002af5c                LightSensor_setContinuousMode
 .text.LightSensor_setIntegrationTime
                0x0002b018       0xbc ./../Platform/Sensors/debug/libSensors_efm32_debug.a(LightSensor.o)
                0x0002b018                LightSensor_setIntegrationTime
 .text.LightSensor_setBrightness
                0x0002b0d4       0xbc ./../Platform/Sensors/debug/libSensors_efm32_debug.a(LightSensor.o)
                0x0002b0d4                LightSensor_setBrightness
 .text.LightSensor_readLuxData
                0x0002b190       0xb8 ./../Platform/Sensors/debug/libSensors_efm32_debug.a(LightSensor.o)
                0x0002b190                LightSensor_readLuxData
 .text.Retcode_getPackage
                0x0002b248       0x1c ./../Platform/Sensors/debug/libSensors_efm32_debug.a(Magnetometer.o)
 .text.bmm150LibErrorMapping
                0x0002b264       0x48 ./../Platform/Sensors/debug/libSensors_efm32_debug.a(Magnetometer.o)
 .text.readMagData
                0x0002b2ac       0x80 ./../Platform/Sensors/debug/libSensors_efm32_debug.a(Magnetometer.o)
 .text.Magnetometer_init
                0x0002b32c       0xa4 ./../Platform/Sensors/debug/libSensors_efm32_debug.a(Magnetometer.o)
                0x0002b32c                Magnetometer_init
 .text.Magnetometer_setPowerMode
                0x0002b3d0       0xd8 ./../Platform/Sensors/debug/libSensors_efm32_debug.a(Magnetometer.o)
                0x0002b3d0                Magnetometer_setPowerMode
 .text.Magnetometer_setPresetMode
                0x0002b4a8       0xd8 ./../Platform/Sensors/debug/libSensors_efm32_debug.a(Magnetometer.o)
                0x0002b4a8                Magnetometer_setPresetMode
 .text.Magnetometer_setDataRate
                0x0002b580       0xd8 ./../Platform/Sensors/debug/libSensors_efm32_debug.a(Magnetometer.o)
                0x0002b580                Magnetometer_setDataRate
 .text.Magnetometer_readXyzLsbData
                0x0002b658      0x114 ./../Platform/Sensors/debug/libSensors_efm32_debug.a(Magnetometer.o)
                0x0002b658                Magnetometer_readXyzLsbData
 .text.Magnetometer_readXyzTeslaData
                0x0002b76c      0x124 ./../Platform/Sensors/debug/libSensors_efm32_debug.a(Magnetometer.o)
                0x0002b76c                Magnetometer_readXyzTeslaData
 .text.BCDS_getSensorErrorCode
                0x0002b890       0x68 ./../Platform/Sensors/debug/libSensors_efm32_debug.a(SensorErrorType.o)
                0x0002b890                BCDS_getSensorErrorCode
 .text.Retcode_getPackage
                0x0002b8f8       0x1c ./../Platform/SensorUtils/debug/libSensorUtils_efm32_debug.a(Bma280Utils.o)
 .text.GPIO_PinOutSet
                0x0002b914       0x4c ./../Platform/SensorUtils/debug/libSensorUtils_efm32_debug.a(Bma280Utils.o)
 .text.libErrorMapping
                0x0002b960       0x48 ./../Platform/SensorUtils/debug/libSensorUtils_efm32_debug.a(Bma280Utils.o)
 .text.Bma280Utils_initialize
                0x0002b9a8      0x27c ./../Platform/SensorUtils/debug/libSensorUtils_efm32_debug.a(Bma280Utils.o)
                0x0002b9a8                Bma280Utils_initialize
 .text.Bma280Utils_remapAxis
                0x0002bc24       0xb0 ./../Platform/SensorUtils/debug/libSensorUtils_efm32_debug.a(Bma280Utils.o)
                0x0002bc24                Bma280Utils_remapAxis
 .text.AxisRemap_remapSensorData
                0x0002bcd4      0x184 ./../Platform/SensorUtils/debug/libSensorUtils_efm32_debug.a(AxisRemap.o)
                0x0002bcd4                AxisRemap_remapSensorData
 .text.Retcode_getPackage
                0x0002be58       0x1c ./../Platform/SensorUtils/debug/libSensorUtils_efm32_debug.a(Bmi160Utils.o)
 .text.GPIO_PinOutSet
                0x0002be74       0x4c ./../Platform/SensorUtils/debug/libSensorUtils_efm32_debug.a(Bmi160Utils.o)
 .text.libErrorMapping
                0x0002bec0       0x48 ./../Platform/SensorUtils/debug/libSensorUtils_efm32_debug.a(Bmi160Utils.o)
 .text.Bmi160Utils_initialize
                0x0002bf08      0x294 ./../Platform/SensorUtils/debug/libSensorUtils_efm32_debug.a(Bmi160Utils.o)
                0x0002bf08                Bmi160Utils_initialize
 .text.Bmi160Utils_remapAxis
                0x0002c19c       0xb0 ./../Platform/SensorUtils/debug/libSensorUtils_efm32_debug.a(Bmi160Utils.o)
                0x0002c19c                Bmi160Utils_remapAxis
 .text.Retcode_getPackage
                0x0002c24c       0x1c ./../Platform/SensorUtils/debug/libSensorUtils_efm32_debug.a(Bmg160Utils.o)
 .text.GPIO_PinOutSet
                0x0002c268       0x4c ./../Platform/SensorUtils/debug/libSensorUtils_efm32_debug.a(Bmg160Utils.o)
 .text.libErrorMapping
                0x0002c2b4       0x48 ./../Platform/SensorUtils/debug/libSensorUtils_efm32_debug.a(Bmg160Utils.o)
 .text.Bmg160Utils_initialize
                0x0002c2fc      0x25c ./../Platform/SensorUtils/debug/libSensorUtils_efm32_debug.a(Bmg160Utils.o)
                0x0002c2fc                Bmg160Utils_initialize
 .text.Bmg160Utils_remapAxis
                0x0002c558       0xb0 ./../Platform/SensorUtils/debug/libSensorUtils_efm32_debug.a(Bmg160Utils.o)
                0x0002c558                Bmg160Utils_remapAxis
 .text.Retcode_getPackage
                0x0002c608       0x1c ./../Platform/SensorUtils/debug/libSensorUtils_efm32_debug.a(Bme280Utils.o)
 .text.GPIO_PinOutSet
                0x0002c624       0x4c ./../Platform/SensorUtils/debug/libSensorUtils_efm32_debug.a(Bme280Utils.o)
 .text.libErrorMapping
                0x0002c670       0x48 ./../Platform/SensorUtils/debug/libSensorUtils_efm32_debug.a(Bme280Utils.o)
 .text.Bme280Utils_initialize
                0x0002c6b8      0x20c ./../Platform/SensorUtils/debug/libSensorUtils_efm32_debug.a(Bme280Utils.o)
                0x0002c6b8                Bme280Utils_initialize
 .text.Retcode_getPackage
                0x0002c8c4       0x1c ./../Platform/SensorUtils/debug/libSensorUtils_efm32_debug.a(Bmm150Utils.o)
 .text.GPIO_PinOutSet
                0x0002c8e0       0x4c ./../Platform/SensorUtils/debug/libSensorUtils_efm32_debug.a(Bmm150Utils.o)
 .text.libErrorMapping
                0x0002c92c       0x48 ./../Platform/SensorUtils/debug/libSensorUtils_efm32_debug.a(Bmm150Utils.o)
 .text.Bmm150Utils_initialize
                0x0002c974      0x1bc ./../Platform/SensorUtils/debug/libSensorUtils_efm32_debug.a(Bmm150Utils.o)
                0x0002c974                Bmm150Utils_initialize
 .text.Bmm150Utils_remapAxis
                0x0002cb30       0xb0 ./../Platform/SensorUtils/debug/libSensorUtils_efm32_debug.a(Bmm150Utils.o)
                0x0002cb30                Bmm150Utils_remapAxis
 .text.Retcode_getPackage
                0x0002cbe0       0x1c ./../Platform/SensorUtils/debug/libSensorUtils_efm32_debug.a(Max44009Utils.o)
 .text.GPIO_PinOutSet
                0x0002cbfc       0x4c ./../Platform/SensorUtils/debug/libSensorUtils_efm32_debug.a(Max44009Utils.o)
 .text.libErrorMapping
                0x0002cc48       0x40 ./../Platform/SensorUtils/debug/libSensorUtils_efm32_debug.a(Max44009Utils.o)
 .text.Max44009Utils_initialize
                0x0002cc88      0x238 ./../Platform/SensorUtils/debug/libSensorUtils_efm32_debug.a(Max44009Utils.o)
                0x0002cc88                Max44009Utils_initialize
 .text.xQueueGenericReset
                0x0002cec0       0xc8 ./../Libraries/FreeRTOS/FreeRTOS/../BCDS_Customization/debug/libFreeRTOS_efm32_debug.a(queue.o)
                0x0002cec0                xQueueGenericReset
 .text.xQueueGenericCreate
                0x0002cf88       0x90 ./../Libraries/FreeRTOS/FreeRTOS/../BCDS_Customization/debug/libFreeRTOS_efm32_debug.a(queue.o)
                0x0002cf88                xQueueGenericCreate
 .text.xQueueCreateMutex
                0x0002d018       0xb0 ./../Libraries/FreeRTOS/FreeRTOS/../BCDS_Customization/debug/libFreeRTOS_efm32_debug.a(queue.o)
                0x0002d018                xQueueCreateMutex
 .text.xQueueGenericSend
                0x0002d0c8      0x19c ./../Libraries/FreeRTOS/FreeRTOS/../BCDS_Customization/debug/libFreeRTOS_efm32_debug.a(queue.o)
                0x0002d0c8                xQueueGenericSend
 .text.xQueueGenericSendFromISR
                0x0002d264       0xec ./../Libraries/FreeRTOS/FreeRTOS/../BCDS_Customization/debug/libFreeRTOS_efm32_debug.a(queue.o)
                0x0002d264                xQueueGenericSendFromISR
 .text.xQueueGenericReceive