Archive member included because of file (symbol)

./../Platform/ServalPAL_WiFi/debug/libServalPalWifi_efm32_debug.a(PAL_ip_cc.o)
                              C:/Users/Oliver/Documents/dev/iot/protiotype/xdk-udp/debug/objects/SendDataOverUdp.o (Ip_convertAddrToString)
./../Platform/ServalPAL_WiFi/debug/libServalPalWifi_efm32_debug.a(CyaSslAdapter.o)
                              ./../Platform/ServalPAL_WiFi/debug/libServalPalWifi_efm32_debug.a(PAL_ip_cc.o) (Tcp_SecureClient_initialize)
./../Platform/ServalPAL_WiFi/debug/libServalPalWifi_efm32_debug.a(CyaSslCredentials.o)
                              ./../Platform/ServalPAL_WiFi/debug/libServalPalWifi_efm32_debug.a(CyaSslAdapter.o) (Tcp_SecureClient_credentials)
./../Platform/ServalPAL_WiFi/debug/libServalPalWifi_efm32_debug.a(CyaSslPALAdapter.o)
                              ./../Platform/ServalPAL_WiFi/debug/libServalPalWifi_efm32_debug.a(CyaSslAdapter.o) (CyaSslPALAdapter_initialize)
./../Platform/ServalPAL_WiFi/debug/libServalPalWifi_efm32_debug.a(PAL_clockRTOS_cc.o)
                              ./../Platform/ServalPAL_WiFi/debug/libServalPalWifi_efm32_debug.a(CyaSslPALAdapter.o) (Clock_getTime)
./../Platform/ServalPAL_WiFi/debug/libServalPalWifi_efm32_debug.a(PAL_commBuffer_cc.o)
                              ./../Platform/ServalPAL_WiFi/debug/libServalPalWifi_efm32_debug.a(CyaSslAdapter.o) (CommBuff_getPayload)
./../Platform/ServalPAL_WiFi/debug/libServalPalWifi_efm32_debug.a(PAL_socketMonitor_cc.o)
                              ./../Platform/ServalPAL_WiFi/debug/libServalPalWifi_efm32_debug.a(CyaSslAdapter.o) (PAL_queueCallBackEnQueue)
./../Platform/ServalPAL_WiFi/debug/libServalPalWifi_efm32_debug.a(PAL_tcp_cc.o)
                              ./../Platform/ServalPAL_WiFi/debug/libServalPalWifi_efm32_debug.a(CyaSslAdapter.o) (Tcp_isValidSocket)
./../Platform/ServalPAL_WiFi/debug/libServalPalWifi_efm32_debug.a(PAL_timerRTOS_cc.o)
                              ./../Platform/ServalPAL_WiFi/debug/libServalPalWifi_efm32_debug.a(CyaSslAdapter.o) (Timer_init)
./../Platform/ServalPAL_WiFi/debug/libServalPalWifi_efm32_debug.a(PAL_udp_cc.o)
                              ./../Platform/ServalPAL_WiFi/debug/libServalPalWifi_efm32_debug.a(CyaSslAdapter.o) (Udp_isEqualSocket)
./../Libraries/WiFi/TI/../BCDS_Customization/debug/libWifiLib_efm32_debug.a(netapp.o)
                              ./../Platform/ServalPAL_WiFi/debug/libServalPalWifi_efm32_debug.a(PAL_ip_cc.o) (sl_NetAppDnsGetHostByName)
./../Libraries/WiFi/TI/../BCDS_Customization/debug/libWifiLib_efm32_debug.a(netcfg.o)
                              ./../Platform/ServalPAL_WiFi/debug/libServalPalWifi_efm32_debug.a(PAL_udp_cc.o) (sl_NetCfgSet)
./../Libraries/WiFi/TI/../BCDS_Customization/debug/libWifiLib_efm32_debug.a(socket.o)
                              C:/Users/Oliver/Documents/dev/iot/protiotype/xdk-udp/debug/objects/SendDataOverUdp.o (sl_Socket)
./../Libraries/WiFi/TI/../BCDS_Customization/debug/libWifiLib_efm32_debug.a(driver.o)
                              ./../Libraries/WiFi/TI/../BCDS_Customization/debug/libWifiLib_efm32_debug.a(netapp.o) (_SlDrvProtectAsyncRespSetting)
./../Libraries/WiFi/TI/../BCDS_Customization/debug/libWifiLib_efm32_debug.a(device.o)
                              ./../Libraries/WiFi/TI/../BCDS_Customization/debug/libWifiLib_efm32_debug.a(driver.o) (_sl_HandleAsync_Stop)
./../Platform/Wlan/debug/libWlan_efm32_debug.a(NetworkConfig.o)
                              ./../Libraries/WiFi/TI/../BCDS_Customization/debug/libWifiLib_efm32_debug.a(driver.o) (NetworkConfig_SlNetAppEvtHdlr)
./../Platform/Wlan/debug/libWlan_efm32_debug.a(WlanConnect.o)
                              ./../Libraries/WiFi/TI/../BCDS_Customization/debug/libWifiLib_efm32_debug.a(driver.o) (WlanConnect_SlGeneralEventHdlr)
./../Platform/Wlan/debug/libWlan_efm32_debug.a(WlanDriver.o)
                              ./../Platform/Wlan/debug/libWlan_efm32_debug.a(WlanConnect.o) (WlanDriver_Init)
./../Platform/Sensors/debug/libSensors_efm32_debug.a(Environmental.o)
                              C:/Users/Oliver/Documents/dev/iot/protiotype/xdk-udp/debug/objects/Sensors.o (Environmental_init)
./../Platform/Sensors/debug/libSensors_efm32_debug.a(Gyroscope.o)
                              C:/Users/Oliver/Documents/dev/iot/protiotype/xdk-udp/debug/objects/Sensors.o (Gyroscope_init)
./../Platform/Sensors/debug/libSensors_efm32_debug.a(Accelerometer.o)
                              C:/Users/Oliver/Documents/dev/iot/protiotype/xdk-udp/debug/objects/Sensors.o (Accelerometer_init)
./../Platform/Sensors/debug/libSensors_efm32_debug.a(LightSensor.o)
                              C:/Users/Oliver/Documents/dev/iot/protiotype/xdk-udp/debug/objects/Sensors.o (LightSensor_init)
./../Platform/Sensors/debug/libSensors_efm32_debug.a(Magnetometer.o)
                              C:/Users/Oliver/Documents/dev/iot/protiotype/xdk-udp/debug/objects/Sensors.o (Magnetometer_init)
[...]
Memory Configuration

Name             Origin             Length             Attributes
FLASH            0x00010000         0x000f0000         xr
RAM              0x20000000         0x00020000         xrw
*default*        0x00000000         0xffffffff

Linker script and memory map

LOAD c:/xdk-workbench/armgcc/bin/../lib/gcc/arm-none-eabi/4.7.4/armv7-m/crti.o
LOAD c:/xdk-workbench/armgcc/bin/../lib/gcc/arm-none-eabi/4.7.4/armv7-m/crtbegin.o
LOAD c:/xdk-workbench/armgcc/bin/../lib/gcc/arm-none-eabi/4.7.4/../../../../arm-none-eabi/lib/armv7-m/crt0.o
LOAD C:/Users/Oliver/Documents/dev/iot/protiotype/xdk-udp/debug/objects/./../Platform/Utils/source/RSM_retargetStdioMessage/retargetio.o
LOAD C:/Users/Oliver/Documents/dev/iot/protiotype/xdk-udp/debug/objects/./../Libraries/EMlib/EMLib/usb/src/em_usbdint.o
LOAD C:/Users/Oliver/Documents/dev/iot/protiotype/xdk-udp/debug/objects/main.o
LOAD C:/Users/Oliver/Documents/dev/iot/protiotype/xdk-udp/debug/objects/SendDataOverUdp.o
LOAD C:/Users/Oliver/Documents/dev/iot/protiotype/xdk-udp/debug/objects/Sensors.o
LOAD C:/Users/Oliver/Documents/dev/iot/protiotype/xdk-udp/debug/objects/startup_efm32gg.o
START GROUP
LOAD ./../Platform/SensorToolbox/release/libSensorToolbox.a
LOAD ./../Libraries/ServalStack/BCDS_Customization/release/libServalStack_efm32.a
LOAD ./../Libraries/Cyassl/BCDS_Customization/release/libCyassl_efm32.a
LOAD ./../Platform/ServalPAL_WiFi/debug/libServalPalWifi_efm32_debug.a
LOAD ./../Libraries/WiFi/TI/../BCDS_Customization/debug/libWifiLib_efm32_debug.a
LOAD ./../Platform/Wlan/debug/libWlan_efm32_debug.a
LOAD ./../Platform/MiscDrivers/debug/libMiscDrivers_efm32_debug.a
LOAD ./../Platform/BLE/debug/libBLE_efm32_debug.a
LOAD ./../Platform/Sensors/debug/libSensors_efm32_debug.a
LOAD ./../Platform/SensorUtils/debug/libSensorUtils_efm32_debug.a
LOAD ./../Libraries/FreeRTOS/FreeRTOS/../BCDS_Customization/debug/libFreeRTOS_efm32_debug.a
LOAD ./../Platform/Peripherals/debug/libPeripherals_efm32_debug.a
LOAD ./../Libraries/EMlib/EMLib/../BCDS_Customization/debug/libEMLib_efm32_debug.a
LOAD ./../Libraries/BSTLib/BST_Github/../BCDS_Customization/debug/libBSTLib_efm32_debug.a
LOAD C:/XDK-Workbench/SDK/xdk110/Common/../Common/debug/XDKCommon_efm32_debug.a
LOAD ./../Platform/Utils/debug/libUtils_efm32_debug.a
LOAD ./../Platform/Basics/debug/libBasics_efm32_debug.a
LOAD ./../Platform/SensorDrivers/debug/libSensorDrivers_efm32_debug.a
LOAD ./../Platform/Power/debug/libPOWER_efm32_debug.a
LOAD ./../Platform/SensorDrivers/debug/libSensorDrivers_efm32_debug.a
LOAD ./../Libraries/FATfs/BCDS_Customization/debug/libFATfs_efm32_debug.a
LOAD ./../Libraries/BLEStack/Alpwise/Core_Stack/Libraries/BLESW_CoreStack_CM3.a
LOAD ./../Libraries/BLEStack/Alpwise/Service/Data_Exchange_Service/Libraries/BLESW_ALPWDEP_Server_CM3.a
LOAD ./../Libraries/BLEStack/Alpwise/Core_Stack/Libraries/BLESW_ALPWDES_CM3.a
LOAD ./../Libraries/BLEStack/Alpwise/Service/BLESW_AlertNotification/Libraries/BLESW_ANP_Server_CM3.a
LOAD ./../Libraries/BLEStack/Alpwise/Core_Stack/Libraries/BLESW_ANS_CM3.a
LOAD ./../Libraries/BLEStack/Alpwise/Service/BLESW_BloodPressure/Libraries/BLESW_BLP_Sensor_CM3.a
LOAD ./../Libraries/BLEStack/Alpwise/Core_Stack/Libraries/BLESW_BLS_CM3.a
LOAD ./../Libraries/BLEStack/Alpwise/Service/BLESW_CyclingPower/Libraries/BLESW_CPP_Sensor_CM3.a
LOAD ./../Libraries/BLEStack/Alpwise/Core_Stack/Libraries/BLESW_CPS_CM3.a
LOAD ./../Libraries/BLEStack/Alpwise/Service/BLESW_CyclingSpeedAndCadence/Libraries/BLESW_CSCP_Sensor_CM3.a
LOAD ./../Libraries/BLEStack/Alpwise/Core_Stack/Libraries/BLESW_CSCS_CM3.a
LOAD ./../Libraries/BLEStack/Alpwise/Service/BLESW_Glucose/Libraries/BLESW_GLP_Sensor_CM3.a
LOAD ./../Libraries/BLEStack/Alpwise/Core_Stack/Libraries/BLESW_GLS_CM3.a
LOAD ./../Libraries/BLEStack/Alpwise/Service/BLESW_HealthThermometer/Libraries/BLESW_HTP_Thermometer_CM3.a
LOAD ./../Libraries/BLEStack/Alpwise/Core_Stack/Libraries/BLESW_HTS_CM3.a
LOAD ./../Libraries/BLEStack/Alpwise/Service/BLESW_HeartRate/Libraries/BLESW_HRP_Sensor_CM3.a
LOAD ./../Libraries/BLEStack/Alpwise/Core_Stack/Libraries/BLESW_HRS_CM3.a
LOAD ./../Libraries/BLEStack/Alpwise/Service/BLESW_HumanInterfaceDevice/Libraries/BLESW_HID_Host_CM3.a
LOAD ./../Libraries/BLEStack/Alpwise/Core_Stack/Libraries/BLESW_HIDS_CM3.a
LOAD ./../Libraries/BLEStack/Alpwise/Service/BLESW_LocationAndNavigation/Libraries/BLESW_LNP_Sensor_CM3.a
LOAD ./../Libraries/BLEStack/Alpwise/Core_Stack/Libraries/BLESW_LNS_CM3.a
LOAD ./../Libraries/BLEStack/Alpwise/Service/BLESW_NetworkAvailability/Libraries/BLESW_NWAP_Reporter_CM3.a
LOAD ./../Libraries/BLEStack/Alpwise/Core_Stack/Libraries/BLESW_NWAS_CM3.a
LOAD ./../Libraries/BLEStack/Alpwise/Service/BLESW_PhoneAlertStatus/Libraries/BLESW_PASP_Server_CM3.a
LOAD ./../Libraries/BLEStack/Alpwise/Core_Stack/Libraries/BLESW_PASS_CM3.a
LOAD ./../Libraries/BLEStack/Alpwise/Service/BLESW_RunningSpeedAndCadence/Libraries/BLESW_RSCP_Sensor_CM3.a
LOAD ./../Libraries/BLEStack/Alpwise/Core_Stack/Libraries/BLESW_RSCS_CM3.a
END GROUP
START GROUP
LOAD c:/xdk-workbench/armgcc/bin/../lib/gcc/arm-none-eabi/4.7.4/armv7-m\libgcc.a
LOAD c:/xdk-workbench/armgcc/bin/../lib/gcc/arm-none-eabi/4.7.4/../../../../arm-none-eabi/lib/armv7-m\libc.a
LOAD c:/xdk-workbench/armgcc/bin/../lib/gcc/arm-none-eabi/4.7.4/../../../../arm-none-eabi/lib/armv7-m\libm.a
END GROUP
START GROUP
LOAD c:/xdk-workbench/armgcc/bin/../lib/gcc/arm-none-eabi/4.7.4/armv7-m\libgcc.a
LOAD c:/xdk-workbench/armgcc/bin/../lib/gcc/arm-none-eabi/4.7.4/../../../../arm-none-eabi/lib/armv7-m\libc.a
END GROUP
LOAD c:/xdk-workbench/armgcc/bin/../lib/gcc/arm-none-eabi/4.7.4/armv7-m/crtend.o
LOAD c:/xdk-workbench/armgcc/bin/../lib/gcc/arm-none-eabi/4.7.4/armv7-m/crtn.o

.text           0x00010000    0x3ea8c
 *(.isr_vector)
 .isr_vector    0x00010000      0x100 C:/Users/Oliver/Documents/dev/iot/protiotype/xdk-udp/debug/objects/startup_efm32gg.o
                0x00010000                __isr_vector
 *(.text*)
 .text          0x00010100       0x54 c:/xdk-workbench/armgcc/bin/../lib/gcc/arm-none-eabi/4.7.4/armv7-m/crtbegin.o
 .text          0x00010154       0x70 c:/xdk-workbench/armgcc/bin/../lib/gcc/arm-none-eabi/4.7.4/../../../../arm-none-eabi/lib/armv7-m/crt0.o
                0x00010154                _start
                0x00010154                _mainCRTStartup
                0x00010154                start
 .text._close   0x000101c4       0x18 C:/Users/Oliver/Documents/dev/iot/protiotype/xdk-udp/debug/objects/./../Platform/Utils/source/RSM_retargetStdioMessage/retargetio.o
                0x000101c4                _close
 .text._exit    0x000101dc        0xc C:/Users/Oliver/Documents/dev/iot/protiotype/xdk-udp/debug/objects/./../Platform/Utils/source/RSM_retargetStdioMessage/retargetio.o
                0x000101dc                _exit
 .text._fstat   0x000101e8       0x24 C:/Users/Oliver/Documents/dev/iot/protiotype/xdk-udp/debug/objects/./../Platform/Utils/source/RSM_retargetStdioMessage/retargetio.o
                0x000101e8                _fstat
 .text._getpid  0x0001020c       0x10 C:/Users/Oliver/Documents/dev/iot/protiotype/xdk-udp/debug/objects/./../Platform/Utils/source/RSM_retargetStdioMessage/retargetio.o
                0x0001020c                _getpid
 .text._isatty  0x0001021c       0x18 C:/Users/Oliver/Documents/dev/iot/protiotype/xdk-udp/debug/objects/./../Platform/Utils/source/RSM_retargetStdioMessage/retargetio.o
                0x0001021c                _isatty
 .text._kill    0x00010234       0x1c C:/Users/Oliver/Documents/dev/iot/protiotype/xdk-udp/debug/objects/./../Platform/Utils/source/RSM_retargetStdioMessage/retargetio.o
                0x00010234                _kill
 .text._lseek   0x00010250       0x1c C:/Users/Oliver/Documents/dev/iot/protiotype/xdk-udp/debug/objects/./../Platform/Utils/source/RSM_retargetStdioMessage/retargetio.o
                0x00010250                _lseek
 .text._read    0x0001026c       0x70 C:/Users/Oliver/Documents/dev/iot/protiotype/xdk-udp/debug/objects/./../Platform/Utils/source/RSM_retargetStdioMessage/retargetio.o
                0x0001026c                _read
 .text._sbrk    0x000102dc       0xa0 C:/Users/Oliver/Documents/dev/iot/protiotype/xdk-udp/debug/objects/./../Platform/Utils/source/RSM_retargetStdioMessage/retargetio.o
                0x000102dc                _sbrk
 .text._write   0x0001037c       0x20 C:/Users/Oliver/Documents/dev/iot/protiotype/xdk-udp/debug/objects/./../Platform/Utils/source/RSM_retargetStdioMessage/retargetio.o
                0x0001037c                _write
 .text.INT_Disable
                0x0001039c       0x40 C:/Users/Oliver/Documents/dev/iot/protiotype/xdk-udp/debug/objects/./../Libraries/EMlib/EMLib/usb/src/em_usbdint.o
 .text.INT_Enable
                0x000103dc       0x54 C:/Users/Oliver/Documents/dev/iot/protiotype/xdk-udp/debug/objects/./../Libraries/EMlib/EMLib/usb/src/em_usbdint.o
 .text.USBHAL_FlushTxFifo
                0x00010430       0x4c C:/Users/Oliver/Documents/dev/iot/protiotype/xdk-udp/debug/objects/./../Libraries/EMlib/EMLib/usb/src/em_usbdint.o
 .text.USBHAL_GetCoreInts
                0x0001047c       0x40 C:/Users/Oliver/Documents/dev/iot/protiotype/xdk-udp/debug/objects/./../Libraries/EMlib/EMLib/usb/src/em_usbdint.o
 .text.USBDHAL_EnableInts
                0x000104bc       0x70 C:/Users/Oliver/Documents/dev/iot/protiotype/xdk-udp/debug/objects/./../Libraries/EMlib/EMLib/usb/src/em_usbdint.o
 .text.USBDHAL_Ep0Activate
                0x0001052c       0x70 C:/Users/Oliver/Documents/dev/iot/protiotype/xdk-udp/debug/objects/./../Libraries/EMlib/EMLib/usb/src/em_usbdint.o
 .text.USBDHAL_GetAllInEpInts
                0x0001059c       0x48 C:/Users/Oliver/Documents/dev/iot/protiotype/xdk-udp/debug/objects/./../Libraries/EMlib/EMLib/usb/src/em_usbdint.o
 .text.USBDHAL_GetAllOutEpInts
                0x000105e4       0x44 C:/Users/Oliver/Documents/dev/iot/protiotype/xdk-udp/debug/objects/./../Libraries/EMlib/EMLib/usb/src/em_usbdint.o
 .text.USBDHAL_GetInEpInts
                0x00010628       0x44 C:/Users/Oliver/Documents/dev/iot/protiotype/xdk-udp/debug/objects/./../Libraries/EMlib/EMLib/usb/src/em_usbdint.o
 .text.USBDHAL_GetOutEpInts
                0x0001066c       0x44 C:/Users/Oliver/Documents/dev/iot/protiotype/xdk-udp/debug/objects/./../Libraries/EMlib/EMLib/usb/src/em_usbdint.o
 .text.USBDHAL_StartEp0Setup
                0x000106b0       0x88 C:/Users/Oliver/Documents/dev/iot/protiotype/xdk-udp/debug/objects/./../Libraries/EMlib/EMLib/usb/src/em_usbdint.o
 .text.USBD_GetEpFromAddr
                0x00010738       0xa0 C:/Users/Oliver/Documents/dev/iot/protiotype/xdk-udp/debug/objects/./../Libraries/EMlib/EMLib/usb/src/em_usbdint.o
 .text.USB_IRQHandler
                0x000107d8      0x16c C:/Users/Oliver/Documents/dev/iot/protiotype/xdk-udp/debug/objects/./../Libraries/EMlib/EMLib/usb/src/em_usbdint.o
                0x000107d8                USB_IRQHandler
 .text.Handle_USB_GINTSTS_ENUMDONE
                0x00010944       0x3c C:/Users/Oliver/Documents/dev/iot/protiotype/xdk-udp/debug/objects/./../Libraries/EMlib/EMLib/usb/src/em_usbdint.o
 .text.Handle_USB_GINTSTS_IEPINT
                0x00010980      0x118 C:/Users/Oliver/Documents/dev/iot/protiotype/xdk-udp/debug/objects/./../Libraries/EMlib/EMLib/usb/src/em_usbdint.o
 .text.Handle_USB_GINTSTS_OEPINT
                0x00010a98      0x230 C:/Users/Oliver/Documents/dev/iot/protiotype/xdk-udp/debug/objects/./../Libraries/EMlib/EMLib/usb/src/em_usbdint.o
 .text.Handle_USB_GINTSTS_RESETDET
                0x00010cc8       0x40 C:/Users/Oliver/Documents/dev/iot/protiotype/xdk-udp/debug/objects/./../Libraries/EMlib/EMLib/usb/src/em_usbdint.o
 .text.Handle_USB_GINTSTS_SOF
                0x00010d08       0x64 C:/Users/Oliver/Documents/dev/iot/protiotype/xdk-udp/debug/objects/./../Libraries/EMlib/EMLib/usb/src/em_usbdint.o
 .text.Handle_USB_GINTSTS_USBRST
                0x00010d6c      0x150 C:/Users/Oliver/Documents/dev/iot/protiotype/xdk-udp/debug/objects/./../Libraries/EMlib/EMLib/usb/src/em_usbdint.o
 .text.Handle_USB_GINTSTS_USBSUSP
                0x00010ebc       0x68 C:/Users/Oliver/Documents/dev/iot/protiotype/xdk-udp/debug/objects/./../Libraries/EMlib/EMLib/usb/src/em_usbdint.o
 .text.Handle_USB_GINTSTS_WKUPINT
                0x00010f24       0x30 C:/Users/Oliver/Documents/dev/iot/protiotype/xdk-udp/debug/objects/./../Libraries/EMlib/EMLib/usb/src/em_usbdint.o
 .text.main     0x00010f54       0x10 C:/Users/Oliver/Documents/dev/iot/protiotype/xdk-udp/debug/objects/main.o
                0x00010f54                main
 .text.init     0x00010f64      0x11c C:/Users/Oliver/Documents/dev/iot/protiotype/xdk-udp/debug/objects/SendDataOverUdp.o
                0x00010f64                init
 .text.appInitSystem
                0x00011080       0x20 C:/Users/Oliver/Documents/dev/iot/protiotype/xdk-udp/debug/objects/SendDataOverUdp.o
                0x00011080                appInitSystem
 .text.sampleAndStoreSensorData
                0x000110a0       0x50 C:/Users/Oliver/Documents/dev/iot/protiotype/xdk-udp/debug/objects/SendDataOverUdp.o
 .text.bsdUdpClient
                0x000110f0      0x88c C:/Users/Oliver/Documents/dev/iot/protiotype/xdk-udp/debug/objects/SendDataOverUdp.o
 .text.wifiSend
                0x0001197c       0x34 C:/Users/Oliver/Documents/dev/iot/protiotype/xdk-udp/debug/objects/SendDataOverUdp.o
 .text.wifiConnectGetIP
                0x000119b0      0x19c C:/Users/Oliver/Documents/dev/iot/protiotype/xdk-udp/debug/objects/SendDataOverUdp.o
 .text.GPIO_PinOutSet
                0x00011b4c       0x4c C:/Users/Oliver/Documents/dev/iot/protiotype/xdk-udp/debug/objects/Sensors.o
 .text.printSensorError
                0x00011b98       0x94 C:/Users/Oliver/Documents/dev/iot/protiotype/xdk-udp/debug/objects/Sensors.o
 .text.accelerometerSensorInit
                0x00011c2c       0x70 C:/Users/Oliver/Documents/dev/iot/protiotype/xdk-udp/debug/objects/Sensors.o
                0x00011c2c                accelerometerSensorInit
 .text.readAccelerometerData
                0x00011c9c       0xe8 C:/Users/Oliver/Documents/dev/iot/protiotype/xdk-udp/debug/objects/Sensors.o
                0x00011c9c                readAccelerometerData
 .text.gyroSensorInit
                0x00011d84       0x70 C:/Users/Oliver/Documents/dev/iot/protiotype/xdk-udp/debug/objects/Sensors.o
                0x00011d84                gyroSensorInit
 .text.readGyroData
                0x00011df4       0xe4 C:/Users/Oliver/Documents/dev/iot/protiotype/xdk-udp/debug/objects/Sensors.o
                0x00011df4                readGyroData
 .text.lightsensorInit
                0x00011ed8       0x88 C:/Users/Oliver/Documents/dev/iot/protiotype/xdk-udp/debug/objects/Sensors.o
                0x00011ed8                lightsensorInit
 .text.setLightSensorRegisters
                0x00011f60       0x70 C:/Users/Oliver/Documents/dev/iot/protiotype/xdk-udp/debug/objects/Sensors.o
 .text.readLightSensor
                0x00011fd0       0x74 C:/Users/Oliver/Documents/dev/iot/protiotype/xdk-udp/debug/objects/Sensors.o
                0x00011fd0                readLightSensor
 .text.noiseSensorInit
                0x00012044       0x90 C:/Users/Oliver/Documents/dev/iot/protiotype/xdk-udp/debug/objects/Sensors.o
                0x00012044                noiseSensorInit
 .text.readNoiseSensor
                0x000120d4       0xe4 C:/Users/Oliver/Documents/dev/iot/protiotype/xdk-udp/debug/objects/Sensors.o
                0x000120d4                readNoiseSensor
 .text.magnetometerSensorInit
                0x000121b8       0xc8 C:/Users/Oliver/Documents/dev/iot/protiotype/xdk-udp/debug/objects/Sensors.o
                0x000121b8                magnetometerSensorInit
 .text.readMagnetometerSensor
                0x00012280       0x88 C:/Users/Oliver/Documents/dev/iot/protiotype/xdk-udp/debug/objects/Sensors.o
                0x00012280                readMagnetometerSensor
 .text.environmentSensorInit
                0x00012308       0x70 C:/Users/Oliver/Documents/dev/iot/protiotype/xdk-udp/debug/objects/Sensors.o
                0x00012308                environmentSensorInit
 .text.readEnvironmentSensor
                0x00012378       0x80 C:/Users/Oliver/Documents/dev/iot/protiotype/xdk-udp/debug/objects/Sensors.o
                0x00012378                readEnvironmentSensor
 .text.orientationSensorInit
                0x000123f8       0x70 C:/Users/Oliver/Documents/dev/iot/protiotype/xdk-udp/debug/objects/Sensors.o
                0x000123f8                orientationSensorInit
 .text          0x00012468       0x98 C:/Users/Oliver/Documents/dev/iot/protiotype/xdk-udp/debug/objects/startup_efm32gg.o
                0x00012468                Reset_Handler
                0x0001249c                Default_Handler
                0x0001249e                NMI_Handler
                0x000124a0                HardFault_Handler
                0x000124a2                MemManage_Handler
                0x000124a4                BusFault_Handler
                0x000124a6                UsageFault_Handler
                0x000124aa                DebugMon_Handler
                0x000124ae                SysTick_Handler
                0x000124ba                ACMP0_IRQHandler
                0x000124be                ADC0_IRQHandler
                0x000124c0                DAC0_IRQHandler
                0x000124c8                TIMER1_IRQHandler
                0x000124ca                TIMER2_IRQHandler
                0x000124cc                TIMER3_IRQHandler
                0x000124d2                LESENSE_IRQHandler
                0x000124e4                LETIMER0_IRQHandler
                0x000124e6                PCNT0_IRQHandler
                0x000124e8                PCNT1_IRQHandler
                0x000124ea                PCNT2_IRQHandler
                0x000124ee                BURTC_IRQHandler
                0x000124f0                CMU_IRQHandler
                0x000124f2                VCMP_IRQHandler
                0x000124f4                LCD_IRQHandler
                0x000124f6                MSC_IRQHandler
                0x000124f8                AES_IRQHandler
                0x000124fa                EBI_IRQHandler
                0x000124fc                EMU_IRQHandler
 .text          0x00012500    0x120bc ./../Platform/SensorToolbox/release/libSensorToolbox.a
                0x00012500                bsx_get_version
                0x00012514                bsx_reset
                0x00012518                bsx_dopreprocess
                0x000126e4                bsx_docalibration
                0x00012af0                bsx_dousecase
                0x00012e08                bsx_dostep
                0x00012e1c                bsx_get_hwdependency
                0x00012efc                bsx_get_calibrationcalltick
                0x00012f0c                bsx_get_usecasecalltick
                0x00012f1c                bsx_init_acc
                0x00013004                bsx_setAccSensorSpec
                0x00013014                bsx_set_accrange
                0x00013054                bsx_get_accrange
                0x00013064                bsx_set_accdatarate
                0x000130e0                bsx_get_accdatarate
                0x000130f0                bsx_set_acccalib_accuracythreshold
                0x000130fc                bsx_setAccConfiguration
                0x000132e4                bsx_set_acccalibprofile
                0x00013314                bsx_get_acccalibprofile
                0x00013328                bsx_reset_acccalib
                0x00013334                bsx_set_stepdetectionopmode
                0x0001333c                bsx_get_accrawdata
                0x0001339c                bsx_get_accoffset
                0x000133d8                bsx_get_acccalibaccuracy
                0x000133dc                bsx_get_accoffsets_mg
                0x000133fc                bsx_get_acccordata
                0x0001342c                bsx_init_mag
                0x0001353c                bsx_setMagSensorSpec
                0x0001355c                bsx_set_magdatarate
                0x000135b0                bsx_get_magdatarate
                0x000135c0                bsx_setMagConfiguration
                0x00013814                bsx_set_magcalibprofile
                0x00013930                bsx_get_magcalibprofile
                0x00013b64                bsx_set_workingmode
                0x00014330                bsx_set_accdyn_distdetmode
                0x00014348                bsx_get_magrawdata
                0x00014378                bsx_get_magcordata
                0x000143a8                bsx_get_magcalibaccuracy
                0x00014408                bsx_init_gyro
                0x00014514                bsx_setGyroSensorSpec
                0x00014524                bsx_set_gyrodatarate
                0x00014570                bsx_setGyroConfiguration
                0x00014784                bsx_set_gyrocalibprofile
                0x000147cc                bsx_get_gyrocalibprofile
                0x00014888                bsx_get_gyrorawdata_rps
                0x000148ec                bsx_get_gyrocordata_rps
                0x00014950                bsx_get_gyrocalibaccuracy
                0x00014968                bsx_set_orientcoordinatesystem
                0x00014980                bsx_get_orientdata_quat
                0x000149fc                bsx_get_georotationvector_quat
                0x00014aac                bsx_get_geoheadingaccuracy_rad
                0x00014adc                bsx_get_orientdata_euler_rad
                0x00014b2c                bsx_get_orient_datastatus
                0x00014b48                bsx_get_headingaccuracy_rad
                0x00014b64                bsx_set_compass_accel_filternoise
                0x00014b78                bsx_set_compass_magnoise
                0x00014b8c                bsx_set_compass_magfilterparam
                0x00014b9c                bsx_setCompassConfiguration
                0x00014d1c                bsx_get_significantmotiondetectionopmode
                0x00014d24                bsx_get_flipgesture_detecttime
                0x00014d30                bsx_set_flipgesture_detecttime
                0x00014d6c                bsx_setNdofConfiguration
                0x00014e1c                bsx_setUseCaseConfig
                0x00014e68                bsx_init_orient
                0x00014f68                bsx_init
                0x000152b0                bsx_calcorientaccuracy
                0x000152dc                bsx_copyBytefromMemory
                0x000153bc                bsx_crc
                0x00015470                genericaccspec_setSensorSpec
                0x00015620                genericaccspec_setRange
                0x00015698                genericaccspec_setDatarate
                0x00015714                genericaccspec_setOpMode
                0x0001571c                genericaccspec_getNoiseFactor
                0x00015724                genericaccspec_getRange
                0x0001572c                genericaccspec_getOpMode
                0x00015734                genericaccspec_getDatarate
                0x0001573c                genericaccspec_getSensorRmsNoise
                0x0001574c                genericaccspec_getOffsetErr
                0x00015754                genericaccspec_getSensitivityErr
                0x0001575c                genericaccspec_getGVectorErrors
                0x00015770                genericaccspec_getNoise
                0x00015778                genericaccspec_getMaximumRange
                0x0001578c                genericaccspec_getMinDelay
                0x000157c8                genericaccspec_getName
                0x000157d0                genericaccspec_getPower
                0x000157e0                genericaccspec_getResolution
                0x000157f0                genericaccspec_getType
                0x000157f8                genericaccspec_getVendor
                0x00015804                genericaccspec_getVersion
                0x00015810                GENERICCLOCKDOMAIN_GetVersion
                0x00015820                GENERICCLOCKDOMAIN_Init
                0x0001584c                GENERICCLOCKDOMAIN_Reset
                0x00015878                GENERICCLOCKDOMAIN_DoStep
                0x00015974                GENERICCLOCKDOMAIN_GetSystemProcessingTimerTick
                0x0001597c                GENERICCLOCKDOMAIN_GetCalibProcessingTimerTick
                0x00015984                GENERICCLOCKDOMAIN_GetOrientProcessingTimerTick
                0x0001598c                GENERICCLOCKDOMAIN_SetOperationMode
                0x000159b0                GENERICCLOCKDOMAIN_SetSystemDatarate
                0x000159cc                GENERICCLOCKDOMAIN_SetCalibDatarate
                0x000159e8                GENERICCLOCKDOMAIN_SetOrientDatarate
                0x00015a04                GENERICCLOCKDOMAIN_SetObserverDatarate
                0x00015a20                GENERICDATAPREPROC_GetVersion
                0x00015a30                GENERICDATAPREPROC_Reset
                0x00015a84                GENERICDATAPREPROC_DoStep
                0x00015be0                GENERICDATAPREPROC_SetConversionFactors
                0x00015bec                GENERICDATAPREPROC_SetOperationMode
                0x00015c00                GENERICDATAPREPROC_SetDataCorrectionMode
                0x00015c10                GENERICDATAPREPROC_SetOffsetParameter
                0x00015c40                GENERICDATAPREPROC_SetSensitivityCorrectionMatrix
                0x00015c78                GENERICDATAPREPROC_GetSensitivityCorrectionMatrix
                0x00015cb4                GENERICDATAPREPROC_SetAxisRemapConfiguration
                0x00015dac                GENERICDATAPREPROC_Init
                0x00015eb0                GENERICDATAPREPROC_SetDigitalFilter1Opmode
                0x00015ec4                GENERICDATAPREPROC_SetDigitalFilter1Parameter
                0x00015edc                GENERICDATAPREPROC_SetDigitalFilter2Opmode
                0x00015ef0                GENERICDATAPREPROC_SetDigitalFilter2Parameter
                0x00015efc                GENERICDATAPREPROC_SetDigitalFilter2NoiseLevel
                0x00015f08                GENERICDATAPREPROC_SetDigitalFilterIIRCoeff
                0x00015f5c                GENERICDATAPREPROC_GetRawData
                0x00015f78                GENERICDATAPREPROC_GetSicData
                0x00015f94                GENERICDATAPREPROC_GetCorrectedData
                0x00015fb0                GENERICDATAPREPROC_GetFilteredData1
                0x00015fcc                GENERICDATAPREPROC_GetFilteredData2
                0x00015fe8                genericgyrospec_setSensorSpec
                0x0001608c                genericgyrospec_setRange
                0x000160cc                genericgyrospec_setDatarate
                0x0001610c                genericgyrospec_setOpMode
                0x00016114                genericgyrospec_getRange
                0x0001611c                genericgyrospec_getOpMode
                0x00016124                genericgyrospec_getDatarate
                0x0001612c                genericgyrospec_getMaximumRange
                0x00016140                genericgyrospec_getMinDelay
                0x00016168                genericgyrospec_getName
                0x00016170                genericgyrospec_getPower
                0x00016180                genericgyrospec_getResolution
                0x00016190                genericgyrospec_getType
                0x00016198                genericgyrospec_getVendor
                0x000161a0                genericgyrospec_getVersion
                0x000161a8                genericmagspec_setSensorSpec
                0x000162d8                genericmagspec_setRange
                0x000162f8                genericmagspec_setDatarate
                0x00016300                genericmagspec_setOpMode
                0x00016308                genericmagspec_getNoiseFactor
                0x00016310                genericmagspec_getRange
                0x00016324                genericmagspec_getOpMode
                0x0001632c                genericmagspec_getDatarate
                0x00016334                genericmagspec_getSensorRmsNoise
                0x0001633c                genericmagspec_getMaximumRange
                0x00016350                genericmagspec_getMinDelay
                0x00016370                genericmagspec_getName
                0x00016378                genericmagspec_getPower
                0x000163c8                genericmagspec_getResolution
                0x000163d0                genericmagspec_getType
                0x000163d8                genericmagspec_getNoise
                0x000163e0                genericmagspec_getVendor
                0x000163ec                genericmagspec_getVersion
                0x000163f8                GENERICSENSORMANIPULATION_ConvertData2LsbXYZ
                0x00016558                GENERICSENSORMANIPULATION_ConvertLsb2DataXYZ
                0x00016598                GENERICSENSORMANIPULATION_ConvertData2DataXYZ
                0x000165cc                GENERICSENSORMANIPULATION_DoOffsetCorrectionXYZ
                0x00016608                GENERICSENSORMANIPULATION_DoDiagonalSensitivityCorrectionXYZ
                0x000166fc                GENERICSENSORMANIPULATION_DoFullSensitivityCorrectionXYZ
                0x00016874                GENERICSENSORMANIPULATION_RemapSensorDataXYZ
                0x000168d0                MATRIX_Transpose
                0x0001695c                MATRIX_Multiply
                0x00016a80                MATRIX_Multiply_s32
                0x00016b6c                MATRIX_Add
                0x00016ba0                MATRIX_Subtract
                0x00016bd4                MATRIX_Identity
                0x00016c5c                MATRIX_Copy
                0x00016c7c                MATRIX_CopyFromMatIndex
                0x00016d18                MATRIX_Initialize
                0x00016d34                MATRIX_InitializeFixed
                0x00016d50                MATRIX_Initialize_s32
                0x00016d6c                MATRIX_Equal
                0x00016dac                MATRIX_Mean
                0x00016e58                MATRIX_ElementwiseDivide
                0x00016e8c                MATRIX_ElementwiseMultiply
                0x00016ec0                MATRIX_ElementwiseSqrt
                0x00016eec                MATRIX_ElementwiseScalarDivision
                0x00016f20                MATRIX_ElementwiseScalarMultiply
                0x00016f54                MATRIX_ElementwiseScalarAdd
                0x00016f88                MATRIX_ElementwiseScalarSubtract
                0x00016fdc                MATRIX_ElementwiseScalarPower
                0x00017084                MATRIX_GaussJordanElimination
                0x0001740c                MATRIX_GaussElimination
                0x0001785c                MATRIX_Inverse
                0x00017aa8                MATRIX_ElementwiseScalarPowerFixed
                0x00017b30                MATRIX_MeanFixed
                0x00017bf4                MATRIX_AddFixed
                0x00017c20                MATRIX_ElementwiseMultiplyFixed
                0x00017c4c                MATRIX_Diagonal
                0x00017d20                MATRIX_Absolute
                0x00017d78                MATRIX_DiagonalSum
                0x00017de8                ADVPREFILTER_Init
                0x00017e0c                ADVPREFILTER_Run
                0x00017f6c                ADVPREFILTER_SetCoefficient
                0x00017f84                ADVPREFILTER_SetNoiseLevel
                0x00017f8c                THREECHANNELIIR1ORD_Init
                0x00017fa0                THREECHANNELIIR1ORD_Reset
                0x00017fac                THREECHANNELIIR1ORD_Run
                0x00018034                THREECHANNELIIR1ORD_SetCoefficient
                0x0001803c                COMPASSORIENT_GetVersion
                0x0001804c                COMPASSORIENT_DoStep
                0x000185b0                COMPASSORIENT_SetOperationMode
                0x00018610                COMPASSORIENT_GetOperationMode
                0x0001861c                COMPASSORIENT_SetAccNoise
                0x00018628                COMPASSORIENT_GetAccNoise
                0x00018634                COMPASSORIENT_SetMagNoise
                0x00018640                COMPASSORIENT_GetMagNoise
                0x0001864c                COMPASSORIENT_SetOrientFilterMode
                0x000186b0                COMPASSORIENT_GetOrientFilterMode
                0x000186bc                COMPASSORIENT_SetOrientFilterCoeffCalcMode
                0x000186c4                COMPASSORIENT_GetOrientFilterCoeffCalcMode
                0x000186d0                COMPASSORIENT_SetOrientFilterParameter
                0x00018730                COMPASSORIENT_SetAccelOrientFilterParameter
                0x00018768                COMPASSORIENT_SetMagOrientFilterParameter
                0x000187a0                COMPASSORIENT_GetOrientFilterParameter
                0x000187d0                COMPASSORIENT_SetCompassOrientFilterParamArray
                0x0001880c                COMPASSORIENT_SetM4GOrientFilterParamArray
                0x00018848                COMPASSORIENT_GetCompassQuaternion
                0x000188a8                COMPASSORIENT_SetCompassQuaternion
                0x00018918                COMPASSORIENT_GetCompassEuler
                0x0001899c                COMPASSORIENT_GetGVector
                0x00018a34                COMPASSORIENT_GetDcm
                0x00018aa0                COMPASSORIENT_calcAngularRate
                0x00018cd8                COMPASSORIENT_getAngularRate
                0x00018cf4                COMPASSORIENT_setM4gAccDynThreshold
                0x00018cfc                COMPASSORIENT_getM4gAccDynThreshold
                0x00018d08                COMPASSORIENT_estimateOrientHeadingAccuracy
                0x00018de8                COMPASSORIENT_getorientdata_heading_accuracy_Rad
                0x00018df4                compassorient_resetAccAdaptFilter
                0x00018e00                compassorient_resetMagAdaptFilter
                0x00018e0c                compassorient_m4gResetBuffer
                0x00018e60                COMPASSORIENT_Init
                0x00018fd8                COMPASSORIENT_Reset
                0x00019150                NDOFORIENT_Init
                0x00019354                NDOFORIENT_Reset
                0x00019394                NDOFORIENT_Restart
                0x000193b0                NDOFORIENT_ResetObservationEngines
                0x000193c4                NDOFORIENT_ResetOrientation
                0x000193ec                NDOFORIENT_ResetDeltaT
                0x00019404                NDOFORIENT_SetOperationMode
                0x00019414                NDOFORIENT_GetOperationMode
                0x00019428                NDOFORIENT_SetDeltaT
                0x00019460                NDOFORIENT_GetDeltaT
                0x00019484                NDOFORIENT_SetNdofParameterSettings
                0x000197a0                NDOFORIENT_SetShakeCouplingSettings
                0x000197b8                NDOFORIENT_SetAccelCouplingFactor
                0x000197cc                NDOFORIENT_GetAccelCouplingFactor
                0x000197e0                NDOFORIENT_SetAccelCouplingThreshold
                0x000197f4                NDOFORIENT_GetAccelCouplingThreshold
                0x00019808                NDOFORIENT_SetAccelCouplingDeltaThreshold
                0x0001981c                NDOFORIENT_GetAccelCouplingDeltaThreshold
                0x00019830                NDOFORIENT_SetAccelCouplingTimerThreshold
                0x00019844                NDOFORIENT_GetAccelCouplingTimerThreshold
                0x00019858                NDOFORIENT_SetAccelCouplingGyroRateThreshold
                0x0001986c                NDOFORIENT_GetAccelCouplingGyroRateThreshold
                0x00019880                NDOFORIENT_SetMagnObservDistortionDetectionThreshold
                0x000198b4                NDOFORIENT_GetMagnObservDistortionDetectionThreshold
                0x000198c8                NDOFORIENT_SetMagnObservDistortionSignalLength
                0x000198dc                NDOFORIENT_GetMagnObservDistortionSignalLength
                0x000198f0                NDOFORIENT_SetMagnObservNoDistortionDetectionTime
                0x00019904                NDOFORIENT_GetMagnObservNoDistortionDetectionTime
                0x00019918                NDOFORIENT_SetMagnObservStrongDistortionDetectionThreshold
                0x00019938                NDOFORIENT_GetMagnObservStrongDistortionDetectionThreshold
                0x0001994c                NDOFORIENT_SetMagnCouplingFactor
                0x00019960                NDOFORIENT_GetMagnCouplingFactor
                0x00019974                NDOFORIENT_SetMagnCouplingThreshold
                0x00019988                NDOFORIENT_GetMagnCouplingThreshold
                0x0001999c                NDOFORIENT_SetMagnCouplingDeltaThreshold
                0x000199b0                NDOFORIENT_GetMagnCouplingDeltaThreshold
                0x000199c4                NDOFORIENT_SetMagnCouplingTimerThreshold
                0x000199d8                NDOFORIENT_GetMagnCouplingTimerThreshold
                0x000199ec                NDOFORIENT_SetMagnCouplingGyroRateThreshold
                0x00019a00                NDOFORIENT_GetMagnCouplingGyroRateThreshold
                0x00019a14                NDOFORIENT_SetMagnCouplingHorizontalFieldStrengthThreshold
                0x00019a28                NDOFORIENT_GetMagnCouplingHorizontalFieldStrengthThreshold
                0x00019a3c                NDOFORIENT_SetQuaternionIntegrationThreshold
                0x00019a4c                NDOFORIENT_SetHeadingAccuracyBaseThreshold
                0x00019a5c                NDOFORIENT_SetHeadingAccuracyMinimum
                0x00019a6c                NDOFORIENT_GetQuaternionIntegrationThreshold
                0x00019a80                NDOFORIENT_SetDynamicMagCouplingParameterSettings
                0x00019ab4                NDOFORIENT_GetDynamicMagCouplingParameterSettings
                0x00019adc                NDOFORIENT_SetNdofQuaternion
                0x00019b18                NDOFORIENT_GetNdofQuaternion
                0x00019b40                NDOFORIENT_GetNdofOrientation
                0x00019b6c                NDOFORIENT_GetImuQuaternion
                0x00019b9c                NDOFORIENT_GetImuOrientation
                0x00019bf0                NDOFORIENT_GetGvector
                0x00019c34                NDOFORIENT_GetDcm
                0x00019c4c                NDOFORIENT_GetAccelCouplingStatus
                0x00019c60                NDOFORIENT_GetMagCouplingStatus
                0x00019c74                NDOFORIENT_GetOrientAccuracyStatus
                0x00019c88                NDOFORIENT_GetHeadingAccuracyRad
                0x00019c9c                NDOFORIENT_GetHeadingAccuracyStatus
                0x00019cb0                NDOFORIENT_CalculateAngle
                0x00019d34                NDOFORIENT_CalculateHeadingAccuracy
                0x00019eac                NDOFORIENT_DoStep
                0x0001a7a8                NDOFORIENT_UpdateBuffer
                0x0001a7d4                NDOFORIENT_UpdatingHeadingAccuracyStatus
                0x0001a858                ORIENTSENSOR_GetHeading
                0x0001a8a8                ORIENTSENSOR_GetPitch
                0x0001a998                ORIENTSENSOR_GetRoll
                0x0001a9d8                ORIENTSENSOR_CalcRotQuat
                0x0001abe0                ORIENTSENSOR_QuatConj
                0x0001abfc                ORIENTSENSOR_QuatMult
                0x0001ac94                ORIENTSENSOR_QuatRotVect
                0x0001ada0                ORIENTSENSOR_TiltCompensation
                0x0001ae34                ORIENTSENSOR_GetQuaternion
                0x0001afa4                ORIENTSENSOR_GetEuler
                0x0001b0f8                ORIENTSENSOR_QuatRotVectf32
                0x0001b290                flipgesture_init
                0x0001b2d0                flipgesture_run
                0x0001b3a8                flipgesture_set_flipangle
                0x0001b44c                flipgesture_get_flipangle
                0x0001b550                flipgesture_set_flipstate_detecttime
                0x0001b5ac                flipgesture_get_flipstate_detecttime
                0x0001b5bc                flipgesture_get_flipstatus
                0x0001b5cc                ACCCALIB_GetVersion
                0x0001b5dc                ACCCALIB_Init
                0x0001b770                ACCCALIB_Set_ConfigProfile
                0x0001b810                ACCCALIB_Reset
                0x0001b864                ACCCALIB_SetOperationMode
                0x0001b874                ACCCALIB_SetGravityLimits
                0x0001b890                ACCCALIB_SetAccuracyThreshold
                0x0001b8a0                ACCCALIB_SetCalibParam
                0x0001b920                ACCCALIB_SetAccuracy
                0x0001b930                ACCCALIB_SetConfigProfile
                0x0001baa0                ACCCALIB_SetOrientationThreshold
                0x0001bab0                ACCCALIB_SetDynamicThreshold
                0x0001bac0                ACCCALIB_GetDynamic
                0x0001bad4                ACCCALIB_GetOperationMode
                0x0001bae8                ACCCALIB_GetCalibFlag
                0x0001bafc                ACCCALIB_GetOneGflag
                0x0001bb10                ACCCALIB_GetCalibParam
                0x0001bb38                ACCCALIB_GetOffset
                0x0001bb58                ACCCALIB_GetAccuracy
                0x0001bb6c                ACCCALIB_GetConfigProfile
                0x0001bc18                ACCCALIB_RunDynamicLevelMonitoring
                0x0001bc74                ACCCALIB_RunGravityCheck
                0x0001bcc4                ACCCALIB_RunOrientationChangeMonitoring
                0x0001bec8                ACCCALIB_RunDataSelection
                0x0001bef0                ACCCALIB_RunCalibration
                0x0001bfb4                ACCCALIB_Run
                0x0001c1cc                ACCCALIB_DoStep
                0x0001c200                ACCCALIB_RunAccuracyMonitoring
                0x0001c288                DATASELECT_Init
                0x0001c2dc                DATASELECT_Run
                0x0001c66c                DATASELECT_Reset
                0x0001c678                DATASELECT_GetClusterPts
                0x0001c6e4                DATASELECT_SetClusterSize
                0x0001c700                EKF_Init
                0x0001c74c                EKF_Run
                0x0001c934                EKF_InitSysParam
                0x0001c958                EKF_SetCovariance
                0x0001c970                EKF_SetProcessNoise
                0x0001c988                EKF_GetProcessNoise
                0x0001c998                EKF_SetMeasureNoise
                0x0001c9a0                EKF_GetSphereParam
                0x0001ca80                EKF_SensorErrorModel
                0x0001cae4                EKF_ObservationModel
                0x0001cb44                EKF_ObservationModel_SphereCosPhi
                0x0001cc08                MAGCALIB_GetVersion
                0x0001cc18                MAGCALIB_DoStep
                0x0001d410                MAGCALIB_SetProcessNoise
                0x0001d424                MAGCALIB_GetProcessNoise
                0x0001d438                MAGCALIB_SetAccurDistResetFlag
                0x0001d448                MAGCALIB_GetAccurDistResetFlag
                0x0001d45c                MAGCALIB_SetRefValue
                0x0001d48c                MAGCALIB_GetAccurBuferSize
                0x0001d4a0                MAGCALIB_initAccurBuff
                0x0001d4e4                MAGCALIB_SetOperationMode
                0x0001d4f4                MAGCALIB_GetOperationMode
                0x0001d508                MAGCALIB_GetOffset
                0x0001d528                MAGCALIB_GetAccuracy
                0x0001d548                MAGCALIB_GetAccuracyExt
                0x0001d55c                MAGCALIB_SetAccuracy
                0x0001d56c                MAGCALIB_SetAccuracyExt
                0x0001d57c                MAGCALIB_Reset
                0x0001d630                MAGCALIB_Set_ConfigProfile
                0x0001d7ac                MAGCALIB_Init
                0x0001d94c                MAGCALIB_SetConfigProfile
                0x0001dcc4                MAGCALIB_SetMeasurementRange
                0x0001dd08                MAGCALIB_GetMeasurementRange
                0x0001dd64                MAGCALIB_SetLsbTouTforInputs
                0x0001dde4                MAGCALIB_SetCalibParam
                0x0001e038                MAGCALIB_SetAccuracyThreshold
                0x0001e048                MAGCALIB_SetAccuracyBreakDwnThreshold
                0x0001e058                MAGCALIB_GetDynamic
                0x0001e06c                MAGCALIB_GetDistortion
                0x0001e080                MAGCALIB_GetCalibFlag
                0x0001e094                MAGCALIB_GetCalibParam
                0x0001e0fc                ACCELOBSERVER_Init
                0x0001e18c                ACCELOBSERVER_DoStep
                0x0001e2f4                ACCELOBSERVER_SetParameterSettings
                0x0001e308                ACCELOBSERVER_GetAccelDynamicDetectionThreshold
                0x0001e310                ACCELOBSERVER_GetDynamicDetectionBandwidth
                0x0001e318                ACCELOBSERVER_GetNODynamicDetectionTime
                0x0001e320                ACCELOBSERVER_GetOneGThreshold
                0x0001e334                ACCELOBSERVER_Reset
                0x0001e340                ACCELOBSERVER_GetDynamicStatus
                0x0001e348                ACCELOBSERVER_GetOneGStatus
                0x0001e350                MAGOBSERVER_Init
                0x0001e3f8                MAGOBSERVER_Reset
                0x0001e414                MAGOBSERVER_DoStep
                0x0001e788                MAGOBSERVER_SetStrongDistortionDetectionThreshold
                0x0001e7a8                MAGOBSERVER_GetStrongDistortionDetectionThreshold
                0x0001e7bc                MAGOBSERVER_SetNoDistortionDetectionTime
                0x0001e7c4                MAGOBSERVER_GetNoDistortionDetectionTime
                0x0001e7d0                MAGOBSERVER_SetDistortionDetectionThreshold
                0x0001e7f4                MAGOBSERVER_GetDistortionDetectionThreshold
                0x0001e80c                MAGOBSERVER_SetDistortionSignalLength
                0x0001e814                MAGOBSERVER_GetDistortionSignalLength
                0x0001e820                MAGOBSERVER4DYN_Init
                0x0001e86c                MAGOBSERVER4DYN_Reset
                0x0001e8a8                MAGOBSERVER4DYN_DoStep
                0x0001eb94                MAGOBSERVER4DYN_SetDynamicDetectionThreshold
                0x0001eb9c                MAGOBSERVER4DYN_GetDynamicDetectionThreshold
                0x0001eba8                MAGOBSERVER4DYN_SetNoDynamicDetectionTime
                0x0001ebb0                MAGOBSERVER4DYN_GetNoDynamicDetectionTime
                0x0001ebbc                GYROCALIB_GetVersion
                0x0001ebcc                GYROCALIB_Init
                0x0001ec28                GYROCALIB_DoStep
                0x0001f1ac                GYROCALIB_Reset
                0x0001f1d0                GYROCALIB_ResetGyroOffset
                0x0001f1e8                GYROCALIB_ResetObservationEngines
                0x0001f1f8                GYROCALIB_SetAccuracy
                0x0001f208                GYROCALIB_GetAccuracy
                0x0001f21c                GYROCALIB_SetGyroCalibrationSettings
                0x0001f298                GYROCALIB_SetShakeDetectionSettings
                0x0001f2b0                GYROCALIB_GetShakeStatus
                0x0001f2c4                GYROCALIB_SetGyroObservDynamicDetectionThreshold
                0x0001f2d8                GYROCALIB_GetGyroObservDynamicDetectionThreshold
                0x0001f2ec                GYROCALIB_SetGyroObservNoDynamicDetectionTime
                0x0001f300                GYROCALIB_GetGyroObservNoDynamicDetectionTime
                0x0001f314                GYROCALIB_SetGyroOffsetThreshold
                0x0001f324                GYROCALIB_GetGyroOffsetThreshold
                0x0001f338                GYROCALIB_SetOperationMode
                0x0001f348                GYROCALIB_GetOperationMode
                0x0001f35c                GYROCALIB_GetCalibParam
                0x0001f374                GYROCALIB_SetCalibParam
                0x0001f398                GYROCALIB_GetCalibStatus
                0x0001f3ac                GYROCALIB_UpdateOffsetStepwise
                0x0001f43c                FASTMAGCALIB_Init
                0x0001f4b4                FASTMAGCALIB_DoPreProcess
                0x0001f51c                FASTMAGCALIB_DoProcess
                0x0001f6a0                FASTMAGCALIB_DoPostProcess
                0x0001f740                FASTMAGCALIB_GetOpMode
                0x0001f754                FASTMAGCALIB_SetOpMode
                0x0001f764                FASTMAGCALIB_GetOffsets
                0x0001f834                FASTMAGCALIB_GetAccuracy
                0x0001f848                FASTMAGCALIB_SetAccuracy
                0x0001f858                FASTMAGCALIB_GetState
                0x0001f86c                FASTMAGCALIB_SetState
                0x0001f87c                FASTMAGCALIB_Reset
                0x0001f894                FASTMAGCALIB_ResetMagRef
                0x0001f8a0                FASTMAGCALIB_GetCalibStatus
                0x0001f8b4                FASTMAGCALIB_GetCalibParam
                0x0001f904                FASTMAGCALIB_SetCalibParam
                0x0001f954                FASTMAGCALIB_GetResidualMax
                0x0001f960                FASTMAGCALIB_GetCheckDynamic
                0x0001fa14                FASTMAGCALIB_GetSelectData
                0x0001fb50                FASTMAGCALIB_GetCovMatrixMax
                0x0001fb5c                FASTMAGCALIB_GetDistortionStatus
                0x0001fb60                FASTMAGCALIB_SetConfigParam
                0x0001fd68                FASTMAGCALIB_setconfigparam
                0x0001fea4                FASTMAGCALIB_GetConfigParam
                0x00020164                FASTMAGSTATEMACHINE_Init
                0x0002023c                FASTMAGSTATEMACHINE_InitStart
                0x0002025c                FASTMAGSTATEMACHINE_InitStop
                0x00020270                FASTMAGSTATEMACHINE_InitReset
                0x00020284                FASTMAGSTATEMACHINE_GetState
                0x00020298                FASTMAGSTATEMACHINE_GetCovMatrixMax
                0x000202ac                FASTMAGSTATEMACHINE_GetLimits
                0x000202d0                FASTMAGSTATEMACHINE_GetResidualMax
                0x000202e4                FASTMAGSTATEMACHINE_Reset
                0x00020324                FASTMAGSTATEMACHINE_Stop
                0x00020364                FASTMAGSTATEMACHINE_MainRun
                0x00020700                FASTMAGSTATEMACHINE_GetOffsets
                0x00020720                FASTMAGSTATEMACHINE_GetRadius
                0x00020734                FASTMAGSTATEMACHINE_SetCalibParam
                0x000207a8                FASTMAGSTATEMACHINE_ResetMagRef
                0x000207d4                FASTMAGSTATEMACHINE_GetMagVector
                0x000207e8                FASTMAGSTATEMACHINE_GetAccuracy
                0x00020838                FASTMAGSTATEMACHINE_GetDistortionStatus
                0x00020854                MATH_VectorLength
                0x00020890                MATH_GetMaxFL
                0x0002090c                MATH_GetMinMax
                0x000209a4                MATH_GetMax
                0x00020a10                MATH_GetMin
                0x00020a7c                MATH_UpdateFIFOBufferXYZ
                0x00020aac                MATH_UpdateFIFOBufferXYZF32
                0x00020adc                MATH_UpdateFIFOBufferF32
                0x00020af8                MATH_UpdateFIFOBuffer
                0x00020b14                MATH_Mean
                0x00020ba8                MATH_MeanFL
                0x00020c18                MATH_Variance
                0x00020cf0                MATH_StandardDeviation
                0x00020e6c                Math_CalcVariance
                0x000210e8                quatmath_multiplication
                0x00021230                quatmath_multiplicationS
                0x00021340                quatmath_conjugate_multiplication
                0x000215cc                quatmath_normalization
                0x000216a4                quatmath_reset
                0x000216b8                quatmath_conjugate
                0x000216e8                quatmath_pointRot
                0x00021934                quatmath_angularRateToQuat
                0x00021acc                quatmath_angularRate2Quat4Fmc
                0x00021ba0                quatmath_updateOrientation
                0x00021d28                quatmath_quat2Vector
                0x00021d4c                quatmath_vector2Quat
                0x00021d64                quatmath_calcRotQuat
                0x00021db4                quatmath_calcRotQuatS
                0x00021e04                quatmath_getGravity
                0x00021ea8                quatmath_getEulerAngle
                0x0002287c                quatmath_getDcm
                0x000229a8                quatmath_getDcmFrame
                0x00022ad8                invSqrtF
                0x00022bb4                invSqrt
                0x00022d38                ADAPTFILTER_Init
                0x00022d80                ADAPTFILTER_Reset
                0x00022d9c                ADAPTFILTER_Run
                0x000230b0                ADAPTFILTER_SetBaseCoef
                0x000230c0                ADAPTFILTER_GetBaseCoef
                0x000230cc                ADAPTFILTER_SetDynProcess
                0x000230dc                ADAPTFILTER_GetDynProcess
                0x000230e8                ADAPTFILTER_SetMaxDyn
                0x000230f0                ADAPTFILTER_SetNoise
                0x000230f8                ADAPTFILTER_GetNoise
                0x00023100                IMUOPERATION_Init
                0x000231ec                IMUOPERATION_CalMotion
                0x00023230                IMUOPERATION_Reset
                0x00023248                IMUOPERATION_SetRestartFlag
                0x00023258                IMUOPERATION_ACCURACYEVALUATION
                0x000232c8                IMUOPERATION_SetShakeCouplingParam
                0x000232d4                IMUOPERATION_SetAccelCouplingFactor
                0x000232dc                IMUOPERATION_GetAccelCouplingFactor
                0x000232e8                IMUOPERATION_SetAccelCouplingThreshold
                0x000232f0                IMUOPERATION_GetAccelCouplingThreshold
                0x000232fc                IMUOPERATION_SetAccelCouplingDeltaThreshold
                0x00023304                IMUOPERATION_GetAccelCouplingDeltaThreshold
                0x00023310                IMUOPERATION_SetAccelCouplingTimerThreshold
                0x00023318                IMUOPERATION_GetAccelCouplingTimerThreshold
                0x00023324                IMUOPERATION_SetAccelCouplingGyroRateThreshold
                0x0002332c                IMUOPERATION_GetAccelCouplingGyroRateThreshold
                0x00023338                IMUOPERATION_SetMagCouplingFactor
                0x00023340                IMUOPERATION_GetMagCouplingFactor
                0x0002334c                IMUOPERATION_SetMagCouplingThreshold
                0x00023354                IMUOPERATION_GetMagCouplingThreshold
                0x00023360                IMUOPERATION_SetMagCouplingDeltaThreshold
                0x00023368                IMUOPERATION_GetMagCouplingDeltaThreshold
                0x00023374                IMUOPERATION_SetMagCouplingTimerThreshold
                0x0002337c                IMUOPERATION_GetMagCouplingTimerThreshold
                0x00023388                IMUOPERATION_SetMagCouplingGyroRateThreshold
                0x00023390                IMUOPERATION_GetMagCouplingGyroRateThreshold
                0x0002339c                IMUOPERATION_SetMagnCouplingHorizontalFieldStrengthThreshold
                0x000233a4                IMUOPERATION_GetMagnCouplingHorizontalFieldStrengthThreshold
                0x000233b0                IMUOPERATION_SetMagnCouplingGyroRateThreshold
                0x000233b8                IMUOPERATION_GetMagnCouplingGyroRateThreshold
                0x000233c4                IMUOPERATIONS_SetMagCouplingDynamicOpmode
                0x000233cc                IMUOPERATIONS_GetMagCouplingDynamicOpmode
                0x000233d4                IMUOPERATIONS_SetDynamicMagCouplingParameterSettings
                0x000233e8                IMUOPERATIONS_GetDynamicMagCouplingParameterSettings
                0x0002340c                IMUOPERATION_GetQuatFromRotation
                0x000234e8                IMUOPERATION_GetDelayedQuaternion
                0x0002351c                IMUOPERATION_SaveQuaternion
                0x00023540                acccalibconfig_setDefaultConfig
                0x000235b0                fmcconfig_setDefaultConfig
                0x0002379c                magcalibconfig_setDefaultConfig
                0x000238c8                GYROOBSERVER_Init
                0x00023938                GYROOBSERVER_DynamicDetection
                0x00023c68                GYROOBSERVER_DoStep
                0x00023c78                GYROOBSERVER_Reset
                0x00023c90                GYROOBSERVER_SetShakeDetectionParam
                0x00023c9c                GYROOBSERVER_GetShakeStatus
                0x00023ca8                GYROOBSERVER_SetDynamicDetectionThreshold
                0x00023cb0                GYROOBSERVER_GetDynamicDetectionThreshold
                0x00023cbc                GYROOBSERVER_SetNoDynamicDetectionTime
                0x00023cc4                GYROOBSERVER_GetNoDynamicDetectionTime
                0x00023cd0                FMCKALMAN_Init
                0x00023da0                FMCKALMAN_Predict
                0x00023e04                FMCKALMAN_Correct
                0x00023f5c                FMCKALMAN_Get_Offset
                0x00023f70                FMCKALMAN_Set_Offset
                0x00023f84                FMCKALMAN_Get_Radius
                0x00023fe4                FMCKALMAN_Get_MagVector
                0x00023ff8                FMCKALMAN_Get_MaxCov
                0x0002401c                FMCKALMAN_Get_MaxCovOffset
                0x00024048                FMCKALMAN_Set_CovOffset
                0x0002407c                FMCKALMAN_Set_CovMagRef
                0x000240b0                FMCKALMAN_Get_Residual
                0x000240f0                FMCKALMAN_GetResidualfromMeas
                0x00024120                orientmath__getVersion
                0x00024130                orientmath_get_PitchRollFromGravity
                0x000241c8                orientmath_getHeading
                0x00024208                orientmath_calcAngle
                0x00024320                orientmath_calcAngleS
                0x000243f8                orientmath_crossProduct
                0x00024474                orientmath_crossProductS
                0x00024514                orientmath_axisAng2Quat
 .text.Retcode_getPackage
                0x000245bc       0x38 ./../Platform/SensorToolbox/release/libSensorToolbox.a
 .text.Orientation_init
                0x000245f4       0x4c ./../Platform/SensorToolbox/release/libSensorToolbox.a
                0x000245f4                Orientation_init
 .text.mutexTake
                0x00024640       0x7c ./../Platform/SensorToolbox/release/libSensorToolbox.a
 .text.mutexGive
                0x000246bc       0x64 ./../Platform/SensorToolbox/release/libSensorToolbox.a
 .text.fingerPrintBaseSensorInit
                0x00024720       0xdc ./../Platform/SensorToolbox/release/libSensorToolbox.a
 .text.bsxBaseSensorInit
                0x000247fc      0x19c ./../Platform/SensorToolbox/release/libSensorToolbox.a
 .text.bsxAlgoInit
                0x00024998       0xb8 ./../Platform/SensorToolbox/release/libSensorToolbox.a
 .text.VirtualSensor_mainProcess
                0x00024a50      0x464 ./../Platform/SensorToolbox/release/libSensorToolbox.a
                0x00024a50                VirtualSensor_mainProcess
 .text.bsxSensorFusionInit
                0x00024eb4      0x154 ./../Platform/SensorToolbox/release/libSensorToolbox.a
 .text.stepCounterSensorInit
                0x00025008       0xa0 ./../Platform/SensorToolbox/release/libSensorToolbox.a
 .text.environmentalSensorInit
                0x000250a8       0xcc ./../Platform/SensorToolbox/release/libSensorToolbox.a
 .text.fingerPrintInit
                0x00025174       0x9c ./../Platform/SensorToolbox/release/libSensorToolbox.a
 .text.VirtualSensor_init
                0x00025210       0xdc ./../Platform/SensorToolbox/release/libSensorToolbox.a
                0x00025210                VirtualSensor_init
 .text.Ip_convertAddrToString
                0x000252ec       0x4c ./../Platform/ServalPAL_WiFi/debug/libServalPalWifi_efm32_debug.a(PAL_ip_cc.o)
                0x000252ec                Ip_convertAddrToString
 .text.Ip_getMyIpAddr
                0x00025338       0x2c ./../Platform/ServalPAL_WiFi/debug/libServalPalWifi_efm32_debug.a(PAL_ip_cc.o)
                0x00025338                Ip_getMyIpAddr
 .text.Basics_htonl
                0x00025364       0x1c ./../Platform/ServalPAL_WiFi/debug/libServalPalWifi_efm32_debug.a(PAL_ip_cc.o)
                0x00025364                Basics_htonl
 .text.sl_NetAppStop
                0x00025380       0x58 ./../Libraries/WiFi/TI/../BCDS_Customization/debug/libWifiLib_efm32_debug.a(netapp.o)
                0x00025380                sl_NetAppStop
 .text._sl_HandleAsync_DnsGetHostByService
                0x000253d8      0x114 ./../Libraries/WiFi/TI/../BCDS_Customization/debug/libWifiLib_efm32_debug.a(netapp.o)
                0x000253d8                _sl_HandleAsync_DnsGetHostByService
 .text._sl_HandleAsync_DnsGetHostByName
                0x000254ec      0x108 ./../Libraries/WiFi/TI/../BCDS_Customization/debug/libWifiLib_efm32_debug.a(netapp.o)
                0x000254ec                _sl_HandleAsync_DnsGetHostByName
 .text.CopyPingResultsToReport
                0x000255f4       0x44 ./../Libraries/WiFi/TI/../BCDS_Customization/debug/libWifiLib_efm32_debug.a(netapp.o)
 .text._sl_HandleAsync_PingResponse
                0x00025638       0xf4 ./../Libraries/WiFi/TI/../BCDS_Customization/debug/libWifiLib_efm32_debug.a(netapp.o)
                0x00025638                _sl_HandleAsync_PingResponse
 .text._sl_NetAppSendTokenValue
                0x0002572c       0x88 ./../Libraries/WiFi/TI/../BCDS_Customization/debug/libWifiLib_efm32_debug.a(netapp.o)
                0x0002572c                _sl_NetAppSendTokenValue
 .text._SlDrvNetAppEventHandler
                0x000257b4      0x148 ./../Libraries/WiFi/TI/../BCDS_Customization/debug/libWifiLib_efm32_debug.a(netapp.o)
                0x000257b4                _SlDrvNetAppEventHandler
 .text.sl_NetCfgSet
                0x000258fc       0x94 ./../Libraries/WiFi/TI/../BCDS_Customization/debug/libWifiLib_efm32_debug.a(netcfg.o)
                0x000258fc                sl_NetCfgSet
 .text.sl_NetCfgGet
                0x00025990       0xd8 ./../Libraries/WiFi/TI/../BCDS_Customization/debug/libWifiLib_efm32_debug.a(netcfg.o)
                0x00025990                sl_NetCfgGet
 .text._sl_BuildAddress
                0x00025a68       0x60 ./../Libraries/WiFi/TI/../BCDS_Customization/debug/libWifiLib_efm32_debug.a(socket.o)
 .text._sl_TruncatePayloadByProtocol
                0x00025ac8       0x44 ./../Libraries/WiFi/TI/../BCDS_Customization/debug/libWifiLib_efm32_debug.a(socket.o)
 .text.sl_Socket
                0x00025b0c       0x7c ./../Libraries/WiFi/TI/../BCDS_Customization/debug/libWifiLib_efm32_debug.a(socket.o)
                0x00025b0c                sl_Socket
 .text.sl_Close
                0x00025b88       0x5c ./../Libraries/WiFi/TI/../BCDS_Customization/debug/libWifiLib_efm32_debug.a(socket.o)
                0x00025b88                sl_Close
 .text.sl_SendTo
                0x00025be4      0x138 ./../Libraries/WiFi/TI/../BCDS_Customization/debug/libWifiLib_efm32_debug.a(socket.o)
                0x00025be4                sl_SendTo
 .text._sl_HandleAsync_Connect
                0x00025d1c       0xd4 ./../Libraries/WiFi/TI/../BCDS_Customization/debug/libWifiLib_efm32_debug.a(socket.o)
                0x00025d1c                _sl_HandleAsync_Connect
 .text.sl_Htonl
                0x00025df0       0x58 ./../Libraries/WiFi/TI/../BCDS_Customization/debug/libWifiLib_efm32_debug.a(socket.o)
                0x00025df0                sl_Htonl
 .text.sl_Htons
                0x00025e48       0x48 ./../Libraries/WiFi/TI/../BCDS_Customization/debug/libWifiLib_efm32_debug.a(socket.o)
                0x00025e48                sl_Htons
 .text._sl_HandleAsync_Accept
                0x00025e90       0xa8 ./../Libraries/WiFi/TI/../BCDS_Customization/debug/libWifiLib_efm32_debug.a(socket.o)
                0x00025e90                _sl_HandleAsync_Accept
 .text._sl_HandleAsync_Select
                0x00025f38       0x94 ./../Libraries/WiFi/TI/../BCDS_Customization/debug/libWifiLib_efm32_debug.a(socket.o)
                0x00025f38                _sl_HandleAsync_Select
 .text._SlDrvProtectAsyncRespSetting
                0x00025fcc       0x5c ./../Libraries/WiFi/TI/../BCDS_Customization/debug/libWifiLib_efm32_debug.a(driver.o)
                0x00025fcc                _SlDrvProtectAsyncRespSetting
 .text._SlDrvDriverCBInit
                0x00026028      0x25c ./../Libraries/WiFi/TI/../BCDS_Customization/debug/libWifiLib_efm32_debug.a(driver.o)
                0x00026028                _SlDrvDriverCBInit
 .text._SlDrvDriverCBDeinit
                0x00026284      0x190 ./../Libraries/WiFi/TI/../BCDS_Customization/debug/libWifiLib_efm32_debug.a(driver.o)
                0x00026284                _SlDrvDriverCBDeinit
 .text._SlDrvRxIrqHandler
                0x00026414       0x80 ./../Libraries/WiFi/TI/../BCDS_Customization/debug/libWifiLib_efm32_debug.a(driver.o)
                0x00026414                _SlDrvRxIrqHandler
 .text._SlDrvCmdOp
                0x00026494       0xe4 ./../Libraries/WiFi/TI/../BCDS_Customization/debug/libWifiLib_efm32_debug.a(driver.o)
                0x00026494                _SlDrvCmdOp
 .text._SlDrvDataWriteOp
                0x00026578      0x1c8 ./../Libraries/WiFi/TI/../BCDS_Customization/debug/libWifiLib_efm32_debug.a(driver.o)
                0x00026578                _SlDrvDataWriteOp
 .text._SlDrvMsgWrite
                0x00026740      0x248 ./../Libraries/WiFi/TI/../BCDS_Customization/debug/libWifiLib_efm32_debug.a(driver.o)
 .text._SlDrvMsgRead
                0x00026988      0x788 ./../Libraries/WiFi/TI/../BCDS_Customization/debug/libWifiLib_efm32_debug.a(driver.o)
 .text._SlAsyncEventGenericHandler
                0x00027110      0x120 ./../Libraries/WiFi/TI/../BCDS_Customization/debug/libWifiLib_efm32_debug.a(driver.o)
 .text._SlDrvMsgReadCmdCtx
                0x00027230      0x19c ./../Libraries/WiFi/TI/../BCDS_Customization/debug/libWifiLib_efm32_debug.a(driver.o)
 .text._SlDrvMsgReadSpawnCtx
                0x000273cc      0x10c ./../Libraries/WiFi/TI/../BCDS_Customization/debug/libWifiLib_efm32_debug.a(driver.o)
                0x000273cc                _SlDrvMsgReadSpawnCtx
 .text._SlDrvClassifyRxMsg
                0x000274d8       0xf0 ./../Libraries/WiFi/TI/../BCDS_Customization/debug/libWifiLib_efm32_debug.a(driver.o)
 .text._SlDrvRxHdrRead
                0x000275c8      0x2a4 ./../Libraries/WiFi/TI/../BCDS_Customization/debug/libWifiLib_efm32_debug.a(driver.o)
 .text._SlDrvCmdSend
                0x0002786c       0x9c ./../Libraries/WiFi/TI/../BCDS_Customization/debug/libWifiLib_efm32_debug.a(driver.o)
                0x0002786c                _SlDrvCmdSend
 .text._SlDrvWaitForPoolObj
                0x00027908      0x254 ./../Libraries/WiFi/TI/../BCDS_Customization/debug/libWifiLib_efm32_debug.a(driver.o)
                0x00027908                _SlDrvWaitForPoolObj
 .text._SlDrvReleasePoolObj
                0x00027b5c      0x2fc ./../Libraries/WiFi/TI/../BCDS_Customization/debug/libWifiLib_efm32_debug.a(driver.o)
                0x00027b5c                _SlDrvReleasePoolObj
 .text._SlRemoveFromList
                0x00027e58      0x114 ./../Libraries/WiFi/TI/../BCDS_Customization/debug/libWifiLib_efm32_debug.a(driver.o)
 .text._SlFindAndSetActiveObj
                0x00027f6c      0x1f4 ./../Libraries/WiFi/TI/../BCDS_Customization/debug/libWifiLib_efm32_debug.a(driver.o)
 .text._SlDrvDispatchHttpServerEvents
                0x00028160       0x1c ./../Libraries/WiFi/TI/../BCDS_Customization/debug/libWifiLib_efm32_debug.a(driver.o)
                0x00028160                _SlDrvDispatchHttpServerEvents
 .text._SlDrvSyncObjSignal
                0x0002817c       0x30 ./../Libraries/WiFi/TI/../BCDS_Customization/debug/libWifiLib_efm32_debug.a(driver.o)
                0x0002817c                _SlDrvSyncObjSignal
 .text._SlDrvObjLockWaitForever
                0x000281ac       0x34 ./../Libraries/WiFi/TI/../BCDS_Customization/debug/libWifiLib_efm32_debug.a(driver.o)
                0x000281ac                _SlDrvObjLockWaitForever
 .text._SlDrvProtectionObjLockWaitForever
                0x000281e0       0x40 ./../Libraries/WiFi/TI/../BCDS_Customization/debug/libWifiLib_efm32_debug.a(driver.o)
                0x000281e0                _SlDrvProtectionObjLockWaitForever
 .text._SlDrvObjUnLock
                0x00028220       0x30 ./../Libraries/WiFi/TI/../BCDS_Customization/debug/libWifiLib_efm32_debug.a(driver.o)
                0x00028220                _SlDrvObjUnLock
 .text._SlDrvProtectionObjUnLock
                0x00028250       0x3c ./../Libraries/WiFi/TI/../BCDS_Customization/debug/libWifiLib_efm32_debug.a(driver.o)
                0x00028250                _SlDrvProtectionObjUnLock
 .text._SlDrvObjGlobalLockWaitForever
                0x0002828c       0x3c ./../Libraries/WiFi/TI/../BCDS_Customization/debug/libWifiLib_efm32_debug.a(driver.o)
 .text._SlDrvGlobalObjUnLock
                0x000282c8       0x3c ./../Libraries/WiFi/TI/../BCDS_Customization/debug/libWifiLib_efm32_debug.a(driver.o)
                0x000282c8                _SlDrvGlobalObjUnLock
 .text._SlDrvMemZero
                0x00028304       0x24 ./../Libraries/WiFi/TI/../BCDS_Customization/debug/libWifiLib_efm32_debug.a(driver.o)
                0x00028304                _SlDrvMemZero
 .text._SlDrvResetCmdExt
                0x00028328       0x1c ./../Libraries/WiFi/TI/../BCDS_Customization/debug/libWifiLib_efm32_debug.a(driver.o)
                0x00028328                _SlDrvResetCmdExt
 .text._SlDrvSyncObjWaitForever
                0x00028344       0x38 ./../Libraries/WiFi/TI/../BCDS_Customization/debug/libWifiLib_efm32_debug.a(driver.o)
                0x00028344                _SlDrvSyncObjWaitForever
 .text._SlDrvSyncObjWaitTimeout
                0x0002837c       0x58 ./../Libraries/WiFi/TI/../BCDS_Customization/debug/libWifiLib_efm32_debug.a(driver.o)
                0x0002837c                _SlDrvSyncObjWaitTimeout
 .text._SlDriverHandleError
                0x000283d4       0xb4 ./../Libraries/WiFi/TI/../BCDS_Customization/debug/libWifiLib_efm32_debug.a(driver.o)
                0x000283d4                _SlDriverHandleError
 .text._sl_GetStartResponseConvert
                0x00028488       0x28 ./../Libraries/WiFi/TI/../BCDS_Customization/debug/libWifiLib_efm32_debug.a(device.o)
 .text.sl_Start
                0x000284b0      0x130 ./../Libraries/WiFi/TI/../BCDS_Customization/debug/libWifiLib_efm32_debug.a(device.o)
                0x000284b0                sl_Start
 .text._sl_HandleAsync_InitComplete
                0x000285e0       0xe8 ./../Libraries/WiFi/TI/../BCDS_Customization/debug/libWifiLib_efm32_debug.a(device.o)
                0x000285e0                _sl_HandleAsync_InitComplete
 .text._sl_HandleAsync_Stop
                0x000286c8       0x90 ./../Libraries/WiFi/TI/../BCDS_Customization/debug/libWifiLib_efm32_debug.a(device.o)
                0x000286c8                _sl_HandleAsync_Stop
 .text.sl_Stop  0x00028758      0x110 ./../Libraries/WiFi/TI/../BCDS_Customization/debug/libWifiLib_efm32_debug.a(device.o)
                0x00028758                sl_Stop
 .text._SlDrvDeviceEventHandler
                0x00028868       0xb8 ./../Libraries/WiFi/TI/../BCDS_Customization/debug/libWifiLib_efm32_debug.a(device.o)
                0x00028868                _SlDrvDeviceEventHandler
 .text.NetworkConfig_SlNetAppEvtHdlr
                0x00028920       0xa0 ./../Platform/Wlan/debug/libWlan_efm32_debug.a(NetworkConfig.o)
                0x00028920                NetworkConfig_SlNetAppEvtHdlr
 .text.NetworkConfig_GetIpStatus
                0x000289c0       0x18 ./../Platform/Wlan/debug/libWlan_efm32_debug.a(NetworkConfig.o)
                0x000289c0                NetworkConfig_GetIpStatus
 .text.NetworkConfig_SetIpStatus
                0x000289d8       0x20 ./../Platform/Wlan/debug/libWlan_efm32_debug.a(NetworkConfig.o)
                0x000289d8                NetworkConfig_SetIpStatus
 .text.NetworkConfig_GetIpSettings
                0x000289f8       0xc0 ./../Platform/Wlan/debug/libWlan_efm32_debug.a(NetworkConfig.o)
                0x000289f8                NetworkConfig_GetIpSettings
 .text.NetworkConfig_SetIpDhcp
                0x00028ab8       0xb4 ./../Platform/Wlan/debug/libWlan_efm32_debug.a(NetworkConfig.o)
                0x00028ab8                NetworkConfig_SetIpDhcp
 .text.connectNonBlockingCall
                0x00028b6c      0x18c ./../Platform/Wlan/debug/libWlan_efm32_debug.a(WlanConnect.o)
 .text.connectBlockingCall
                0x00028cf8       0xd0 ./../Platform/Wlan/debug/libWlan_efm32_debug.a(WlanConnect.o)
 .text.WlanConnect_SlGeneralEventHdlr
                0x00028dc8       0x9c ./../Platform/Wlan/debug/libWlan_efm32_debug.a(WlanConnect.o)
                0x00028dc8                WlanConnect_SlGeneralEventHdlr
 .text.WlanConnect_SLWlanEventHdlr
                0x00028e64       0x6c ./../Platform/Wlan/debug/libWlan_efm32_debug.a(WlanConnect.o)
                0x00028e64                WlanConnect_SLWlanEventHdlr
 .text.WlanConnect_GetInitStatus
                0x00028ed0       0x18 ./../Platform/Wlan/debug/libWlan_efm32_debug.a(WlanConnect.o)
                0x00028ed0                WlanConnect_GetInitStatus
 .text.WlanConnect_Init
                0x00028ee8       0xf4 ./../Platform/Wlan/debug/libWlan_efm32_debug.a(WlanConnect.o)
                0x00028ee8                WlanConnect_Init
 .text.NonBlockingTimer
                0x00028fdc       0xb0 ./../Platform/Wlan/debug/libWlan_efm32_debug.a(WlanConnect.o)
                0x00028fdc                NonBlockingTimer
 .text.WlanConnect_WPA
                0x0002908c       0xe0 ./../Platform/Wlan/debug/libWlan_efm32_debug.a(WlanConnect.o)
                0x0002908c                WlanConnect_WPA
 .text.BITBAND_Peripheral
                0x0002916c       0x30 ./../Platform/Wlan/debug/libWlan_efm32_debug.a(WlanDriver.o)
 .text.GPIO_PinOutClear
                0x0002919c       0x4c ./../Platform/Wlan/debug/libWlan_efm32_debug.a(WlanDriver.o)
 .text.GPIO_PinOutSet
                0x000291e8       0x4c ./../Platform/Wlan/debug/libWlan_efm32_debug.a(WlanDriver.o)
 .text.DelayAPI
                0x00029234       0x48 ./../Platform/Wlan/debug/libWlan_efm32_debug.a(WlanDriver.o)
 .text.CreateSpawnQAndTask
                0x0002927c       0x98 ./../Platform/Wlan/debug/libWlan_efm32_debug.a(WlanDriver.o)
 .text.WifiInterruptCallback
                0x00029314       0x24 ./../Platform/Wlan/debug/libWlan_efm32_debug.a(WlanDriver.o)
 .text.WlanDriver_Init
                0x00029338       0xc8 ./../Platform/Wlan/debug/libWlan_efm32_debug.a(WlanDriver.o)
                0x00029338                WlanDriver_Init
 .text.WlanDriver_RegInterruptHdlr
                0x00029400       0x34 ./../Platform/Wlan/debug/libWlan_efm32_debug.a(WlanDriver.o)
                0x00029400                WlanDriver_RegInterruptHdlr
 .text.WlanDriver_DeviceDisable
                0x00029434       0x14 ./../Platform/Wlan/debug/libWlan_efm32_debug.a(WlanDriver.o)
                0x00029434                WlanDriver_DeviceDisable
 .text.WlanDriver_DeviceEnable
                0x00029448       0x14 ./../Platform/Wlan/debug/libWlan_efm32_debug.a(WlanDriver.o)
                0x00029448                WlanDriver_DeviceEnable
 .text.WlanDriver_InterruptEnable
                0x0002945c       0x1c ./../Platform/Wlan/debug/libWlan_efm32_debug.a(WlanDriver.o)
                0x0002945c                WlanDriver_InterruptEnable
 .text.WlanDriver_InterruptDisable
                0x00029478       0x1c ./../Platform/Wlan/debug/libWlan_efm32_debug.a(WlanDriver.o)
                0x00029478                WlanDriver_InterruptDisable
 .text.WlanDriver_SlHttpServerCb
                0x00029494       0x14 ./../Platform/Wlan/debug/libWlan_efm32_debug.a(WlanDriver.o)
                0x00029494                WlanDriver_SlHttpServerCb
 .text.WlanDriver_SpiClose
                0x000294a8       0x3c ./../Platform/Wlan/debug/libWlan_efm32_debug.a(WlanDriver.o)
                0x000294a8                WlanDriver_SpiClose
 .text.WlanDriver_SpiOpen
                0x000294e4       0xd8 ./../Platform/Wlan/debug/libWlan_efm32_debug.a(WlanDriver.o)
                0x000294e4                WlanDriver_SpiOpen
 .text.WlanDriver_SpiWrite
                0x000295bc       0x60 ./../Platform/Wlan/debug/libWlan_efm32_debug.a(WlanDriver.o)
                0x000295bc                WlanDriver_SpiWrite
 .text.WlanDriver_SpiRead
                0x0002961c       0x58 ./../Platform/Wlan/debug/libWlan_efm32_debug.a(WlanDriver.o)
                0x0002961c                WlanDriver_SpiRead
 .text.WlanDriver_OsSyncObjectCreate
                0x00029674       0x3c ./../Platform/Wlan/debug/libWlan_efm32_debug.a(WlanDriver.o)
                0x00029674                WlanDriver_OsSyncObjectCreate
 .text.WlanDriver_OsSyncObjectDelete
                0x000296b0       0x30 ./../Platform/Wlan/debug/libWlan_efm32_debug.a(WlanDriver.o)
                0x000296b0                WlanDriver_OsSyncObjectDelete
 .text.WlanDriver_OsSyncObjectSignal
                0x000296e0       0x3c ./../Platform/Wlan/debug/libWlan_efm32_debug.a(WlanDriver.o)
                0x000296e0                WlanDriver_OsSyncObjectSignal
 .text.WlanDriver_OsSyncSignalFromISR
                0x0002971c       0x5c ./../Platform/Wlan/debug/libWlan_efm32_debug.a(WlanDriver.o)
                0x0002971c                WlanDriver_OsSyncSignalFromISR
 .text.WlanDriver_OsSyncObjectWait
                0x00029778       0x44 ./../Platform/Wlan/debug/libWlan_efm32_debug.a(WlanDriver.o)
                0x00029778                WlanDriver_OsSyncObjectWait
 .text.WlanDriver_OsLockObjectCreate
                0x000297bc       0x34 ./../Platform/Wlan/debug/libWlan_efm32_debug.a(WlanDriver.o)
                0x000297bc                WlanDriver_OsLockObjectCreate
 .text.WlanDriver_OsLockObjectDelete
                0x000297f0       0x2c ./../Platform/Wlan/debug/libWlan_efm32_debug.a(WlanDriver.o)
                0x000297f0                WlanDriver_OsLockObjectDelete
 .text.WlanDriver_OsLockObjectWait
                0x0002981c       0x38 ./../Platform/Wlan/debug/libWlan_efm32_debug.a(WlanDriver.o)
                0x0002981c                WlanDriver_OsLockObjectWait
 .text.WlanDriver_OsLockUnlock
                0x00029854       0x44 ./../Platform/Wlan/debug/libWlan_efm32_debug.a(WlanDriver.o)
                0x00029854                WlanDriver_OsLockUnlock
 .text.WlanDriver_SimpleLinkSpawnTask
                0x00029898       0x68 ./../Platform/Wlan/debug/libWlan_efm32_debug.a(WlanDriver.o)
                0x00029898                WlanDriver_SimpleLinkSpawnTask
 .text.WlanDriver_OsiSpawn
                0x00029900       0x68 ./../Platform/Wlan/debug/libWlan_efm32_debug.a(WlanDriver.o)
                0x00029900                WlanDriver_OsiSpawn
 .text.Retcode_getPackage
                0x00029968       0x1c ./../Platform/Sensors/debug/libSensors_efm32_debug.a(Environmental.o)
 .text.bme280LibErrorMapping
                0x00029984       0x48 ./../Platform/Sensors/debug/libSensors_efm32_debug.a(Environmental.o)
 .text.Environmental_init
                0x000299cc       0xa4 ./../Platform/Sensors/debug/libSensors_efm32_debug.a(Environmental.o)
                0x000299cc                Environmental_init
 .text.Environmental_readData
                0x00029a70       0xe0 ./../Platform/Sensors/debug/libSensors_efm32_debug.a(Environmental.o)
                0x00029a70                Environmental_readData
 .text.Retcode_getPackage
                0x00029b50       0x1c ./../Platform/Sensors/debug/libSensors_efm32_debug.a(Gyroscope.o)
 .text.bmg160LibErrorMapping
                0x00029b6c       0x48 ./../Platform/Sensors/debug/libSensors_efm32_debug.a(Gyroscope.o)
 .text.BMI160_libErrorMapping
                0x00029bb4       0x48 ./../Platform/Sensors/debug/libSensors_efm32_debug.a(Gyroscope.o)
 .text.Gyroscope_init
                0x00029bfc       0xd0 ./../Platform/Sensors/debug/libSensors_efm32_debug.a(Gyroscope.o)
                0x00029bfc                Gyroscope_init
 .text.Gyroscope_setBandwidth
                0x00029ccc      0x148 ./../Platform/Sensors/debug/libSensors_efm32_debug.a(Gyroscope.o)
                0x00029ccc                Gyroscope_setBandwidth
 .text.Gyroscope_setRange
                0x00029e14      0x158 ./../Platform/Sensors/debug/libSensors_efm32_debug.a(Gyroscope.o)
                0x00029e14                Gyroscope_setRange
 .text.Gyroscope_setMode
                0x00029f6c      0x124 ./../Platform/Sensors/debug/libSensors_efm32_debug.a(Gyroscope.o)
                0x00029f6c                Gyroscope_setMode
 .text.Gyroscope_readXyzValue
                0x0002a090      0x1b4 ./../Platform/Sensors/debug/libSensors_efm32_debug.a(Gyroscope.o)
                0x0002a090                Gyroscope_readXyzValue
 .text.Retcode_getPackage
                0x0002a244       0x1c ./../Platform/Sensors/debug/libSensors_efm32_debug.a(Accelerometer.o)
 .text.bma2x2LibErrorMapping
                0x0002a260       0x48 ./../Platform/Sensors/debug/libSensors_efm32_debug.a(Accelerometer.o)
 .text.bmi160LibErrorMapping
                0x0002a2a8       0x48 ./../Platform/Sensors/debug/libSensors_efm32_debug.a(Accelerometer.o)
 .text.Accelerometer_init
                0x0002a2f0       0xd0 ./../Platform/Sensors/debug/libSensors_efm32_debug.a(Accelerometer.o)
                0x0002a2f0                Accelerometer_init
 .text.Accelerometer_setBandwidth
                0x0002a3c0      0x160 ./../Platform/Sensors/debug/libSensors_efm32_debug.a(Accelerometer.o)
                0x0002a3c0                Accelerometer_setBandwidth
 .text.Accelerometer_setMode
                0x0002a520      0x124 ./../Platform/Sensors/debug/libSensors_efm32_debug.a(Accelerometer.o)
                0x0002a520                Accelerometer_setMode
 .text.Accelerometer_readXyzLsbValue
                0x0002a644      0x1a4 ./../Platform/Sensors/debug/libSensors_efm32_debug.a(Accelerometer.o)
                0x0002a644                Accelerometer_readXyzLsbValue
 .text.Accelerometer_readXyzGValue
                0x0002a7e8      0x3a8 ./../Platform/Sensors/debug/libSensors_efm32_debug.a(Accelerometer.o)
                0x0002a7e8                Accelerometer_readXyzGValue
 .text.Retcode_getPackage
                0x0002ab90       0x1c ./../Platform/Sensors/debug/libSensors_efm32_debug.a(LightSensor.o)
 .text.LightSensor_init
                0x0002abac       0xa4 ./../Platform/Sensors/debug/libSensors_efm32_debug.a(LightSensor.o)
                0x0002abac                LightSensor_init
 .text.LightSensor_setManualMode
                0x0002ac50       0xbc ./../Platform/Sensors/debug/libSensors_efm32_debug.a(LightSensor.o)
                0x0002ac50                LightSensor_setManualMode
 .text.LightSensor_setContinuousMode
                0x0002ad0c       0xbc ./../Platform/Sensors/debug/libSensors_efm32_debug.a(LightSensor.o)
                0x0002ad0c                LightSensor_setContinuousMode
 .text.LightSensor_setIntegrationTime
                0x0002adc8       0xbc ./../Platform/Sensors/debug/libSensors_efm32_debug.a(LightSensor.o)
                0x0002adc8                LightSensor_setIntegrationTime
 .text.LightSensor_setBrightness
                0x0002ae84       0xbc ./../Platform/Sensors/debug/libSensors_efm32_debug.a(LightSensor.o)
                0x0002ae84                LightSensor_setBrightness
 .text.LightSensor_readLuxData
                0x0002af40       0xb8 ./../Platform/Sensors/debug/libSensors_efm32_debug.a(LightSensor.o)
                0x0002af40                LightSensor_readLuxData
 .text.Retcode_getPackage
                0x0002aff8       0x1c ./../Platform/Sensors/debug/libSensors_efm32_debug.a(Magnetometer.o)
 .text.bmm150LibErrorMapping
                0x0002b014       0x48 ./../Platform/Sensors/debug/libSensors_efm32_debug.a(Magnetometer.o)
 .text.readMagData
                0x0002b05c       0x80 ./../Platform/Sensors/debug/libSensors_efm32_debug.a(Magnetometer.o)
 .text.Magnetometer_init
                0x0002b0dc       0xa4 ./../Platform/Sensors/debug/libSensors_efm32_debug.a(Magnetometer.o)
                0x0002b0dc                Magnetometer_init
 .text.Magnetometer_setPowerMode
                0x0002b180       0xd8 ./../Platform/Sensors/debug/libSensors_efm32_debug.a(Magnetometer.o)
                0x0002b180                Magnetometer_setPowerMode
 .text.Magnetometer_setPresetMode
                0x0002b258       0xd8 ./../Platform/Sensors/debug/libSensors_efm32_debug.a(Magnetometer.o)
                0x0002b258                Magnetometer_setPresetMode
 .text.Magnetometer_setDataRate
                0x0002b330       0xd8 ./../Platform/Sensors/debug/libSensors_efm32_debug.a(Magnetometer.o)
                0x0002b330                Magnetometer_setDataRate
 .text.Magnetometer_readXyzLsbData
                0x0002b408      0x114 ./../Platform/Sensors/debug/libSensors_efm32_debug.a(Magnetometer.o)
                0x0002b408                Magnetometer_readXyzLsbData
 .text.Magnetometer_readXyzTeslaData
                0x0002b51c      0x124 ./../Platform/Sensors/debug/libSensors_efm32_debug.a(Magnetometer.o)
                0x0002b51c                Magnetometer_readXyzTeslaData
 .text.BCDS_getSensorErrorCode
                0x0002b640       0x68 ./../Platform/Sensors/debug/libSensors_efm32_debug.a(SensorErrorType.o)
                0x0002b640                BCDS_getSensorErrorCode
 .text.Retcode_getPackage
                0x0002b6a8       0x1c ./../Platform/SensorUtils/debug/libSensorUtils_efm32_debug.a(Bma280Utils.o)
 .text.GPIO_PinOutSet
                0x0002b6c4       0x4c ./../Platform/SensorUtils/debug/libSensorUtils_efm32_debug.a(Bma280Utils.o)
 .text.libErrorMapping
                0x0002b710       0x48 ./../Platform/SensorUtils/debug/libSensorUtils_efm32_debug.a(Bma280Utils.o)
 .text.Bma280Utils_initialize
                0x0002b758      0x27c ./../Platform/SensorUtils/debug/libSensorUtils_efm32_debug.a(Bma280Utils.o)
                0x0002b758                Bma280Utils_initialize
 .text.Bma280Utils_remapAxis
                0x0002b9d4       0xb0 ./../Platform/SensorUtils/debug/libSensorUtils_efm32_debug.a(Bma280Utils.o)
                0x0002b9d4                Bma280Utils_remapAxis
 .text.AxisRemap_remapSensorData
                0x0002ba84      0x184 ./../Platform/SensorUtils/debug/libSensorUtils_efm32_debug.a(AxisRemap.o)
                0x0002ba84                AxisRemap_remapSensorData
 .text.Retcode_getPackage
                0x0002bc08       0x1c ./../Platform/SensorUtils/debug/libSensorUtils_efm32_debug.a(Bmi160Utils.o)
 .text.GPIO_PinOutSet
                0x0002bc24       0x4c ./../Platform/SensorUtils/debug/libSensorUtils_efm32_debug.a(Bmi160Utils.o)
 .text.libErrorMapping
                0x0002bc70       0x48 ./../Platform/SensorUtils/debug/libSensorUtils_efm32_debug.a(Bmi160Utils.o)
 .text.Bmi160Utils_initialize
                0x0002bcb8      0x294 ./../Platform/SensorUtils/debug/libSensorUtils_efm32_debug.a(Bmi160Utils.o)
                0x0002bcb8                Bmi160Utils_initialize
 .text.Bmi160Utils_remapAxis
                0x0002bf4c       0xb0 ./../Platform/SensorUtils/debug/libSensorUtils_efm32_debug.a(Bmi160Utils.o)
                0x0002bf4c                Bmi160Utils_remapAxis
 .text.Retcode_getPackage
                0x0002bffc       0x1c ./../Platform/SensorUtils/debug/libSensorUtils_efm32_debug.a(Bmg160Utils.o)
 .text.GPIO_PinOutSet
                0x0002c018       0x4c ./../Platform/SensorUtils/debug/libSensorUtils_efm32_debug.a(Bmg160Utils.o)
 .text.libErrorMapping
                0x0002c064       0x48 ./../Platform/SensorUtils/debug/libSensorUtils_efm32_debug.a(Bmg160Utils.o)
 .text.Bmg160Utils_initialize
                0x0002c0ac      0x25c ./../Platform/SensorUtils/debug/libSensorUtils_efm32_debug.a(Bmg160Utils.o)
                0x0002c0ac                Bmg160Utils_initialize
 .text.Bmg160Utils_remapAxis
                0x0002c308       0xb0 ./../Platform/SensorUtils/debug/libSensorUtils_efm32_debug.a(Bmg160Utils.o)
                0x0002c308                Bmg160Utils_remapAxis
 .text.Retcode_getPackage
                0x0002c3b8       0x1c ./../Platform/SensorUtils/debug/libSensorUtils_efm32_debug.a(Bme280Utils.o)
 .text.GPIO_PinOutSet
                0x0002c3d4       0x4c ./../Platform/SensorUtils/debug/libSensorUtils_efm32_debug.a(Bme280Utils.o)
 .text.libErrorMapping
                0x0002c420       0x48 ./../Platform/SensorUtils/debug/libSensorUtils_efm32_debug.a(Bme280Utils.o)
 .text.Bme280Utils_initialize
                0x0002c468      0x20c ./../Platform/SensorUtils/debug/libSensorUtils_efm32_debug.a(Bme280Utils.o)
                0x0002c468                Bme280Utils_initialize
 .text.Retcode_getPackage
                0x0002c674       0x1c ./../Platform/SensorUtils/debug/libSensorUtils_efm32_debug.a(Bmm150Utils.o)
 .text.GPIO_PinOutSet
                0x0002c690       0x4c ./../Platform/SensorUtils/debug/libSensorUtils_efm32_debug.a(Bmm150Utils.o)
 .text.libErrorMapping
                0x0002c6dc       0x48 ./../Platform/SensorUtils/debug/libSensorUtils_efm32_debug.a(Bmm150Utils.o)
 .text.Bmm150Utils_initialize
                0x0002c724      0x1bc ./../Platform/SensorUtils/debug/libSensorUtils_efm32_debug.a(Bmm150Utils.o)
                0x0002c724                Bmm150Utils_initialize
 .text.Bmm150Utils_remapAxis
                0x0002c8e0       0xb0 ./../Platform/SensorUtils/debug/libSensorUtils_efm32_debug.a(Bmm150Utils.o)
                0x0002c8e0                Bmm150Utils_remapAxis
 .text.Retcode_getPackage
                0x0002c990       0x1c ./../Platform/SensorUtils/debug/libSensorUtils_efm32_debug.a(Max44009Utils.o)
 .text.GPIO_PinOutSet
                0x0002c9ac       0x4c ./../Platform/SensorUtils/debug/libSensorUtils_efm32_debug.a(Max44009Utils.o)
 .text.libErrorMapping
                0x0002c9f8       0x40 ./../Platform/SensorUtils/debug/libSensorUtils_efm32_debug.a(Max44009Utils.o)
 .text.Max44009Utils_initialize
                0x0002ca38      0x238 ./../Platform/SensorUtils/debug/libSensorUtils_efm32_debug.a(Max44009Utils.o)
                0x0002ca38                Max44009Utils_initialize
 .text.xQueueGenericReset
                0x0002cc70       0xc8 ./../Libraries/FreeRTOS/FreeRTOS/../BCDS_Customization/debug/libFreeRTOS_efm32_debug.a(queue.o)
                0x0002cc70                xQueueGenericReset
 .text.xQueueGenericCreate
                0x0002cd38       0x90 ./../Libraries/FreeRTOS/FreeRTOS/../BCDS_Customization/debug/libFreeRTOS_efm32_debug.a(queue.o)
                0x0002cd38                xQueueGenericCreate
 .text.xQueueCreateMutex
                0x0002cdc8       0xb0 ./../Libraries/FreeRTOS/FreeRTOS/../BCDS_Customization/debug/libFreeRTOS_efm32_debug.a(queue.o)
                0x0002cdc8                xQueueCreateMutex
 .text.xQueueGenericSend
                0x0002ce78      0x19c ./../Libraries/FreeRTOS/FreeRTOS/../BCDS_Customization/debug/libFreeRTOS_efm32_debug.a(queue.o)
                0x0002ce78                xQueueGenericSend
 .text.xQueueGenericSendFromISR
                0x0002d014       0xec ./../Libraries/FreeRTOS/FreeRTOS/../BCDS_Customization/debug/libFreeRTOS_efm32_debug.a(queue.o)
                0x0002d014                xQueueGenericSendFromISR
 .text.xQueueGenericReceive
                0x0002d100      0x1e0 ./../Libraries/FreeRTOS/FreeRTOS/../BCDS_Customization/debug/libFreeRTOS_efm32_debug.a(queue.o)
                0x0002d100                xQueueGenericReceive
 .text.xQueueReceiveFromISR
                0x0002d2e0       0xcc ./../Libraries/FreeRTOS/FreeRTOS/../BCDS_Customization/debug/libFreeRTOS_efm32_debug.a(queue.o)
                0x0002d2e0                xQueueReceiveFromISR